Wed Jul  8 01:04:20 UTC 2026
command_id=hybrid_ilmn_ont_snv
session=ccv_live_hybrid_ilmn_ont_snv_20260707T211600Z
source_path=/fsx/analysis_results/ubuntu/ccv_live_hybrid_ilmn_ont_snv_20260707T211600Z
destination_s3_uri=s3://lsmc-ssf-sequencing-data/derived/command-catalog/dyec-10.0.103/dayoa-10.0.64/20260707T144453Z/ubuntu/ccv_live_hybrid_ilmn_ont_snv_20260707T211600Z/

── EXPORT ──
  › Preparing direct FSx export DRA
2026-07-07 18:04:20,856 INFO Found credentials in shared credentials file: ~/.aws/credentials
  · Attached export DRA dra-0af6b429305a49456 at 
/fsx/analysis_results/ubuntu/ccv_live_hybrid_ilmn_ont_snv_20260707T211600Z/
2026-07-07 18:07:29,380 INFO Task task-00bd9d8a4fb514407 status: PENDING
2026-07-07 18:07:59,806 INFO Task task-00bd9d8a4fb514407 status: EXECUTING
2026-07-07 18:08:30,170 INFO Task task-00bd9d8a4fb514407 status: EXECUTING
2026-07-07 18:09:00,601 INFO Task task-00bd9d8a4fb514407 status: SUCCEEDED
2026-07-07 18:09:16,373 INFO Wrote export status to /Users/jmajor/projects/lsmc/daylily-ephemeral-cluster/docs/plans/20260707T144453Z_success_exports/hybrid_ilmn_ont_snv/fsx_export.yaml

╭────────────────────────────── Export complete ───────────────────────────────╮
│                                                                              │
│  Cluster: cmdcat-103-all-20260707                                            │
│  FSx: fs-0e89a93ffac2f0d93                                                   │
│  Source:                                                                     │
│  /analysis_results/ubuntu/ccv_live_hybrid_ilmn_ont_snv_20260707T211600Z/     │
│  S3:                                                                         │
│  s3://lsmc-ssf-sequencing-data/derived/command-catalog/dyec-10.0.103/dayoa-  │
│  10.0.64/20260707T144453Z/ubuntu/ccv_live_hybrid_ilmn_ont_snv_20260707T2116  │
│  00Z/                                                                        │
│  Status file:                                                                │
│  /Users/jmajor/projects/lsmc/daylily-ephemeral-cluster/docs/plans/20260707T  │
│  144453Z_success_exports/hybrid_ilmn_ont_snv/fsx_export.yaml                 │
│                                                                              │
╰──────────────────────────────────────────────────────────────────────────────╯
Wed Jul  8 01:09:16 UTC 2026
