DAY-EC activated.
DAY-EC activated.
    reason: Missing output files: results/day/hg38_broad/TVBHUO5X5X-HG003-UG5x-ONT5x-1-D0-PF-UG-ULTIMA/align/ug/na/alignqc/alignstats/TVBHUO5X5X-HG003-UG5x-ONT5x-1-D0-PF-UG-ULTIMA.ug.na.alignstats.tsv; Input files updated by another job: results/day/hg38_broad/TVBHUO5X5X-HG003-UG5x-ONT5x-1-D0-PF-UG-ULTIMA/align/ug/na/alignqc/alignstats/TVBHUO5X5X-HG003-UG5x-ONT5x-1-D0-PF-UG-ULTIMA.ug.na.alignstats.json
    wildcards: sample=TVBHUO5X5X-HG003-UG5x-ONT5x-1-D0-PF-UG-ULTIMA, alnr=ug, ddup=na
    threads: 2
    resources: mem_mb=3000, mem_mib=2862, disk_mb=1000, disk_mib=954, tmpdir=/dev/shm, threads=1, time=5440, partition=i192,i128,i192mem, vcpu=1, distribution=block, exclusive=, constraint=, exclude=, include=

loading global: /fsx/analysis_results/ubuntu/tcc_hybrid_ultima_ont_snv_5x5x_fix/daylily-omics-analysis/config/global_AWSPC.yaml
loading profile rule_config: /fsx/analysis_results/ubuntu/tcc_hybrid_ultima_ont_snv_5x5x_fix/daylily-omics-analysis/config/day_profiles/slurm/rule_config.yaml
INFO::: The genome build hg38_broad is supported.  The genome build prefix is 'chr''.
...WARNING: No aligners set in the config.
aligners (final): []
...INFO: No dedupers set in config. Defaulting to na (no dedup).
deduper (final): [na]
...WARNING: No snv_callers set in the config.
...INFO: Auto-detected SNV callers from env: ['sentdhuomr']
SNV Callers (final): [sentdhuomr]
Somatic SNV Callers:[senttn]
... WARNING: No sv_callers set in the config.
SV Callers (final): []
A    N   A   L  Y S I S    SAMPLE TABLE DETECTED ::: /fsx/analysis_results/ubuntu/tcc_hybrid_ultima_ont_snv_5x5x_fix/daylily-omics-analysis/config/samples.tsv
A    N   A   L  Y S I S    UNIT TABLE DETECTED ::: /fsx/analysis_results/ubuntu/tcc_hybrid_ultima_ont_snv_5x5x_fix/daylily-omics-analysis/config/units.tsv
Building DAG of jobs...
Using shell: /home/ubuntu/miniconda3/envs/DAY-EC/bin/bash
Provided cores: 8
Rules claiming more threads will be scaled down.
Provided resources: mem_mb=3000, mem_mib=2862, disk_mb=1000, disk_mib=954, threads=1, time=5440, vcpu=1
Select jobs to execute...
[Tue May 26 06:41:16 2026]
Finished job 53.
12 of 59 steps (20%) done
Select jobs to execute...

[Tue May 26 06:41:16 2026]
localrule alignstats_gather:
    input: results/day/hg38_broad/TVBHUO5X5X-HG003-UG5x-ONT5x-1-D0-PF-UG-ULTIMA/align/ug/na/alignqc/alignstats/TVBHUO5X5X-HG003-UG5x-ONT5x-1-D0-PF-UG-ULTIMA.ug.na.alignstats.tsv, results/day/hg38_broad/TVBHUO5X5X-HG003-UG5x-ONT5x-1-D0-PF-UG-ULTIMA/align/ont/na/alignqc/alignstats/TVBHUO5X5X-HG003-UG5x-ONT5x-1-D0-PF-UG-ULTIMA.ont.na.alignstats.tsv
    output: results/day/hg38_broad/other_reports/alignstats_summary_gather.done, results/day/hg38_broad/benchmarks/all.alignstats_summary.bench.tsv
    log: results/day/hg38_broad/logs/alignstats_summary_gather.log
    jobid: 52
    benchmark: results/day/hg38_broad/benchmarks/all.alignstats_summary.bench.tsv
    reason: Missing output files: results/day/hg38_broad/other_reports/alignstats_summary_gather.done; Input files updated by another job: results/day/hg38_broad/TVBHUO5X5X-HG003-UG5x-ONT5x-1-D0-PF-UG-ULTIMA/align/ug/na/alignqc/alignstats/TVBHUO5X5X-HG003-UG5x-ONT5x-1-D0-PF-UG-ULTIMA.ug.na.alignstats.tsv, results/day/hg38_broad/TVBHUO5X5X-HG003-UG5x-ONT5x-1-D0-PF-UG-ULTIMA/align/ont/na/alignqc/alignstats/TVBHUO5X5X-HG003-UG5x-ONT5x-1-D0-PF-UG-ULTIMA.ont.na.alignstats.tsv
    resources: mem_mb=3000, mem_mib=2862, disk_mb=1000, disk_mib=954, tmpdir=/dev/shm, threads=1, time=5440, partition=i192,i128,i192mem, vcpu=1, distribution=block, exclusive=, constraint=, exclude=, include=

 touch results/day/hg38_broad/other_reports/alignstats_summary_gather.done; touch results/day/hg38_broad/benchmarks/all.alignstats_summary.bench.tsv
Activating conda environment: ../../../../resources/environments/conda/ubuntu/ip-10-0-0-213/e84f3c1707f3bd2a96ae99a977d45c91_
[Tue May 26 06:41:17 2026]
Finished job 52.
13 of 59 steps (22%) done
Select jobs to execute...

[Tue May 26 06:41:17 2026]
localrule alignstats_compile:
    input: results/day/hg38_broad/other_reports/alignstats_summary_gather.done
    output: results/day/hg38_broad/other_reports/alignstats_bsummary.tsv, results/day/hg38_broad/other_reports/alignstats_csummary.tsv, results/day/hg38_broad/other_reports/alignstats_combo_mqc.tsv, results/day/hg38_broad/other_reports/alignstats_gs_mqc.tsv
    log: results/day/hg38_broad/logs/alignstats_summary_compile.log
    jobid: 51
    benchmark: results/day/hg38_broad/benchmarks/all.alignstats_smmary_compile.bench.tsv
    reason: Missing output files: results/day/hg38_broad/other_reports/alignstats_bsummary.tsv; Input files updated by another job: results/day/hg38_broad/other_reports/alignstats_summary_gather.done
    threads: 2
    resources: mem_mb=3000, mem_mib=2862, disk_mb=1000, disk_mib=954, tmpdir=/dev/shm, threads=1, time=5440, partition=i192,i128,i192mem, vcpu=1, distribution=block, exclusive=, constraint=, exclude=, include=


        set -euo pipefail
        python workflow/scripts/compile_alignstats.py           --mdir results/day/hg38_broad/           --log results/day/hg38_broad/logs/alignstats_summary_compile.log           --bsummary results/day/hg38_broad/other_reports/alignstats_bsummary.tsv           --csummary results/day/hg38_broad/other_reports/alignstats_csummary.tsv           --combo results/day/hg38_broad/other_reports/alignstats_combo_mqc.tsv           --generalstats results/day/hg38_broad/other_reports/alignstats_gs_mqc.tsv
        
[Tue May 26 06:41:17 2026]
Finished job 51.
14 of 59 steps (24%) done
Removing temporary output results/day/hg38_broad/other_reports/alignstats_csummary.tsv.
Select jobs to execute...

[Tue May 26 06:41:17 2026]
localrule produce_alignstats:
    input: results/day/hg38_broad/other_reports/alignstats_bsummary.tsv
    jobid: 50
    reason: Input files updated by another job: results/day/hg38_broad/other_reports/alignstats_bsummary.tsv
    resources: mem_mb=3000, mem_mib=2862, disk_mb=1000, disk_mib=954, tmpdir=/dev/shm, threads=1, time=5440, partition=i192,i128,i192mem, vcpu=1, distribution=block, exclusive=, constraint=, exclude=, include=

[Tue May 26 06:41:17 2026]
Finished job 50.
15 of 59 steps (25%) done
Removing temporary output results/day/hg38_broad/other_reports/alignstats_bsummary.tsv.
