DAY-EC activated.
DAY-EC activated.

[Tue May 26 06:29:12 2026]
localrule produce_sentdhuomr_snv_vcf:
    input: results/day/hg38_broad/TVBHUO5X5X-HG003-UG5x-ONT5x-1-D0-PF-UG-ULTIMA/align/ug/na/snv/sentdhuomr/TVBHUO5X5X-HG003-UG5x-ONT5x-1-D0-PF-UG-ULTIMA.ug.na.sentdhuomr.snv.sort.vcf.gz.tbi
    output: results/day/hg38_broad/logs/target_aliases/produce_sentdhuomr_snv_vcf.done
    jobid: 49
    reason: Missing output files: results/day/hg38_broad/logs/target_aliases/produce_sentdhuomr_snv_vcf.done; Input files updated by another job: results/day/hg38_broad/TVBHUO5X5X-HG003-UG5x-ONT5x-1-D0-PF-UG-ULTIMA/align/ug/na/snv/sentdhuomr/TVBHUO5X5X-HG003-UG5x-ONT5x-1-D0-PF-UG-ULTIMA.ug.na.sentdhuomr.snv.sort.vcf.gz.tbi
    resources: mem_mb=3000, mem_mib=2862, disk_mb=1000, disk_mib=954, tmpdir=/dev/shm, threads=1, time=5440, partition=i192,i128,i192mem, vcpu=1, distribution=block, exclusive=, constraint=, exclude=, include=

mkdir -p $(dirname results/day/hg38_broad/logs/target_aliases/produce_sentdhuomr_snv_vcf.done); touch results/day/hg38_broad/logs/target_aliases/produce_sentdhuomr_snv_vcf.done;

[Tue May 26 06:29:12 2026]
rule prep_for_concordance_check:
    input: results/day/hg38_broad/TVBHUO5X5X-HG003-UG5x-ONT5x-1-D0-PF-UG-ULTIMA/align/ug/na/snv/sentdhuomr/TVBHUO5X5X-HG003-UG5x-ONT5x-1-D0-PF-UG-ULTIMA.ug.na.sentdhuomr.snv.sort.vcf.gz, results/day/hg38_broad/TVBHUO5X5X-HG003-UG5x-ONT5x-1-D0-PF-UG-ULTIMA/align/ug/na/snv/sentdhuomr/TVBHUO5X5X-HG003-UG5x-ONT5x-1-D0-PF-UG-ULTIMA.ug.na.sentdhuomr.snv.sort.vcf.gz.tbi
    output: results/day/hg38_broad/TVBHUO5X5X-HG003-UG5x-ONT5x-1-D0-PF-UG-ULTIMA/align/ug/na/snv/sentdhuomr/concordance/concordance.done, results/day/hg38_broad/TVBHUO5X5X-HG003-UG5x-ONT5x-1-D0-PF-UG-ULTIMA/align/ug/na/snv/sentdhuomr/concordance/concordance.fofn, results/day/hg38_broad/TVBHUO5X5X-HG003-UG5x-ONT5x-1-D0-PF-UG-ULTIMA/align/ug/na/snv/sentdhuomr/concordance/concordance.fin.cmds
    log: results/day/hg38_broad/TVBHUO5X5X-HG003-UG5x-ONT5x-1-D0-PF-UG-ULTIMA/align/ug/na/snv/sentdhuomr/concordance/logs/TVBHUO5X5X-HG003-UG5x-ONT5x-1-D0-PF-UG-ULTIMA.ug.na.sentdhuomr.concordance.log
    jobid: 1
    benchmark: results/day/hg38_broad/TVBHUO5X5X-HG003-UG5x-ONT5x-1-D0-PF-UG-ULTIMA/benchmarks/TVBHUO5X5X-HG003-UG5x-ONT5x-1-D0-PF-UG-ULTIMA.ug.na.sentdhuomr.concordance.bench.tsv
    reason: Missing output files: results/day/hg38_broad/TVBHUO5X5X-HG003-UG5x-ONT5x-1-D0-PF-UG-ULTIMA/align/ug/na/snv/sentdhuomr/concordance/concordance.done; Input files updated by another job: results/day/hg38_broad/TVBHUO5X5X-HG003-UG5x-ONT5x-1-D0-PF-UG-ULTIMA/align/ug/na/snv/sentdhuomr/TVBHUO5X5X-HG003-UG5x-ONT5x-1-D0-PF-UG-ULTIMA.ug.na.sentdhuomr.snv.sort.vcf.gz.tbi, results/day/hg38_broad/TVBHUO5X5X-HG003-UG5x-ONT5x-1-D0-PF-UG-ULTIMA/align/ug/na/snv/sentdhuomr/TVBHUO5X5X-HG003-UG5x-ONT5x-1-D0-PF-UG-ULTIMA.ug.na.sentdhuomr.snv.sort.vcf.gz
    wildcards: sample=TVBHUO5X5X-HG003-UG5x-ONT5x-1-D0-PF-UG-ULTIMA, alnr=ug, ddup=na, snv=sentdhuomr
    priority: 48
    threads: 8
    resources: mem_mb=3000, mem_mib=2862, disk_mb=1000, disk_mib=954, tmpdir=<TBD>, threads=16, time=5440, partition=i192mem,i192bigmem, vcpu=16, distribution=block, exclusive=, constraint=, exclude=, include=


            set +euo pipefail;

            mkdir -p $(dirname results/day/hg38_broad/TVBHUO5X5X-HG003-UG5x-ONT5x-1-D0-PF-UG-ULTIMA/align/ug/na/snv/sentdhuomr/concordance/concordance.done);
            mkdir -p $(dirname results/day/hg38_broad/TVBHUO5X5X-HG003-UG5x-ONT5x-1-D0-PF-UG-ULTIMA/align/ug/na/snv/sentdhuomr/concordance/logs/TVBHUO5X5X-HG003-UG5x-ONT5x-1-D0-PF-UG-ULTIMA.ug.na.sentdhuomr.concordance.log);

            utc_ts=$(date -u +%Y-%m-%dT%H:%M:%SZ);

            # Write informational fofn
            {
                echo "# Refactor: per-ROI jobs are scheduled by Snakemake; this file is informational.";
                echo "# generated_at_utc=$utc_ts";
                echo "# truth_dir=/data/staged_sample_data/remote_stage_20260526T062121Z/TVBHUO5X5X_HG003-ULTIMA-PF-gdna-UG5x-ONT5x_D0_0/concordance_data";
                echo "# footprints=";
                for mqc in ; do
                    echo "$mqc";
                done;
            } > results/day/hg38_broad/TVBHUO5X5X-HG003-UG5x-ONT5x-1-D0-PF-UG-ULTIMA/align/ug/na/snv/sentdhuomr/concordance/concordance.fofn;

            # Write informational fin.cmds
            {
                echo "# Refactor: see Snakemake DAG for exact commands.";
                echo "# generated_at_utc=$utc_ts";
            } > results/day/hg38_broad/TVBHUO5X5X-HG003-UG5x-ONT5x-1-D0-PF-UG-ULTIMA/align/ug/na/snv/sentdhuomr/concordance/concordance.fin.cmds;

            # SKIPPED sentinel if no mqcs
            if [ "0" -eq 0 ]; then
                echo "No truthset ROI directories found; concordance skipped." > results/day/hg38_broad/TVBHUO5X5X-HG003-UG5x-ONT5x-1-D0-PF-UG-ULTIMA/align/ug/na/snv/sentdhuomr/concordance/concordance.done.SKIPPED;
            fi;

            # Log
            echo "Concordance sentinel complete. footprints= mqcs=0" >> results/day/hg38_broad/TVBHUO5X5X-HG003-UG5x-ONT5x-1-D0-PF-UG-ULTIMA/align/ug/na/snv/sentdhuomr/concordance/logs/TVBHUO5X5X-HG003-UG5x-ONT5x-1-D0-PF-UG-ULTIMA.ug.na.sentdhuomr.concordance.log;
            

[Tue May 26 06:29:12 2026]
localrule produce_snv_concordances:
    input: results/day/hg38_broad/TVBHUO5X5X-HG003-UG5x-ONT5x-1-D0-PF-UG-ULTIMA/align/ug/na/snv/sentdhuomr/concordance/concordance.done
    output: results/day/hg38_broad/other_reports/giab_concordance_mqc.tsv
    jobid: 0
    reason: Missing output files: results/day/hg38_broad/other_reports/giab_concordance_mqc.tsv; Input files updated by another job: results/day/hg38_broad/TVBHUO5X5X-HG003-UG5x-ONT5x-1-D0-PF-UG-ULTIMA/align/ug/na/snv/sentdhuomr/concordance/concordance.done
    priority: 48
    resources: mem_mb=3000, mem_mib=2862, disk_mb=1000, disk_mib=954, tmpdir=/dev/shm, threads=1, time=5440, partition=i192,i128,i192mem, vcpu=1, distribution=block, exclusive=, constraint=, exclude=, include=

Job stats:
job                               count    min threads    max threads
------------------------------  -------  -------------  -------------
alignstats                            2             96             96
alignstats_compile                    1              2              2
alignstats_gather                     1              1              1
finish_align_stats                    2              2              2
no_dedup_cram                         2              1              1
pre_prep_ont_cram                     1             48             48
pre_prep_ultima_cram                  1             48             48
prep_for_concordance_check            1              8              8
prep_results_dirs                     1              1              1
prep_sentdhuomr_chunkdirs             1              1              1
produce_alignstats                    1              1              1
produce_sentdhuomr_snv_vcf            1              1              1
produce_snv_concordances              1              1              1
sentdhuomr_anno                       1              8              8
sentdhuomr_concat_fofn                1              1              1
sentdhuomr_concat_index_chunks        1              8              8
sentdhuomr_concat_pass                1              8              8
sentdhuomr_final_norm                 1              8              8
sentdhuomr_hybrid_select              1              8              8
sentdhuomr_mapq0_bed                  1             48             48
sentdhuomr_mapq0_slop                 1              2              2
sentdhuomr_merge_beds                 1              2              2
sentdhuomr_model_apply                1             48             48
sentdhuomr_pass1                      1            192            192
sentdhuomr_pass2                      1            192            192
sentdhuomr_stage1                     1            192            192
sentdhuomr_stage2                     1             48             48
sentdhuomr_stage3                     1            192            192
sentdhuomr_subset                     1              8              8
sentdhuomr_transfer                  24              8              8
sentdhuomr_transfer_merge             1              8              8
stage_supporting_data                 1              1              1
workflow_staging                      1              1              1
total                                59              1            192

Reasons:
    (check individual jobs above for details)
    input files updated by another job:
        alignstats, alignstats_compile, alignstats_gather, finish_align_stats, no_dedup_cram, prep_for_concordance_check, prep_results_dirs, prep_sentdhuomr_chunkdirs, produce_alignstats, produce_sentdhuomr_snv_vcf, produce_snv_concordances, sentdhuomr_anno, sentdhuomr_concat_fofn, sentdhuomr_concat_index_chunks, sentdhuomr_concat_pass, sentdhuomr_final_norm, sentdhuomr_hybrid_select, sentdhuomr_mapq0_bed, sentdhuomr_mapq0_slop, sentdhuomr_merge_beds, sentdhuomr_model_apply, sentdhuomr_pass1, sentdhuomr_pass2, sentdhuomr_stage1, sentdhuomr_stage2, sentdhuomr_stage3, sentdhuomr_subset, sentdhuomr_transfer, sentdhuomr_transfer_merge, workflow_staging
    missing output files:
        alignstats, alignstats_compile, alignstats_gather, finish_align_stats, no_dedup_cram, pre_prep_ont_cram, pre_prep_ultima_cram, prep_for_concordance_check, prep_results_dirs, prep_sentdhuomr_chunkdirs, produce_sentdhuomr_snv_vcf, produce_snv_concordances, sentdhuomr_anno, sentdhuomr_concat_fofn, sentdhuomr_concat_index_chunks, sentdhuomr_concat_pass, sentdhuomr_final_norm, sentdhuomr_hybrid_select, sentdhuomr_mapq0_bed, sentdhuomr_mapq0_slop, sentdhuomr_merge_beds, sentdhuomr_model_apply, sentdhuomr_pass1, sentdhuomr_pass2, sentdhuomr_stage1, sentdhuomr_stage2, sentdhuomr_stage3, sentdhuomr_subset, sentdhuomr_transfer, sentdhuomr_transfer_merge, stage_supporting_data, workflow_staging

This was a dry-run (flag -n). The order of jobs does not reflect the order of execution.
RETURN CODE: 0
[INFO] Workflow exited with status 0
To run a command as administrator (user "root"), use "sudo <command>".
See "man sudo_root" for details.

DAY-EC activated.
(DAY-EC) ubuntu@ip-10-0-0-213:/fsx/analysis_results/ubuntu/tcc_hybrid_ultima_ont_snv_5x5x_fix_dryrun/daylily-omics-analysis$
