DAY-EC activated.
DAY-EC activated.
mounted_run=/fsx/run_dir_mounts/20260514_LH01106_0009_B23TVLGLT4
--- top level ---
/fsx/run_dir_mounts/20260514_LH01106_0009_B23TVLGLT4/Analysis
/fsx/run_dir_mounts/20260514_LH01106_0009_B23TVLGLT4/Analysis/1
/fsx/run_dir_mounts/20260514_LH01106_0009_B23TVLGLT4/CopyComplete.txt
/fsx/run_dir_mounts/20260514_LH01106_0009_B23TVLGLT4/Data
/fsx/run_dir_mounts/20260514_LH01106_0009_B23TVLGLT4/Data/Intensities
/fsx/run_dir_mounts/20260514_LH01106_0009_B23TVLGLT4/InstrumentAnalyticsLogs
/fsx/run_dir_mounts/20260514_LH01106_0009_B23TVLGLT4/InstrumentAnalyticsLogs/running__LH01106__2026-05-14-19.46.37__0326__RunSetup.imf1
/fsx/run_dir_mounts/20260514_LH01106_0009_B23TVLGLT4/InstrumentAnalyticsLogs/running__LH01106__2026-05-14-19.46.37__0327__Run.imf1
/fsx/run_dir_mounts/20260514_LH01106_0009_B23TVLGLT4/InstrumentAnalyticsLogs/running__LH01106__2026-05-15-01.55.29__0328__Run.imf1
/fsx/run_dir_mounts/20260514_LH01106_0009_B23TVLGLT4/InstrumentAnalyticsLogs/running__LH01106__2026-05-15-02.12.04__0329__RunCycle__1.imf1
/fsx/run_dir_mounts/20260514_LH01106_0009_B23TVLGLT4/InstrumentAnalyticsLogs/running__LH01106__2026-05-15-02.18.32__0330__RunCycle__2.imf1
/fsx/run_dir_mounts/20260514_LH01106_0009_B23TVLGLT4/InstrumentAnalyticsLogs/running__LH01106__2026-05-15-02.24.55__0331__RunCycle__3.imf1
/fsx/run_dir_mounts/20260514_LH01106_0009_B23TVLGLT4/InstrumentAnalyticsLogs/running__LH01106__2026-05-15-02.31.13__0332__RunCycle__4.imf1
/fsx/run_dir_mounts/20260514_LH01106_0009_B23TVLGLT4/InstrumentAnalyticsLogs/running__LH01106__2026-05-15-02.37.24__0333__RunCycle__5.imf1
/fsx/run_dir_mounts/20260514_LH01106_0009_B23TVLGLT4/InstrumentAnalyticsLogs/running__LH01106__2026-05-15-02.43.36__0334__RunCycle__6.imf1
/fsx/run_dir_mounts/20260514_LH01106_0009_B23TVLGLT4/InstrumentAnalyticsLogs/running__LH01106__2026-05-15-02.49.44__0335__RunCycle__7.imf1
/fsx/run_dir_mounts/20260514_LH01106_0009_B23TVLGLT4/InstrumentAnalyticsLogs/running__LH01106__2026-05-15-02.55.41__0336__RunCycle__8.imf1
/fsx/run_dir_mounts/20260514_LH01106_0009_B23TVLGLT4/InstrumentAnalyticsLogs/running__LH01106__2026-05-15-03.01.38__0337__RunCycle__9.imf1
/fsx/run_dir_mounts/20260514_LH01106_0009_B23TVLGLT4/InstrumentAnalyticsLogs/running__LH01106__2026-05-15-03.07.34__0338__RunCycle__10.imf1
/fsx/run_dir_mounts/20260514_LH01106_0009_B23TVLGLT4/InstrumentAnalyticsLogs/running__LH01106__2026-05-15-03.13.30__0339__RunCycle__11.imf1
/fsx/run_dir_mounts/20260514_LH01106_0009_B23TVLGLT4/InstrumentAnalyticsLogs/running__LH01106__2026-05-15-03.19.27__0340__RunCycle__12.imf1
/fsx/run_dir_mounts/20260514_LH01106_0009_B23TVLGLT4/InstrumentAnalyticsLogs/running__LH01106__2026-05-15-03.25.25__0341__RunCycle__13.imf1
/fsx/run_dir_mounts/20260514_LH01106_0009_B23TVLGLT4/InstrumentAnalyticsLogs/running__LH01106__2026-05-15-03.31.22__0342__RunCycle__14.imf1
/fsx/run_dir_mounts/20260514_LH01106_0009_B23TVLGLT4/InstrumentAnalyticsLogs/running__LH01106__2026-05-15-03.37.18__0343__RunCycle__15.imf1
/fsx/run_dir_mounts/20260514_LH01106_0009_B23TVLGLT4/InstrumentAnalyticsLogs/running__LH01106__2026-05-15-03.43.14__0344__RunCycle__16.imf1
/fsx/run_dir_mounts/20260514_LH01106_0009_B23TVLGLT4/InstrumentAnalyticsLogs/running__LH01106__2026-05-15-03.49.10__0345__RunCycle__17.imf1
/fsx/run_dir_mounts/20260514_LH01106_0009_B23TVLGLT4/InstrumentAnalyticsLogs/running__LH01106__2026-05-15-03.55.06__0346__RunCycle__18.imf1
/fsx/run_dir_mounts/20260514_LH01106_0009_B23TVLGLT4/InstrumentAnalyticsLogs/running__LH01106__2026-05-15-04.01.02__0347__RunCycle__19.imf1
/fsx/run_dir_mounts/20260514_LH01106_0009_B23TVLGLT4/InstrumentAnalyticsLogs/running__LH01106__2026-05-15-04.06.58__0348__RunCycle__20.imf1
/fsx/run_dir_mounts/20260514_LH01106_0009_B23TVLGLT4/InstrumentAnalyticsLogs/running__LH01106__2026-05-15-04.12.54__0349__RunCycle__21.imf1
/fsx/run_dir_mounts/20260514_LH01106_0009_B23TVLGLT4/InstrumentAnalyticsLogs/running__LH01106__2026-05-15-04.18.50__0350__RunCycle__22.imf1
/fsx/run_dir_mounts/20260514_LH01106_0009_B23TVLGLT4/InstrumentAnalyticsLogs/running__LH01106__2026-05-15-04.24.46__0351__RunCycle__23.imf1
/fsx/run_dir_mounts/20260514_LH01106_0009_B23TVLGLT4/InstrumentAnalyticsLogs/running__LH01106__2026-05-15-04.30.42__0352__RunCycle__24.imf1
/fsx/run_dir_mounts/20260514_LH01106_0009_B23TVLGLT4/InstrumentAnalyticsLogs/running__LH01106__2026-05-15-04.36.39__0353__RunCycle__25.imf1
/fsx/run_dir_mounts/20260514_LH01106_0009_B23TVLGLT4/InstrumentAnalyticsLogs/running__LH01106__2026-05-15-04.42.34__0354__RunCycle__26.imf1
/fsx/run_dir_mounts/20260514_LH01106_0009_B23TVLGLT4/InstrumentAnalyticsLogs/running__LH01106__2026-05-15-04.48.30__0355__RunCycle__27.imf1
/fsx/run_dir_mounts/20260514_LH01106_0009_B23TVLGLT4/InstrumentAnalyticsLogs/running__LH01106__2026-05-15-04.54.26__0356__RunCycle__28.imf1
/fsx/run_dir_mounts/20260514_LH01106_0009_B23TVLGLT4/InstrumentAnalyticsLogs/running__LH01106__2026-05-15-05.00.22__0357__RunCycle__29.imf1
/fsx/run_dir_mounts/20260514_LH01106_0009_B23TVLGLT4/InstrumentAnalyticsLogs/running__LH01106__2026-05-15-05.06.18__0358__RunCycle__30.imf1
/fsx/run_dir_mounts/20260514_LH01106_0009_B23TVLGLT4/InstrumentAnalyticsLogs/running__LH01106__2026-05-15-05.12.14__0359__RunCycle__31.imf1
/fsx/run_dir_mounts/20260514_LH01106_0009_B23TVLGLT4/InstrumentAnalyticsLogs/running__LH01106__2026-05-15-05.18.09__0360__RunCycle__32.imf1
/fsx/run_dir_mounts/20260514_LH01106_0009_B23TVLGLT4/InstrumentAnalyticsLogs/running__LH01106__2026-05-15-05.24.05__0361__RunCycle__33.imf1
/fsx/run_dir_mounts/20260514_LH01106_0009_B23TVLGLT4/InstrumentAnalyticsLogs/running__LH01106__2026-05-15-05.30.01__0362__RunCycle__34.imf1
/fsx/run_dir_mounts/20260514_LH01106_0009_B23TVLGLT4/InstrumentAnalyticsLogs/running__LH01106__2026-05-15-05.35.57__0363__RunCycle__35.imf1
/fsx/run_dir_mounts/20260514_LH01106_0009_B23TVLGLT4/InstrumentAnalyticsLogs/running__LH01106__2026-05-15-05.41.53__0364__RunCycle__36.imf1
/fsx/run_dir_mounts/20260514_LH01106_0009_B23TVLGLT4/InstrumentAnalyticsLogs/running__LH01106__2026-05-15-05.47.49__0365__RunCycle__37.imf1
/fsx/run_dir_mounts/20260514_LH01106_0009_B23TVLGLT4/InstrumentAnalyticsLogs/running__LH01106__2026-05-15-05.53.45__0366__RunCycle__38.imf1
/fsx/run_dir_mounts/20260514_LH01106_0009_B23TVLGLT4/InstrumentAnalyticsLogs/running__LH01106__2026-05-15-05.59.41__0367__RunCycle__39.imf1
/fsx/run_dir_mounts/20260514_LH01106_0009_B23TVLGLT4/InstrumentAnalyticsLogs/running__LH01106__2026-05-15-06.05.37__0368__RunCycle__40.imf1
/fsx/run_dir_mounts/20260514_LH01106_0009_B23TVLGLT4/InstrumentAnalyticsLogs/running__LH01106__2026-05-15-06.11.33__0369__RunCycle__41.imf1
/fsx/run_dir_mounts/20260514_LH01106_0009_B23TVLGLT4/InstrumentAnalyticsLogs/running__LH01106__2026-05-15-06.17.29__0370__RunCycle__42.imf1
/fsx/run_dir_mounts/20260514_LH01106_0009_B23TVLGLT4/InstrumentAnalyticsLogs/running__LH01106__2026-05-15-06.23.25__0371__RunCycle__43.imf1
/fsx/run_dir_mounts/20260514_LH01106_0009_B23TVLGLT4/InstrumentAnalyticsLogs/running__LH01106__2026-05-15-06.29.22__0372__RunCycle__44.imf1
/fsx/run_dir_mounts/20260514_LH01106_0009_B23TVLGLT4/InstrumentAnalyticsLogs/running__LH01106__2026-05-15-06.35.18__0373__RunCycle__45.imf1
/fsx/run_dir_mounts/20260514_LH01106_0009_B23TVLGLT4/InstrumentAnalyticsLogs/running__LH01106__2026-05-15-06.41.14__0374__RunCycle__46.imf1
/fsx/run_dir_mounts/20260514_LH01106_0009_B23TVLGLT4/InstrumentAnalyticsLogs/running__LH01106__2026-05-15-06.47.11__0375__RunCycle__47.imf1
/fsx/run_dir_mounts/20260514_LH01106_0009_B23TVLGLT4/InstrumentAnalyticsLogs/running__LH01106__2026-05-15-06.53.07__0376__RunCycle__48.imf1
/fsx/run_dir_mounts/20260514_LH01106_0009_B23TVLGLT4/InstrumentAnalyticsLogs/running__LH01106__2026-05-15-06.59.04__0377__RunCycle__49.imf1
/fsx/run_dir_mounts/20260514_LH01106_0009_B23TVLGLT4/InstrumentAnalyticsLogs/running__LH01106__2026-05-15-07.05.01__0378__RunCycle__50.imf1
/fsx/run_dir_mounts/20260514_LH01106_0009_B23TVLGLT4/InstrumentAnalyticsLogs/running__LH01106__2026-05-15-07.10.58__0379__RunCycle__51.imf1
/fsx/run_dir_mounts/20260514_LH01106_0009_B23TVLGLT4/InstrumentAnalyticsLogs/running__LH01106__2026-05-15-07.16.56__0380__RunCycle__52.imf1
/fsx/run_dir_mounts/20260514_LH01106_0009_B23TVLGLT4/InstrumentAnalyticsLogs/running__LH01106__2026-05-15-07.22.53__0381__RunCycle__53.imf1
/fsx/run_dir_mounts/20260514_LH01106_0009_B23TVLGLT4/InstrumentAnalyticsLogs/running__LH01106__2026-05-15-07.28.51__0382__RunCycle__54.imf1
/fsx/run_dir_mounts/20260514_LH01106_0009_B23TVLGLT4/InstrumentAnalyticsLogs/running__LH01106__2026-05-15-07.34.48__0383__RunCycle__55.imf1
/fsx/run_dir_mounts/20260514_LH01106_0009_B23TVLGLT4/InstrumentAnalyticsLogs/running__LH01106__2026-05-15-07.40.46__0384__RunCycle__56.imf1
/fsx/run_dir_mounts/20260514_LH01106_0009_B23TVLGLT4/InstrumentAnalyticsLogs/running__LH01106__2026-05-15-07.46.44__0385__RunCycle__57.imf1
/fsx/run_dir_mounts/20260514_LH01106_0009_B23TVLGLT4/InstrumentAnalyticsLogs/running__LH01106__2026-05-15-07.52.41__0386__RunCycle__58.imf1
/fsx/run_dir_mounts/20260514_LH01106_0009_B23TVLGLT4/InstrumentAnalyticsLogs/running__LH01106__2026-05-15-07.58.39__0387__RunCycle__59.imf1
/fsx/run_dir_mounts/20260514_LH01106_0009_B23TVLGLT4/InstrumentAnalyticsLogs/running__LH01106__2026-05-15-08.04.38__0388__RunCycle__60.imf1
/fsx/run_dir_mounts/20260514_LH01106_0009_B23TVLGLT4/InstrumentAnalyticsLogs/running__LH01106__2026-05-15-08.10.36__0389__RunCycle__61.imf1
/fsx/run_dir_mounts/20260514_LH01106_0009_B23TVLGLT4/InstrumentAnalyticsLogs/running__LH01106__2026-05-15-08.16.34__0390__RunCycle__62.imf1
/fsx/run_dir_mounts/20260514_LH01106_0009_B23TVLGLT4/InstrumentAnalyticsLogs/running__LH01106__2026-05-15-08.22.32__0391__RunCycle__63.imf1
/fsx/run_dir_mounts/20260514_LH01106_0009_B23TVLGLT4/InstrumentAnalyticsLogs/running__LH01106__2026-05-15-08.28.31__0392__RunCycle__64.imf1
/fsx/run_dir_mounts/20260514_LH01106_0009_B23TVLGLT4/InstrumentAnalyticsLogs/running__LH01106__2026-05-15-08.34.30__0393__RunCycle__65.imf1
/fsx/run_dir_mounts/20260514_LH01106_0009_B23TVLGLT4/InstrumentAnalyticsLogs/running__LH01106__2026-05-15-08.40.29__0394__RunCycle__66.imf1
/fsx/run_dir_mounts/20260514_LH01106_0009_B23TVLGLT4/InstrumentAnalyticsLogs/running__LH01106__2026-05-15-08.46.28__0395__RunCycle__67.imf1
/fsx/run_dir_mounts/20260514_LH01106_0009_B23TVLGLT4/InstrumentAnalyticsLogs/running__LH01106__2026-05-15-08.52.28__0396__RunCycle__68.imf1
/fsx/run_dir_mounts/20260514_LH01106_0009_B23TVLGLT4/InstrumentAnalyticsLogs/running__LH01106__2026-05-15-08.58.27__0397__RunCycle__69.imf1
/fsx/run_dir_mounts/20260514_LH01106_0009_B23TVLGLT4/InstrumentAnalyticsLogs/running__LH01106__2026-05-15-09.04.27__0398__RunCycle__70.imf1
/fsx/run_dir_mounts/20260514_LH01106_0009_B23TVLGLT4/InstrumentAnalyticsLogs/running__LH01106__2026-05-15-09.10.27__0399__RunCycle__71.imf1
/fsx/run_dir_mounts/20260514_LH01106_0009_B23TVLGLT4/InstrumentAnalyticsLogs/running__LH01106__2026-05-15-09.16.28__0400__RunCycle__72.imf1
/fsx/run_dir_mounts/20260514_LH01106_0009_B23TVLGLT4/InstrumentAnalyticsLogs/running__LH01106__2026-05-15-09.22.29__0401__RunCycle__73.imf1
/fsx/run_dir_mounts/20260514_LH01106_0009_B23TVLGLT4/InstrumentAnalyticsLogs/running__LH01106__2026-05-15-09.28.31__0402__RunCycle__74.imf1
/fsx/run_dir_mounts/20260514_LH01106_0009_B23TVLGLT4/InstrumentAnalyticsLogs/running__LH01106__2026-05-15-09.34.32__0403__RunCycle__75.imf1
/fsx/run_dir_mounts/20260514_LH01106_0009_B23TVLGLT4/InstrumentAnalyticsLogs/running__LH01106__2026-05-15-09.40.34__0404__RunCycle__76.imf1
/fsx/run_dir_mounts/20260514_LH01106_0009_B23TVLGLT4/InstrumentAnalyticsLogs/running__LH01106__2026-05-15-09.46.37__0405__RunCycle__77.imf1
/fsx/run_dir_mounts/20260514_LH01106_0009_B23TVLGLT4/InstrumentAnalyticsLogs/running__LH01106__2026-05-15-09.52.40__0406__RunCycle__78.imf1
/fsx/run_dir_mounts/20260514_LH01106_0009_B23TVLGLT4/InstrumentAnalyticsLogs/running__LH01106__2026-05-15-09.58.44__0407__RunCycle__79.imf1
/fsx/run_dir_mounts/20260514_LH01106_0009_B23TVLGLT4/InstrumentAnalyticsLogs/running__LH01106__2026-05-15-10.04.48__0408__RunCycle__80.imf1
/fsx/run_dir_mounts/20260514_LH01106_0009_B23TVLGLT4/InstrumentAnalyticsLogs/running__LH01106__2026-05-15-10.10.52__0409__RunCycle__81.imf1
/fsx/run_dir_mounts/20260514_LH01106_0009_B23TVLGLT4/InstrumentAnalyticsLogs/running__LH01106__2026-05-15-10.16.58__0410__RunCycle__82.imf1
/fsx/run_dir_mounts/20260514_LH01106_0009_B23TVLGLT4/InstrumentAnalyticsLogs/running__LH01106__2026-05-15-10.23.03__0411__RunCycle__83.imf1
/fsx/run_dir_mounts/20260514_LH01106_0009_B23TVLGLT4/InstrumentAnalyticsLogs/running__LH01106__2026-05-15-10.29.09__0412__RunCycle__84.imf1
/fsx/run_dir_mounts/20260514_LH01106_0009_B23TVLGLT4/InstrumentAnalyticsLogs/running__LH01106__2026-05-15-10.35.16__0413__RunCycle__85.imf1
/fsx/run_dir_mounts/20260514_LH01106_0009_B23TVLGLT4/InstrumentAnalyticsLogs/running__LH01106__2026-05-15-10.41.23__0414__RunCycle__86.imf1
/fsx/run_dir_mounts/20260514_LH01106_0009_B23TVLGLT4/InstrumentAnalyticsLogs/running__LH01106__2026-05-15-10.47.31__0415__RunCycle__87.imf1
/fsx/run_dir_mounts/20260514_LH01106_0009_B23TVLGLT4/InstrumentAnalyticsLogs/running__LH01106__2026-05-15-10.53.40__0416__RunCycle__88.imf1
/fsx/run_dir_mounts/20260514_LH01106_0009_B23TVLGLT4/InstrumentAnalyticsLogs/running__LH01106__2026-05-15-10.59.50__0417__RunCycle__89.imf1
/fsx/run_dir_mounts/20260514_LH01106_0009_B23TVLGLT4/InstrumentAnalyticsLogs/running__LH01106__2026-05-15-11.06.00__0418__RunCycle__90.imf1
/fsx/run_dir_mounts/20260514_LH01106_0009_B23TVLGLT4/InstrumentAnalyticsLogs/running__LH01106__2026-05-15-11.12.11__0419__RunCycle__91.imf1
/fsx/run_dir_mounts/20260514_LH01106_0009_B23TVLGLT4/InstrumentAnalyticsLogs/running__LH01106__2026-05-15-11.18.23__0420__RunCycle__92.imf1
/fsx/run_dir_mounts/20260514_LH01106_0009_B23TVLGLT4/InstrumentAnalyticsLogs/running__LH01106__2026-05-15-11.24.38__0421__RunCycle__93.imf1
/fsx/run_dir_mounts/20260514_LH01106_0009_B23TVLGLT4/InstrumentAnalyticsLogs/running__LH01106__2026-05-15-11.30.51__0422__RunCycle__94.imf1
/fsx/run_dir_mounts/20260514_LH01106_0009_B23TVLGLT4/InstrumentAnalyticsLogs/running__LH01106__2026-05-15-11.37.06__0423__RunCycle__95.imf1
/fsx/run_dir_mounts/20260514_LH01106_0009_B23TVLGLT4/InstrumentAnalyticsLogs/running__LH01106__2026-05-15-11.43.22__0424__RunCycle__96.imf1
/fsx/run_dir_mounts/20260514_LH01106_0009_B23TVLGLT4/InstrumentAnalyticsLogs/running__LH01106__2026-05-15-11.49.39__0425__RunCycle__97.imf1
/fsx/run_dir_mounts/20260514_LH01106_0009_B23TVLGLT4/InstrumentAnalyticsLogs/running__LH01106__2026-05-15-11.55.57__0426__RunCycle__98.imf1
/fsx/run_dir_mounts/20260514_LH01106_0009_B23TVLGLT4/InstrumentAnalyticsLogs/running__LH01106__2026-05-15-12.02.16__0427__RunCycle__99.imf1
/fsx/run_dir_mounts/20260514_LH01106_0009_B23TVLGLT4/InstrumentAnalyticsLogs/running__LH01106__2026-05-15-12.08.37__0428__RunCycle__100.imf1
/fsx/run_dir_mounts/20260514_LH01106_0009_B23TVLGLT4/InstrumentAnalyticsLogs/running__LH01106__2026-05-15-12.14.58__0429__RunCycle__101.imf1
/fsx/run_dir_mounts/20260514_LH01106_0009_B23TVLGLT4/InstrumentAnalyticsLogs/running__LH01106__2026-05-15-12.21.21__0430__RunCycle__102.imf1
/fsx/run_dir_mounts/20260514_LH01106_0009_B23TVLGLT4/InstrumentAnalyticsLogs/running__LH01106__2026-05-15-12.27.45__0431__RunCycle__103.imf1
/fsx/run_dir_mounts/20260514_LH01106_0009_B23TVLGLT4/InstrumentAnalyticsLogs/running__LH01106__2026-05-15-12.34.10__0432__RunCycle__104.imf1
/fsx/run_dir_mounts/20260514_LH01106_0009_B23TVLGLT4/InstrumentAnalyticsLogs/running__LH01106__2026-05-15-12.40.38__0433__RunCycle__105.imf1
/fsx/run_dir_mounts/20260514_LH01106_0009_B23TVLGLT4/InstrumentAnalyticsLogs/running__LH01106__2026-05-15-12.47.07__0434__RunCycle__106.imf1
/fsx/run_dir_mounts/20260514_LH01106_0009_B23TVLGLT4/InstrumentAnalyticsLogs/running__LH01106__2026-05-15-12.53.37__0435__RunCycle__107.imf1
/fsx/run_dir_mounts/20260514_LH01106_0009_B23TVLGLT4/InstrumentAnalyticsLogs/running__LH01106__2026-05-15-13.00.08__0436__RunCycle__108.imf1
/fsx/run_dir_mounts/20260514_LH01106_0009_B23TVLGLT4/InstrumentAnalyticsLogs/running__LH01106__2026-05-15-13.06.42__0437__RunCycle__109.imf1
/fsx/run_dir_mounts/20260514_LH01106_0009_B23TVLGLT4/InstrumentAnalyticsLogs/running__LH01106__2026-05-15-13.13.17__0438__RunCycle__110.imf1
/fsx/run_dir_mounts/20260514_LH01106_0009_B23TVLGLT4/InstrumentAnalyticsLogs/running__LH01106__2026-05-15-13.19.54__0439__RunCycle__111.imf1
--- run markers ---
/fsx/run_dir_mounts/20260514_LH01106_0009_B23TVLGLT4/Analysis/1/CopyComplete.txt
/fsx/run_dir_mounts/20260514_LH01106_0009_B23TVLGLT4/Analysis/1/Data/SampleSheet.csv
/fsx/run_dir_mounts/20260514_LH01106_0009_B23TVLGLT4/CopyComplete.txt
/fsx/run_dir_mounts/20260514_LH01106_0009_B23TVLGLT4/OOW.done
/fsx/run_dir_mounts/20260514_LH01106_0009_B23TVLGLT4/RunInfo.xml
/fsx/run_dir_mounts/20260514_LH01106_0009_B23TVLGLT4/RunParameters.xml
/fsx/run_dir_mounts/20260514_LH01106_0009_B23TVLGLT4/SampleSheet.csv
--- bcl dirs ---
/fsx/run_dir_mounts/20260514_LH01106_0009_B23TVLGLT4/Analysis/1/Data
/fsx/run_dir_mounts/20260514_LH01106_0009_B23TVLGLT4/Data
/fsx/run_dir_mounts/20260514_LH01106_0009_B23TVLGLT4/Data/Intensities
/fsx/run_dir_mounts/20260514_LH01106_0009_B23TVLGLT4/Data/Intensities/BaseCalls
/fsx/run_dir_mounts/20260514_LH01106_0009_B23TVLGLT4/Data/Intensities/BaseCalls/L001
/fsx/run_dir_mounts/20260514_LH01106_0009_B23TVLGLT4/Data/Intensities/BaseCalls/L002
/fsx/run_dir_mounts/20260514_LH01106_0009_B23TVLGLT4/Data/Intensities/BaseCalls/L003
/fsx/run_dir_mounts/20260514_LH01106_0009_B23TVLGLT4/Data/Intensities/BaseCalls/L004
/fsx/run_dir_mounts/20260514_LH01106_0009_B23TVLGLT4/Thumbnail_Images/L001
/fsx/run_dir_mounts/20260514_LH01106_0009_B23TVLGLT4/Thumbnail_Images/L002
/fsx/run_dir_mounts/20260514_LH01106_0009_B23TVLGLT4/Thumbnail_Images/L003
/fsx/run_dir_mounts/20260514_LH01106_0009_B23TVLGLT4/Thumbnail_Images/L004
--- bcl files count ---
5152
--- bcl file examples ---
/fsx/run_dir_mounts/20260514_LH01106_0009_B23TVLGLT4/Data/Intensities/BaseCalls/L001/C1.1/L001_1.cbcl
/fsx/run_dir_mounts/20260514_LH01106_0009_B23TVLGLT4/Data/Intensities/BaseCalls/L001/C1.1/L001_2.cbcl
/fsx/run_dir_mounts/20260514_LH01106_0009_B23TVLGLT4/Data/Intensities/BaseCalls/L001/C10.1/L001_1.cbcl
/fsx/run_dir_mounts/20260514_LH01106_0009_B23TVLGLT4/Data/Intensities/BaseCalls/L001/C10.1/L001_2.cbcl
/fsx/run_dir_mounts/20260514_LH01106_0009_B23TVLGLT4/Data/Intensities/BaseCalls/L001/C100.1/L001_1.cbcl
/fsx/run_dir_mounts/20260514_LH01106_0009_B23TVLGLT4/Data/Intensities/BaseCalls/L001/C100.1/L001_2.cbcl
/fsx/run_dir_mounts/20260514_LH01106_0009_B23TVLGLT4/Data/Intensities/BaseCalls/L001/C101.1/L001_1.cbcl
/fsx/run_dir_mounts/20260514_LH01106_0009_B23TVLGLT4/Data/Intensities/BaseCalls/L001/C101.1/L001_2.cbcl
/fsx/run_dir_mounts/20260514_LH01106_0009_B23TVLGLT4/Data/Intensities/BaseCalls/L001/C102.1/L001_1.cbcl
/fsx/run_dir_mounts/20260514_LH01106_0009_B23TVLGLT4/Data/Intensities/BaseCalls/L001/C102.1/L001_2.cbcl
/fsx/run_dir_mounts/20260514_LH01106_0009_B23TVLGLT4/Data/Intensities/BaseCalls/L001/C103.1/L001_1.cbcl
/fsx/run_dir_mounts/20260514_LH01106_0009_B23TVLGLT4/Data/Intensities/BaseCalls/L001/C103.1/L001_2.cbcl
/fsx/run_dir_mounts/20260514_LH01106_0009_B23TVLGLT4/Data/Intensities/BaseCalls/L001/C104.1/L001_1.cbcl
/fsx/run_dir_mounts/20260514_LH01106_0009_B23TVLGLT4/Data/Intensities/BaseCalls/L001/C104.1/L001_2.cbcl
/fsx/run_dir_mounts/20260514_LH01106_0009_B23TVLGLT4/Data/Intensities/BaseCalls/L001/C105.1/L001_1.cbcl
/fsx/run_dir_mounts/20260514_LH01106_0009_B23TVLGLT4/Data/Intensities/BaseCalls/L001/C105.1/L001_2.cbcl
/fsx/run_dir_mounts/20260514_LH01106_0009_B23TVLGLT4/Data/Intensities/BaseCalls/L001/C106.1/L001_1.cbcl
/fsx/run_dir_mounts/20260514_LH01106_0009_B23TVLGLT4/Data/Intensities/BaseCalls/L001/C106.1/L001_2.cbcl
/fsx/run_dir_mounts/20260514_LH01106_0009_B23TVLGLT4/Data/Intensities/BaseCalls/L001/C107.1/L001_1.cbcl
/fsx/run_dir_mounts/20260514_LH01106_0009_B23TVLGLT4/Data/Intensities/BaseCalls/L001/C107.1/L001_2.cbcl
/fsx/run_dir_mounts/20260514_LH01106_0009_B23TVLGLT4/Data/Intensities/BaseCalls/L001/C108.1/L001_1.cbcl
/fsx/run_dir_mounts/20260514_LH01106_0009_B23TVLGLT4/Data/Intensities/BaseCalls/L001/C108.1/L001_2.cbcl
/fsx/run_dir_mounts/20260514_LH01106_0009_B23TVLGLT4/Data/Intensities/BaseCalls/L001/C109.1/L001_1.cbcl
/fsx/run_dir_mounts/20260514_LH01106_0009_B23TVLGLT4/Data/Intensities/BaseCalls/L001/C109.1/L001_2.cbcl
/fsx/run_dir_mounts/20260514_LH01106_0009_B23TVLGLT4/Data/Intensities/BaseCalls/L001/C11.1/L001_1.cbcl
/fsx/run_dir_mounts/20260514_LH01106_0009_B23TVLGLT4/Data/Intensities/BaseCalls/L001/C11.1/L001_2.cbcl
/fsx/run_dir_mounts/20260514_LH01106_0009_B23TVLGLT4/Data/Intensities/BaseCalls/L001/C110.1/L001_1.cbcl
/fsx/run_dir_mounts/20260514_LH01106_0009_B23TVLGLT4/Data/Intensities/BaseCalls/L001/C110.1/L001_2.cbcl
/fsx/run_dir_mounts/20260514_LH01106_0009_B23TVLGLT4/Data/Intensities/BaseCalls/L001/C111.1/L001_1.cbcl
/fsx/run_dir_mounts/20260514_LH01106_0009_B23TVLGLT4/Data/Intensities/BaseCalls/L001/C111.1/L001_2.cbcl
/fsx/run_dir_mounts/20260514_LH01106_0009_B23TVLGLT4/Data/Intensities/BaseCalls/L001/C112.1/L001_1.cbcl
/fsx/run_dir_mounts/20260514_LH01106_0009_B23TVLGLT4/Data/Intensities/BaseCalls/L001/C112.1/L001_2.cbcl
/fsx/run_dir_mounts/20260514_LH01106_0009_B23TVLGLT4/Data/Intensities/BaseCalls/L001/C113.1/L001_1.cbcl
/fsx/run_dir_mounts/20260514_LH01106_0009_B23TVLGLT4/Data/Intensities/BaseCalls/L001/C113.1/L001_2.cbcl
/fsx/run_dir_mounts/20260514_LH01106_0009_B23TVLGLT4/Data/Intensities/BaseCalls/L001/C114.1/L001_1.cbcl
/fsx/run_dir_mounts/20260514_LH01106_0009_B23TVLGLT4/Data/Intensities/BaseCalls/L001/C114.1/L001_2.cbcl
/fsx/run_dir_mounts/20260514_LH01106_0009_B23TVLGLT4/Data/Intensities/BaseCalls/L001/C115.1/L001_1.cbcl
/fsx/run_dir_mounts/20260514_LH01106_0009_B23TVLGLT4/Data/Intensities/BaseCalls/L001/C115.1/L001_2.cbcl
/fsx/run_dir_mounts/20260514_LH01106_0009_B23TVLGLT4/Data/Intensities/BaseCalls/L001/C116.1/L001_1.cbcl
/fsx/run_dir_mounts/20260514_LH01106_0009_B23TVLGLT4/Data/Intensities/BaseCalls/L001/C116.1/L001_2.cbcl
--- bclconvert reports ---
/fsx/run_dir_mounts/20260514_LH01106_0009_B23TVLGLT4/Analysis/1/Data/BCLConvert/fastq/Reports/Adapter_Metrics.csv
/fsx/run_dir_mounts/20260514_LH01106_0009_B23TVLGLT4/Analysis/1/Data/BCLConvert/fastq/Reports/Quality_Metrics.csv
/fsx/run_dir_mounts/20260514_LH01106_0009_B23TVLGLT4/Analysis/1/Data/BCLConvert/fastq/Reports/fastq_list.csv
/fsx/run_dir_mounts/20260514_LH01106_0009_B23TVLGLT4/Analysis/1/Data/Demux/Demultiplex_Stats.csv
/fsx/run_dir_mounts/20260514_LH01106_0009_B23TVLGLT4/Analysis/1/Data/Demux/Top_Unknown_Barcodes.csv
/fsx/run_dir_mounts/20260514_LH01106_0009_B23TVLGLT4/Analysis/1/Data/logs/BCLConvert/msl_0001/msg_0001/fastq_list.csv
/fsx/run_dir_mounts/20260514_LH01106_0009_B23TVLGLT4/Analysis/1/Data/logs/BCLConvert/msl_0001/msg_0002/fastq_list.csv
/fsx/run_dir_mounts/20260514_LH01106_0009_B23TVLGLT4/Analysis/1/Data/logs/BCLConvert/msl_0001/msg_0003/fastq_list.csv
/fsx/run_dir_mounts/20260514_LH01106_0009_B23TVLGLT4/Analysis/1/Data/logs/BCLConvert/msl_0001/msg_0004/fastq_list.csv

