{
  "argv": [
    "/Users/jmajor/miniconda3/envs/DAY-EC/bin/dyec",
    "workflow",
    "launch",
    "--repository",
    "daylily-omics-analysis",
    "--analysis-id",
    "gd3_ont_snv_alignstats_dryrun",
    "--executing-entity",
    "ubuntu",
    "--git-tag",
    "2.0.3",
    "--genome",
    "hg38_broad",
    "--dy-command",
    "bin/day_run produce_alignstats produce_sentdont_snv_vcf produce_snv_concordances -p -j 5 -k -n",
    "--profile",
    "lsmc",
    "--region",
    "us-west-2",
    "--cluster",
    "goodole3",
    "--stage-dir",
    "/home/ubuntu/ds/gd3/065952f4/remote_stage_20260527T010551Z_16b50921",
    "--session-name",
    "gd3_ont_snv_alignstats_dryrun",
    "--skip-project-check",
    "--dry-run"
  ],
  "returncode": 0,
  "stderr": "\u26a0 Active conda environment is 'base', not DAY-EC. Continuing anyway; the \nsupported path is `source ./activate`.\n",
  "stdout": "DAY-EC activated.\nDAY-EC activated.\n__DAYLILY_STAGE_DIR__=/home/ubuntu/ds/gd3/065952f4/remote_stage_20260527T010551Z_16b50921\n__DAYLILY_STAGE_SAMPLES__=/home/ubuntu/ds/gd3/065952f4/remote_stage_20260527T010551Z_16b50921/a_samples.tsv\n__DAYLILY_STAGE_UNITS__=/home/ubuntu/ds/gd3/065952f4/remote_stage_20260527T010551Z_16b50921/a_units.tsv\nDAY-EC activated.\nDAY-EC activated.\n__DAYLILY_SESSION__=gd3_ont_snv_alignstats_dryrun\n__DAYLILY_RUN_DIR__=/home/ubuntu/daylily-runs/gd3_ont_snv_alignstats_dryrun\n__DAYLILY_REPO_PATH__=/fsx/analysis_results/ubuntu/gd3_ont_snv_alignstats_dryrun/daylily-omics-analysis\nTmux session 'gd3_ont_snv_alignstats_dryrun' created on the head node.\nRun state directory: /home/ubuntu/daylily-runs/gd3_ont_snv_alignstats_dryrun\nWorkflow repo path: /fsx/analysis_results/ubuntu/gd3_ont_snv_alignstats_dryrun/daylily-omics-analysis\nReconnect with: daylily-ssh-into-headnode --profile lsmc --region us-west-2 --cluster goodole3\nThen run: tmux attach -t gd3_ont_snv_alignstats_dryrun\n"
}
