Wed Jul  8 00:43:46 UTC 2026
command_id=ont_snv_alignstats
session=ccv_live_ont_snv_alignstats_20260707T165057Z
source_path=/fsx/analysis_results/ubuntu/ccv_live_ont_snv_alignstats_20260707T165057Z
destination_s3_uri=s3://lsmc-ssf-sequencing-data/derived/command-catalog/dyec-10.0.103/dayoa-10.0.64/20260707T144453Z/ubuntu/ccv_live_ont_snv_alignstats_20260707T165057Z/

── EXPORT ──
  › Preparing direct FSx export DRA
2026-07-07 17:43:46,995 INFO Found credentials in shared credentials file: ~/.aws/credentials
  · Attached export DRA dra-08e71ee198d7ea8d9 at 
/fsx/analysis_results/ubuntu/ccv_live_ont_snv_alignstats_20260707T165057Z/
2026-07-07 17:47:26,733 INFO Task task-0cb4cd89febb9079d status: PENDING
2026-07-07 17:47:57,181 INFO Task task-0cb4cd89febb9079d status: EXECUTING
2026-07-07 17:48:27,571 INFO Task task-0cb4cd89febb9079d status: SUCCEEDED
2026-07-07 17:48:59,142 INFO Wrote export status to /Users/jmajor/projects/lsmc/daylily-ephemeral-cluster/docs/plans/20260707T144453Z_success_exports/ont_snv_alignstats/fsx_export.yaml

╭────────────────────────────── Export complete ───────────────────────────────╮
│                                                                              │
│  Cluster: cmdcat-103-all-20260707                                            │
│  FSx: fs-0e89a93ffac2f0d93                                                   │
│  Source:                                                                     │
│  /analysis_results/ubuntu/ccv_live_ont_snv_alignstats_20260707T165057Z/      │
│  S3:                                                                         │
│  s3://lsmc-ssf-sequencing-data/derived/command-catalog/dyec-10.0.103/dayoa-  │
│  10.0.64/20260707T144453Z/ubuntu/ccv_live_ont_snv_alignstats_20260707T16505  │
│  7Z/                                                                         │
│  Status file:                                                                │
│  /Users/jmajor/projects/lsmc/daylily-ephemeral-cluster/docs/plans/20260707T  │
│  144453Z_success_exports/ont_snv_alignstats/fsx_export.yaml                  │
│                                                                              │
╰──────────────────────────────────────────────────────────────────────────────╯
Wed Jul  8 00:48:59 UTC 2026
