Wed Jul  8 01:18:40 UTC 2026
command_id=illumina_run_qc
session=ccv_live_illumina_run_qc_20260707T165057Z
source_path=/fsx/analysis_results/ubuntu/ccv_live_illumina_run_qc_20260707T165057Z
destination_s3_uri=s3://lsmc-ssf-sequencing-data/derived/command-catalog/dyec-10.0.103/dayoa-10.0.64/20260707T144453Z/ubuntu/ccv_live_illumina_run_qc_20260707T165057Z/

── EXPORT ──
  › Preparing direct FSx export DRA
2026-07-07 18:18:40,323 INFO Found credentials in shared credentials file: ~/.aws/credentials
  · Attached export DRA dra-0cb49ec03c8ad4b7f at 
/fsx/analysis_results/ubuntu/ccv_live_illumina_run_qc_20260707T165057Z/
2026-07-07 18:21:49,891 INFO Task task-0764bd1015db4ca09 status: PENDING
2026-07-07 18:22:20,132 INFO Task task-0764bd1015db4ca09 status: EXECUTING
2026-07-07 18:22:50,626 INFO Task task-0764bd1015db4ca09 status: SUCCEEDED
2026-07-07 18:23:22,564 INFO Wrote export status to /Users/jmajor/projects/lsmc/daylily-ephemeral-cluster/docs/plans/20260707T144453Z_success_exports/illumina_run_qc/fsx_export.yaml

╭────────────────────────────── Export complete ───────────────────────────────╮
│                                                                              │
│  Cluster: cmdcat-103-all-20260707                                            │
│  FSx: fs-0e89a93ffac2f0d93                                                   │
│  Source:                                                                     │
│  /analysis_results/ubuntu/ccv_live_illumina_run_qc_20260707T165057Z/         │
│  S3:                                                                         │
│  s3://lsmc-ssf-sequencing-data/derived/command-catalog/dyec-10.0.103/dayoa-  │
│  10.0.64/20260707T144453Z/ubuntu/ccv_live_illumina_run_qc_20260707T165057Z/  │
│  Status file:                                                                │
│  /Users/jmajor/projects/lsmc/daylily-ephemeral-cluster/docs/plans/20260707T  │
│  144453Z_success_exports/illumina_run_qc/fsx_export.yaml                     │
│                                                                              │
╰──────────────────────────────────────────────────────────────────────────────╯
Wed Jul  8 01:23:22 UTC 2026
