{
  "argv": [
    "/Users/jmajor/miniconda3/envs/DAY-EC/bin/dyec",
    "workflow",
    "launch",
    "--repository",
    "daylily-omics-analysis",
    "--analysis-id",
    "gd3ks1-ilmn5x",
    "--executing-entity",
    "ubuntu",
    "--git-tag",
    "2.0.5",
    "--genome",
    "hg38_broad",
    "--dy-command",
    "bin/day_run produce_sent_align produce_dmd_dedup_cram produce_sentd_snv_vcf produce_alignstats produce_snv_concordances produce_relatedness produce_vep produce_multiqc_all --config 'multiqc_qc={\"enable_tools\":[\"vep\"]}' -p -j 100 -k",
    "--profile",
    "lsmc",
    "--region",
    "us-west-2",
    "--cluster",
    "goodole3",
    "--stage-dir",
    "/home/ubuntu/ds/gd3serialks/gd3ks1-ilmn5x",
    "--session-name",
    "gd3ks1-ilmn5x",
    "--skip-project-check",
    "--export-destination-s3-uri",
    "s3://lsmc-dayoa-analysis-results-usw2/validation/goodole3/ubuntu/gd3ks1-ilmn5x/",
    "--export-trigger",
    "on-success",
    "--delete-on-export-success"
  ],
  "returncode": 0,
  "stderr": "",
  "stdout": "DAY-EC activated.\nDAY-EC activated.\n__DAYLILY_STAGE_DIR__=/home/ubuntu/ds/gd3serialks/gd3ks1-ilmn5x\n__DAYLILY_STAGE_SAMPLES__=/home/ubuntu/ds/gd3serialks/gd3ks1-ilmn5x/a_samples.tsv\n__DAYLILY_STAGE_UNITS__=/home/ubuntu/ds/gd3serialks/gd3ks1-ilmn5x/a_units.tsv\nDAY-EC activated.\nDAY-EC activated.\n__DAYLILY_SESSION__=gd3ks1-ilmn5x\n__DAYLILY_RUN_DIR__=/home/ubuntu/daylily-runs/gd3ks1-ilmn5x\n__DAYLILY_REPO_PATH__=/fsx/analysis_results/ubuntu/gd3ks1-ilmn5x/daylily-omics-analysis\nTmux session 'gd3ks1-ilmn5x' created on the head node.\nRun state directory: /home/ubuntu/daylily-runs/gd3ks1-ilmn5x\nWorkflow repo path: /fsx/analysis_results/ubuntu/gd3ks1-ilmn5x/daylily-omics-analysis\nReconnect with: daylily-ssh-into-headnode --profile lsmc --region us-west-2 --cluster goodole3\nThen run: tmux attach -t gd3ks1-ilmn5x\n"
}
