2026-06-12T19:18:00Z acceptance sentup_hg003_ont5x_hg38b_solo_20260612T162900Z exit=0 receipt=missing lifecycle=missing
2026-06-12T19:18:00Z acceptance sentup_hg003_ilmn30x_pangenome_current_20260612T162900Z exit=0 receipt=missing lifecycle=missing
2026-06-12T19:18:00Z acceptance sentup_hg003_ilmn30x_pangenome_prior_20260612T162900Z exit=0 receipt=missing lifecycle=missing
2026-06-12T19:18:00Z acceptance sentup_hg003_ilmn30x_hg38_solo_20260612T181511Z exit=running receipt=missing lifecycle=missing
2026-06-12T19:18:00Z acceptance sentup_hg003_hiomr_kitchensink_20260612T185650Z exit=running receipt=missing lifecycle=missing
2026-06-12T19:19:32Z acceptance sentup_hg003_ont5x_hg38b_solo_20260612T162900Z exit=0 receipt=success lifecycle=SUCCEEDED
2026-06-12T19:19:32Z acceptance sentup_hg003_ilmn30x_pangenome_current_20260612T162900Z exit=0 receipt=success lifecycle=SUCCEEDED
2026-06-12T19:19:32Z acceptance sentup_hg003_ilmn30x_pangenome_prior_20260612T162900Z exit=0 receipt=success lifecycle=SUCCEEDED
2026-06-12T19:19:32Z acceptance sentup_hg003_ilmn30x_hg38_solo_20260612T181511Z exit=running receipt=missing lifecycle=missing
2026-06-12T19:19:32Z acceptance sentup_hg003_hiomr_kitchensink_20260612T185650Z exit=running receipt=missing lifecycle=missing
2026-06-12T19:26:41Z acceptance sentup_hg003_ont5x_hg38b_solo_20260612T162900Z exit=0 receipt=success lifecycle=SUCCEEDED
2026-06-12T19:26:41Z acceptance sentup_hg003_ilmn30x_pangenome_current_20260612T162900Z exit=0 receipt=success lifecycle=SUCCEEDED
2026-06-12T19:26:41Z acceptance sentup_hg003_ilmn30x_pangenome_prior_20260612T162900Z exit=0 receipt=success lifecycle=SUCCEEDED
2026-06-12T19:26:41Z acceptance sentup_hg003_ilmn30x_hg38_solo_20260612T181511Z exit=running receipt=missing lifecycle=missing
2026-06-12T19:26:41Z acceptance sentup_hg003_hiomr_kitchensink_20260612T185650Z exit=running receipt=missing lifecycle=missing
2026-06-12T19:33:50Z acceptance sentup_hg003_ont5x_hg38b_solo_20260612T162900Z exit=0 receipt=success lifecycle=SUCCEEDED
2026-06-12T19:33:50Z acceptance sentup_hg003_ilmn30x_pangenome_current_20260612T162900Z exit=0 receipt=success lifecycle=SUCCEEDED
2026-06-12T19:33:50Z acceptance sentup_hg003_ilmn30x_pangenome_prior_20260612T162900Z exit=0 receipt=success lifecycle=SUCCEEDED
2026-06-12T19:33:50Z acceptance sentup_hg003_ilmn30x_hg38_solo_20260612T181511Z exit=running receipt=missing lifecycle=missing
2026-06-12T19:33:50Z acceptance sentup_hg003_hiomr_kitchensink_20260612T185650Z exit=running receipt=missing lifecycle=missing
2026-06-12T19:41:00Z acceptance sentup_hg003_ont5x_hg38b_solo_20260612T162900Z exit=0 receipt=success lifecycle=SUCCEEDED
2026-06-12T19:41:00Z acceptance sentup_hg003_ilmn30x_pangenome_current_20260612T162900Z exit=0 receipt=success lifecycle=SUCCEEDED
2026-06-12T19:41:00Z acceptance sentup_hg003_ilmn30x_pangenome_prior_20260612T162900Z exit=0 receipt=success lifecycle=SUCCEEDED
2026-06-12T19:41:00Z acceptance sentup_hg003_ilmn30x_hg38_solo_20260612T181511Z exit=running receipt=missing lifecycle=missing
2026-06-12T19:41:00Z acceptance sentup_hg003_hiomr_kitchensink_20260612T185650Z exit=running receipt=missing lifecycle=missing
2026-06-12T19:48:10Z acceptance sentup_hg003_ont5x_hg38b_solo_20260612T162900Z exit=0 receipt=success lifecycle=SUCCEEDED
2026-06-12T19:48:10Z acceptance sentup_hg003_ilmn30x_pangenome_current_20260612T162900Z exit=0 receipt=success lifecycle=SUCCEEDED
2026-06-12T19:48:10Z acceptance sentup_hg003_ilmn30x_pangenome_prior_20260612T162900Z exit=0 receipt=success lifecycle=SUCCEEDED
2026-06-12T19:48:10Z acceptance sentup_hg003_ilmn30x_hg38_solo_20260612T181511Z exit=running receipt=missing lifecycle=missing
2026-06-12T19:48:10Z acceptance sentup_hg003_hiomr_kitchensink_20260612T185650Z exit=running receipt=missing lifecycle=missing
2026-06-12T19:55:20Z acceptance sentup_hg003_ont5x_hg38b_solo_20260612T162900Z exit=0 receipt=success lifecycle=SUCCEEDED
2026-06-12T19:55:20Z acceptance sentup_hg003_ilmn30x_pangenome_current_20260612T162900Z exit=0 receipt=success lifecycle=SUCCEEDED
2026-06-12T19:55:20Z acceptance sentup_hg003_ilmn30x_pangenome_prior_20260612T162900Z exit=0 receipt=success lifecycle=SUCCEEDED
2026-06-12T19:55:20Z acceptance sentup_hg003_ilmn30x_hg38_solo_20260612T181511Z exit=running receipt=missing lifecycle=missing
2026-06-12T19:55:20Z acceptance sentup_hg003_hiomr_kitchensink_20260612T185650Z exit=running receipt=missing lifecycle=missing
2026-06-12T20:02:32Z acceptance sentup_hg003_ont5x_hg38b_solo_20260612T162900Z exit=0 receipt=success lifecycle=SUCCEEDED
2026-06-12T20:02:32Z acceptance sentup_hg003_ilmn30x_pangenome_current_20260612T162900Z exit=0 receipt=success lifecycle=SUCCEEDED
2026-06-12T20:02:32Z acceptance sentup_hg003_ilmn30x_pangenome_prior_20260612T162900Z exit=0 receipt=success lifecycle=SUCCEEDED
2026-06-12T20:02:32Z acceptance sentup_hg003_ilmn30x_hg38_solo_20260612T181511Z exit=running receipt=missing lifecycle=missing
2026-06-12T20:02:32Z acceptance sentup_hg003_hiomr_kitchensink_20260612T185650Z exit=running receipt=missing lifecycle=missing
2026-06-12T20:09:42Z acceptance sentup_hg003_ont5x_hg38b_solo_20260612T162900Z exit=0 receipt=success lifecycle=SUCCEEDED
2026-06-12T20:09:42Z acceptance sentup_hg003_ilmn30x_pangenome_current_20260612T162900Z exit=0 receipt=success lifecycle=SUCCEEDED
2026-06-12T20:09:42Z acceptance sentup_hg003_ilmn30x_pangenome_prior_20260612T162900Z exit=0 receipt=success lifecycle=SUCCEEDED
2026-06-12T20:09:42Z acceptance sentup_hg003_ilmn30x_hg38_solo_20260612T181511Z exit=running receipt=missing lifecycle=missing
2026-06-12T20:09:42Z acceptance sentup_hg003_hiomr_kitchensink_20260612T185650Z exit=running receipt=missing lifecycle=missing
2026-06-12T20:16:51Z acceptance sentup_hg003_ont5x_hg38b_solo_20260612T162900Z exit=0 receipt=success lifecycle=SUCCEEDED
2026-06-12T20:16:51Z acceptance sentup_hg003_ilmn30x_pangenome_current_20260612T162900Z exit=0 receipt=success lifecycle=SUCCEEDED
2026-06-12T20:16:51Z acceptance sentup_hg003_ilmn30x_pangenome_prior_20260612T162900Z exit=0 receipt=success lifecycle=SUCCEEDED
2026-06-12T20:16:51Z acceptance sentup_hg003_ilmn30x_hg38_solo_20260612T181511Z exit=running receipt=missing lifecycle=missing
2026-06-12T20:16:51Z acceptance sentup_hg003_hiomr_kitchensink_20260612T185650Z exit=running receipt=missing lifecycle=missing
2026-06-12T20:24:01Z acceptance sentup_hg003_ont5x_hg38b_solo_20260612T162900Z exit=0 receipt=success lifecycle=SUCCEEDED
2026-06-12T20:24:01Z acceptance sentup_hg003_ilmn30x_pangenome_current_20260612T162900Z exit=0 receipt=success lifecycle=SUCCEEDED
2026-06-12T20:24:01Z acceptance sentup_hg003_ilmn30x_pangenome_prior_20260612T162900Z exit=0 receipt=success lifecycle=SUCCEEDED
2026-06-12T20:24:01Z acceptance sentup_hg003_ilmn30x_hg38_solo_20260612T181511Z exit=running receipt=missing lifecycle=missing
2026-06-12T20:24:01Z acceptance sentup_hg003_hiomr_kitchensink_20260612T185650Z exit=running receipt=missing lifecycle=missing
2026-06-12T20:31:10Z acceptance sentup_hg003_ont5x_hg38b_solo_20260612T162900Z exit=0 receipt=success lifecycle=SUCCEEDED
2026-06-12T20:31:10Z acceptance sentup_hg003_ilmn30x_pangenome_current_20260612T162900Z exit=0 receipt=success lifecycle=SUCCEEDED
2026-06-12T20:31:10Z acceptance sentup_hg003_ilmn30x_pangenome_prior_20260612T162900Z exit=0 receipt=success lifecycle=SUCCEEDED
2026-06-12T20:31:10Z acceptance sentup_hg003_ilmn30x_hg38_solo_20260612T181511Z exit=running receipt=missing lifecycle=missing
2026-06-12T20:31:10Z acceptance sentup_hg003_hiomr_kitchensink_20260612T185650Z exit=running receipt=missing lifecycle=missing
2026-06-12T20:38:19Z acceptance sentup_hg003_ont5x_hg38b_solo_20260612T162900Z exit=0 receipt=success lifecycle=SUCCEEDED
2026-06-12T20:38:19Z acceptance sentup_hg003_ilmn30x_pangenome_current_20260612T162900Z exit=0 receipt=success lifecycle=SUCCEEDED
2026-06-12T20:38:19Z acceptance sentup_hg003_ilmn30x_pangenome_prior_20260612T162900Z exit=0 receipt=success lifecycle=SUCCEEDED
2026-06-12T20:38:19Z acceptance sentup_hg003_ilmn30x_hg38_solo_20260612T181511Z exit=running receipt=missing lifecycle=missing
2026-06-12T20:38:19Z acceptance sentup_hg003_hiomr_kitchensink_20260612T185650Z exit=running receipt=missing lifecycle=missing
2026-06-12T20:45:29Z acceptance sentup_hg003_ont5x_hg38b_solo_20260612T162900Z exit=0 receipt=success lifecycle=SUCCEEDED
2026-06-12T20:45:29Z acceptance sentup_hg003_ilmn30x_pangenome_current_20260612T162900Z exit=0 receipt=success lifecycle=SUCCEEDED
2026-06-12T20:45:29Z acceptance sentup_hg003_ilmn30x_pangenome_prior_20260612T162900Z exit=0 receipt=success lifecycle=SUCCEEDED
2026-06-12T20:45:29Z acceptance sentup_hg003_ilmn30x_hg38_solo_20260612T181511Z exit=running receipt=missing lifecycle=missing
2026-06-12T20:45:29Z acceptance sentup_hg003_hiomr_kitchensink_20260612T185650Z exit=running receipt=missing lifecycle=missing
2026-06-12T20:52:38Z acceptance sentup_hg003_ont5x_hg38b_solo_20260612T162900Z exit=0 receipt=success lifecycle=SUCCEEDED
2026-06-12T20:52:38Z acceptance sentup_hg003_ilmn30x_pangenome_current_20260612T162900Z exit=0 receipt=success lifecycle=SUCCEEDED
2026-06-12T20:52:38Z acceptance sentup_hg003_ilmn30x_pangenome_prior_20260612T162900Z exit=0 receipt=success lifecycle=SUCCEEDED
2026-06-12T20:52:38Z acceptance sentup_hg003_ilmn30x_hg38_solo_20260612T181511Z exit=running receipt=missing lifecycle=missing
2026-06-12T20:52:38Z acceptance sentup_hg003_hiomr_kitchensink_20260612T185650Z exit=running receipt=missing lifecycle=missing
2026-06-12T20:59:47Z acceptance sentup_hg003_ont5x_hg38b_solo_20260612T162900Z exit=0 receipt=success lifecycle=SUCCEEDED
2026-06-12T20:59:47Z acceptance sentup_hg003_ilmn30x_pangenome_current_20260612T162900Z exit=0 receipt=success lifecycle=SUCCEEDED
2026-06-12T20:59:47Z acceptance sentup_hg003_ilmn30x_pangenome_prior_20260612T162900Z exit=0 receipt=success lifecycle=SUCCEEDED
2026-06-12T20:59:47Z acceptance sentup_hg003_ilmn30x_hg38_solo_20260612T181511Z exit=running receipt=missing lifecycle=missing
2026-06-12T20:59:47Z acceptance sentup_hg003_hiomr_kitchensink_20260612T185650Z exit=running receipt=missing lifecycle=missing
2026-06-12T21:06:57Z acceptance sentup_hg003_ont5x_hg38b_solo_20260612T162900Z exit=0 receipt=success lifecycle=SUCCEEDED
2026-06-12T21:06:57Z acceptance sentup_hg003_ilmn30x_pangenome_current_20260612T162900Z exit=0 receipt=success lifecycle=SUCCEEDED
2026-06-12T21:06:57Z acceptance sentup_hg003_ilmn30x_pangenome_prior_20260612T162900Z exit=0 receipt=success lifecycle=SUCCEEDED
2026-06-12T21:06:57Z acceptance sentup_hg003_ilmn30x_hg38_solo_20260612T181511Z exit=running receipt=missing lifecycle=missing
2026-06-12T21:06:57Z acceptance sentup_hg003_hiomr_kitchensink_20260612T185650Z exit=running receipt=missing lifecycle=missing
2026-06-12T21:14:06Z acceptance sentup_hg003_ont5x_hg38b_solo_20260612T162900Z exit=0 receipt=success lifecycle=SUCCEEDED
2026-06-12T21:14:06Z acceptance sentup_hg003_ilmn30x_pangenome_current_20260612T162900Z exit=0 receipt=success lifecycle=SUCCEEDED
2026-06-12T21:14:06Z acceptance sentup_hg003_ilmn30x_pangenome_prior_20260612T162900Z exit=0 receipt=success lifecycle=SUCCEEDED
2026-06-12T21:14:06Z acceptance sentup_hg003_ilmn30x_hg38_solo_20260612T181511Z exit=0 receipt=success lifecycle=SUCCEEDED
2026-06-12T21:14:06Z acceptance sentup_hg003_hiomr_kitchensink_20260612T185650Z exit=running receipt=missing lifecycle=missing
2026-06-12T21:21:15Z acceptance sentup_hg003_ont5x_hg38b_solo_20260612T162900Z exit=0 receipt=success lifecycle=SUCCEEDED
2026-06-12T21:21:15Z acceptance sentup_hg003_ilmn30x_pangenome_current_20260612T162900Z exit=0 receipt=success lifecycle=SUCCEEDED
2026-06-12T21:21:15Z acceptance sentup_hg003_ilmn30x_pangenome_prior_20260612T162900Z exit=0 receipt=success lifecycle=SUCCEEDED
2026-06-12T21:21:15Z acceptance sentup_hg003_ilmn30x_hg38_solo_20260612T181511Z exit=0 receipt=success lifecycle=SUCCEEDED
2026-06-12T21:21:15Z acceptance sentup_hg003_hiomr_kitchensink_20260612T185650Z exit=running receipt=missing lifecycle=missing
2026-06-12T21:28:24Z acceptance sentup_hg003_ont5x_hg38b_solo_20260612T162900Z exit=0 receipt=success lifecycle=SUCCEEDED
2026-06-12T21:28:24Z acceptance sentup_hg003_ilmn30x_pangenome_current_20260612T162900Z exit=0 receipt=success lifecycle=SUCCEEDED
2026-06-12T21:28:24Z acceptance sentup_hg003_ilmn30x_pangenome_prior_20260612T162900Z exit=0 receipt=success lifecycle=SUCCEEDED
2026-06-12T21:28:24Z acceptance sentup_hg003_ilmn30x_hg38_solo_20260612T181511Z exit=0 receipt=success lifecycle=SUCCEEDED
2026-06-12T21:28:24Z acceptance sentup_hg003_hiomr_kitchensink_20260612T185650Z exit=running receipt=missing lifecycle=missing
2026-06-12T21:35:34Z acceptance sentup_hg003_ont5x_hg38b_solo_20260612T162900Z exit=0 receipt=success lifecycle=SUCCEEDED
2026-06-12T21:35:34Z acceptance sentup_hg003_ilmn30x_pangenome_current_20260612T162900Z exit=0 receipt=success lifecycle=SUCCEEDED
2026-06-12T21:35:34Z acceptance sentup_hg003_ilmn30x_pangenome_prior_20260612T162900Z exit=0 receipt=success lifecycle=SUCCEEDED
2026-06-12T21:35:34Z acceptance sentup_hg003_ilmn30x_hg38_solo_20260612T181511Z exit=0 receipt=success lifecycle=SUCCEEDED
2026-06-12T21:35:34Z acceptance sentup_hg003_hiomr_kitchensink_20260612T185650Z exit=running receipt=missing lifecycle=missing
2026-06-12T21:42:43Z acceptance sentup_hg003_ont5x_hg38b_solo_20260612T162900Z exit=0 receipt=success lifecycle=SUCCEEDED
2026-06-12T21:42:43Z acceptance sentup_hg003_ilmn30x_pangenome_current_20260612T162900Z exit=0 receipt=success lifecycle=SUCCEEDED
2026-06-12T21:42:43Z acceptance sentup_hg003_ilmn30x_pangenome_prior_20260612T162900Z exit=0 receipt=success lifecycle=SUCCEEDED
2026-06-12T21:42:43Z acceptance sentup_hg003_ilmn30x_hg38_solo_20260612T181511Z exit=0 receipt=success lifecycle=SUCCEEDED
2026-06-12T21:42:43Z acceptance sentup_hg003_hiomr_kitchensink_20260612T185650Z exit=running receipt=missing lifecycle=missing
2026-06-12T21:49:52Z acceptance sentup_hg003_ont5x_hg38b_solo_20260612T162900Z exit=0 receipt=success lifecycle=SUCCEEDED
2026-06-12T21:49:52Z acceptance sentup_hg003_ilmn30x_pangenome_current_20260612T162900Z exit=0 receipt=success lifecycle=SUCCEEDED
2026-06-12T21:49:52Z acceptance sentup_hg003_ilmn30x_pangenome_prior_20260612T162900Z exit=0 receipt=success lifecycle=SUCCEEDED
2026-06-12T21:49:52Z acceptance sentup_hg003_ilmn30x_hg38_solo_20260612T181511Z exit=0 receipt=success lifecycle=SUCCEEDED
2026-06-12T21:49:52Z acceptance sentup_hg003_hiomr_kitchensink_20260612T185650Z exit=running receipt=missing lifecycle=missing
2026-06-12T21:57:01Z acceptance sentup_hg003_ont5x_hg38b_solo_20260612T162900Z exit=0 receipt=success lifecycle=SUCCEEDED
2026-06-12T21:57:01Z acceptance sentup_hg003_ilmn30x_pangenome_current_20260612T162900Z exit=0 receipt=success lifecycle=SUCCEEDED
2026-06-12T21:57:01Z acceptance sentup_hg003_ilmn30x_pangenome_prior_20260612T162900Z exit=0 receipt=success lifecycle=SUCCEEDED
2026-06-12T21:57:01Z acceptance sentup_hg003_ilmn30x_hg38_solo_20260612T181511Z exit=0 receipt=success lifecycle=SUCCEEDED
2026-06-12T21:57:01Z acceptance sentup_hg003_hiomr_kitchensink_20260612T185650Z exit=running receipt=missing lifecycle=missing
2026-06-12T22:04:10Z acceptance sentup_hg003_ont5x_hg38b_solo_20260612T162900Z exit=0 receipt=success lifecycle=SUCCEEDED
2026-06-12T22:04:10Z acceptance sentup_hg003_ilmn30x_pangenome_current_20260612T162900Z exit=0 receipt=success lifecycle=SUCCEEDED
2026-06-12T22:04:10Z acceptance sentup_hg003_ilmn30x_pangenome_prior_20260612T162900Z exit=0 receipt=success lifecycle=SUCCEEDED
2026-06-12T22:04:10Z acceptance sentup_hg003_ilmn30x_hg38_solo_20260612T181511Z exit=0 receipt=success lifecycle=SUCCEEDED
2026-06-12T22:04:10Z acceptance sentup_hg003_hiomr_kitchensink_20260612T185650Z exit=running receipt=missing lifecycle=missing
2026-06-12T22:11:19Z acceptance sentup_hg003_ont5x_hg38b_solo_20260612T162900Z exit=0 receipt=success lifecycle=SUCCEEDED
2026-06-12T22:11:19Z acceptance sentup_hg003_ilmn30x_pangenome_current_20260612T162900Z exit=0 receipt=success lifecycle=SUCCEEDED
2026-06-12T22:11:19Z acceptance sentup_hg003_ilmn30x_pangenome_prior_20260612T162900Z exit=0 receipt=success lifecycle=SUCCEEDED
2026-06-12T22:11:19Z acceptance sentup_hg003_ilmn30x_hg38_solo_20260612T181511Z exit=0 receipt=success lifecycle=SUCCEEDED
2026-06-12T22:11:19Z acceptance sentup_hg003_hiomr_kitchensink_20260612T185650Z exit=running receipt=missing lifecycle=missing
2026-06-12T22:18:27Z acceptance sentup_hg003_ont5x_hg38b_solo_20260612T162900Z exit=0 receipt=success lifecycle=SUCCEEDED
2026-06-12T22:18:27Z acceptance sentup_hg003_ilmn30x_pangenome_current_20260612T162900Z exit=0 receipt=success lifecycle=SUCCEEDED
2026-06-12T22:18:27Z acceptance sentup_hg003_ilmn30x_pangenome_prior_20260612T162900Z exit=0 receipt=success lifecycle=SUCCEEDED
2026-06-12T22:18:27Z acceptance sentup_hg003_ilmn30x_hg38_solo_20260612T181511Z exit=0 receipt=success lifecycle=SUCCEEDED
2026-06-12T22:18:27Z acceptance sentup_hg003_hiomr_kitchensink_20260612T185650Z exit=running receipt=missing lifecycle=missing
2026-06-12T22:25:36Z acceptance sentup_hg003_ont5x_hg38b_solo_20260612T162900Z exit=0 receipt=success lifecycle=SUCCEEDED
2026-06-12T22:25:36Z acceptance sentup_hg003_ilmn30x_pangenome_current_20260612T162900Z exit=0 receipt=success lifecycle=SUCCEEDED
2026-06-12T22:25:36Z acceptance sentup_hg003_ilmn30x_pangenome_prior_20260612T162900Z exit=0 receipt=success lifecycle=SUCCEEDED
2026-06-12T22:25:36Z acceptance sentup_hg003_ilmn30x_hg38_solo_20260612T181511Z exit=0 receipt=success lifecycle=SUCCEEDED
2026-06-12T22:25:36Z acceptance sentup_hg003_hiomr_kitchensink_20260612T185650Z exit=running receipt=missing lifecycle=missing
2026-06-12T22:32:45Z acceptance sentup_hg003_ont5x_hg38b_solo_20260612T162900Z exit=0 receipt=success lifecycle=SUCCEEDED
2026-06-12T22:32:45Z acceptance sentup_hg003_ilmn30x_pangenome_current_20260612T162900Z exit=0 receipt=success lifecycle=SUCCEEDED
2026-06-12T22:32:45Z acceptance sentup_hg003_ilmn30x_pangenome_prior_20260612T162900Z exit=0 receipt=success lifecycle=SUCCEEDED
2026-06-12T22:32:45Z acceptance sentup_hg003_ilmn30x_hg38_solo_20260612T181511Z exit=0 receipt=success lifecycle=SUCCEEDED
2026-06-12T22:32:45Z acceptance sentup_hg003_hiomr_kitchensink_20260612T185650Z exit=running receipt=missing lifecycle=missing
2026-06-12T22:39:53Z acceptance sentup_hg003_ont5x_hg38b_solo_20260612T162900Z exit=0 receipt=success lifecycle=SUCCEEDED
2026-06-12T22:39:53Z acceptance sentup_hg003_ilmn30x_pangenome_current_20260612T162900Z exit=0 receipt=success lifecycle=SUCCEEDED
2026-06-12T22:39:53Z acceptance sentup_hg003_ilmn30x_pangenome_prior_20260612T162900Z exit=0 receipt=success lifecycle=SUCCEEDED
2026-06-12T22:39:53Z acceptance sentup_hg003_ilmn30x_hg38_solo_20260612T181511Z exit=0 receipt=success lifecycle=SUCCEEDED
2026-06-12T22:39:53Z acceptance sentup_hg003_hiomr_kitchensink_20260612T185650Z exit=running receipt=missing lifecycle=missing
2026-06-12T22:47:02Z acceptance sentup_hg003_ont5x_hg38b_solo_20260612T162900Z exit=0 receipt=success lifecycle=SUCCEEDED
2026-06-12T22:47:02Z acceptance sentup_hg003_ilmn30x_pangenome_current_20260612T162900Z exit=0 receipt=success lifecycle=SUCCEEDED
2026-06-12T22:47:02Z acceptance sentup_hg003_ilmn30x_pangenome_prior_20260612T162900Z exit=0 receipt=success lifecycle=SUCCEEDED
2026-06-12T22:47:02Z acceptance sentup_hg003_ilmn30x_hg38_solo_20260612T181511Z exit=0 receipt=success lifecycle=SUCCEEDED
2026-06-12T22:47:02Z acceptance sentup_hg003_hiomr_kitchensink_20260612T185650Z exit=running receipt=missing lifecycle=missing
2026-06-12T22:54:11Z acceptance sentup_hg003_ont5x_hg38b_solo_20260612T162900Z exit=0 receipt=success lifecycle=SUCCEEDED
2026-06-12T22:54:11Z acceptance sentup_hg003_ilmn30x_pangenome_current_20260612T162900Z exit=0 receipt=success lifecycle=SUCCEEDED
2026-06-12T22:54:11Z acceptance sentup_hg003_ilmn30x_pangenome_prior_20260612T162900Z exit=0 receipt=success lifecycle=SUCCEEDED
2026-06-12T22:54:11Z acceptance sentup_hg003_ilmn30x_hg38_solo_20260612T181511Z exit=0 receipt=success lifecycle=SUCCEEDED
2026-06-12T22:54:11Z acceptance sentup_hg003_hiomr_kitchensink_20260612T185650Z exit=running receipt=missing lifecycle=missing
2026-06-12T23:01:20Z acceptance sentup_hg003_ont5x_hg38b_solo_20260612T162900Z exit=0 receipt=success lifecycle=SUCCEEDED
2026-06-12T23:01:20Z acceptance sentup_hg003_ilmn30x_pangenome_current_20260612T162900Z exit=0 receipt=success lifecycle=SUCCEEDED
2026-06-12T23:01:20Z acceptance sentup_hg003_ilmn30x_pangenome_prior_20260612T162900Z exit=0 receipt=success lifecycle=SUCCEEDED
2026-06-12T23:01:20Z acceptance sentup_hg003_ilmn30x_hg38_solo_20260612T181511Z exit=0 receipt=success lifecycle=SUCCEEDED
2026-06-12T23:01:20Z acceptance sentup_hg003_hiomr_kitchensink_20260612T185650Z exit=running receipt=missing lifecycle=missing
2026-06-12T23:08:34Z acceptance sentup_hg003_ont5x_hg38b_solo_20260612T162900Z exit=0 receipt=success lifecycle=SUCCEEDED
2026-06-12T23:08:34Z acceptance sentup_hg003_ilmn30x_pangenome_current_20260612T162900Z exit=0 receipt=success lifecycle=SUCCEEDED
2026-06-12T23:08:34Z acceptance sentup_hg003_ilmn30x_pangenome_prior_20260612T162900Z exit=0 receipt=success lifecycle=SUCCEEDED
2026-06-12T23:08:34Z acceptance sentup_hg003_ilmn30x_hg38_solo_20260612T181511Z exit=0 receipt=success lifecycle=SUCCEEDED
2026-06-12T23:08:34Z acceptance sentup_hg003_hiomr_kitchensink_20260612T185650Z exit=running receipt=missing lifecycle=missing
2026-06-12T23:15:43Z acceptance sentup_hg003_ont5x_hg38b_solo_20260612T162900Z exit=0 receipt=success lifecycle=SUCCEEDED
2026-06-12T23:15:43Z acceptance sentup_hg003_ilmn30x_pangenome_current_20260612T162900Z exit=0 receipt=success lifecycle=SUCCEEDED
2026-06-12T23:15:43Z acceptance sentup_hg003_ilmn30x_pangenome_prior_20260612T162900Z exit=0 receipt=success lifecycle=SUCCEEDED
2026-06-12T23:15:43Z acceptance sentup_hg003_ilmn30x_hg38_solo_20260612T181511Z exit=0 receipt=success lifecycle=SUCCEEDED
2026-06-12T23:15:43Z acceptance sentup_hg003_hiomr_kitchensink_20260612T185650Z exit=running receipt=missing lifecycle=missing
2026-06-12T23:22:52Z acceptance sentup_hg003_ont5x_hg38b_solo_20260612T162900Z exit=0 receipt=success lifecycle=SUCCEEDED
2026-06-12T23:22:52Z acceptance sentup_hg003_ilmn30x_pangenome_current_20260612T162900Z exit=0 receipt=success lifecycle=SUCCEEDED
2026-06-12T23:22:52Z acceptance sentup_hg003_ilmn30x_pangenome_prior_20260612T162900Z exit=0 receipt=success lifecycle=SUCCEEDED
2026-06-12T23:22:52Z acceptance sentup_hg003_ilmn30x_hg38_solo_20260612T181511Z exit=0 receipt=success lifecycle=SUCCEEDED
2026-06-12T23:22:52Z acceptance sentup_hg003_hiomr_kitchensink_20260612T185650Z exit=running receipt=missing lifecycle=missing
2026-06-12T23:31:15Z acceptance sentup_hg003_ont5x_hg38b_solo_20260612T162900Z exit=0 receipt=success lifecycle=SUCCEEDED
2026-06-12T23:31:15Z acceptance sentup_hg003_ilmn30x_pangenome_current_20260612T162900Z exit=0 receipt=success lifecycle=SUCCEEDED
2026-06-12T23:31:15Z acceptance sentup_hg003_ilmn30x_pangenome_prior_20260612T162900Z exit=0 receipt=success lifecycle=SUCCEEDED
2026-06-12T23:31:15Z acceptance sentup_hg003_ilmn30x_hg38_solo_20260612T181511Z exit=0 receipt=success lifecycle=SUCCEEDED
2026-06-12T23:31:15Z acceptance sentup_hg003_hiomr_kitchensink_20260612T185650Z exit=running receipt=missing lifecycle=missing
2026-06-12T23:38:24Z acceptance sentup_hg003_ont5x_hg38b_solo_20260612T162900Z exit=0 receipt=success lifecycle=SUCCEEDED
2026-06-12T23:38:24Z acceptance sentup_hg003_ilmn30x_pangenome_current_20260612T162900Z exit=0 receipt=success lifecycle=SUCCEEDED
2026-06-12T23:38:24Z acceptance sentup_hg003_ilmn30x_pangenome_prior_20260612T162900Z exit=0 receipt=success lifecycle=SUCCEEDED
2026-06-12T23:38:24Z acceptance sentup_hg003_ilmn30x_hg38_solo_20260612T181511Z exit=0 receipt=success lifecycle=SUCCEEDED
2026-06-12T23:38:24Z acceptance sentup_hg003_hiomr_kitchensink_20260612T185650Z exit=running receipt=missing lifecycle=missing
2026-06-12T23:45:33Z FAILED RuntimeError: terminal nonzero analysis exit codes: ['sentup_hg003_hiomr_kitchensink_20260612T185650Z']
