DESTINATION_PREFLIGHT_COMPLETE	conda=30	containers=0
WAIT_RELAY_COMPLETE	2026-08-10T06:09:23Z	082c686fea1dcb2e746ed6db73354d1a_
PUBLISH_START	2026-08-10T06:09:39Z	082c686fea1dcb2e746ed6db73354d1a_
PUBLISH_COMPLETE	2026-08-10T06:14:13Z	082c686fea1dcb2e746ed6db73354d1a_
PUBLISH_START	2026-08-10T06:14:15Z	36d377f2690370c395cad3d44fcb97ff_
PUBLISH_COMPLETE	2026-08-10T06:18:04Z	36d377f2690370c395cad3d44fcb97ff_
WAIT_RELAY_COMPLETE	2026-08-10T06:18:04Z	3a4066336aa1dec4d6bc615e5e6cbb16_
WAIT_RELAY_COMPLETE	2026-08-10T06:18:20Z	3a4066336aa1dec4d6bc615e5e6cbb16_
WAIT_RELAY_COMPLETE	2026-08-10T06:18:35Z	3a4066336aa1dec4d6bc615e5e6cbb16_
WAIT_RELAY_COMPLETE	2026-08-10T06:18:51Z	3a4066336aa1dec4d6bc615e5e6cbb16_
WAIT_RELAY_COMPLETE	2026-08-10T06:19:06Z	3a4066336aa1dec4d6bc615e5e6cbb16_
PUBLISH_START	2026-08-10T06:19:22Z	3a4066336aa1dec4d6bc615e5e6cbb16_
PUBLISH_COMPLETE	2026-08-10T06:27:25Z	3a4066336aa1dec4d6bc615e5e6cbb16_
PUBLISH_START	2026-08-10T06:27:26Z	41bdd5851090dbb2336356a3f0be2473_
PUBLISH_COMPLETE	2026-08-10T06:31:48Z	41bdd5851090dbb2336356a3f0be2473_
PUBLISH_START	2026-08-10T06:31:50Z	4ff65c6aaa4e6658e7c422971c95ee85_
PUBLISH_COMPLETE	2026-08-10T06:41:50Z	4ff65c6aaa4e6658e7c422971c95ee85_
PUBLISH_START	2026-08-10T06:41:51Z	766fb474be68885012083f6c622f6179_
PUBLISH_COMPLETE	2026-08-10T06:47:00Z	766fb474be68885012083f6c622f6179_
PUBLISH_START	2026-08-10T06:47:01Z	88aa4998af771810a00fe2cb10e21246_
PUBLISH_COMPLETE	2026-08-10T06:52:18Z	88aa4998af771810a00fe2cb10e21246_
PUBLISH_START	2026-08-10T06:52:19Z	92f8bbc953659a4d8cf233a75d457e3f_
PUBLISH_COMPLETE	2026-08-10T06:58:17Z	92f8bbc953659a4d8cf233a75d457e3f_
PUBLISH_START	2026-08-10T06:58:18Z	957e87d5fe4ac8a44e5724ce50a149a1_
PUBLISH_COMPLETE	2026-08-10T07:02:57Z	957e87d5fe4ac8a44e5724ce50a149a1_
PUBLISH_START	2026-08-10T07:02:58Z	9a8eaaa988c7096ecb77708fde347089_
PUBLISH_COMPLETE	2026-08-10T07:11:51Z	9a8eaaa988c7096ecb77708fde347089_
PUBLISH_START	2026-08-10T07:11:52Z	a443e7e684bb6c610530885db6664055_
PUBLISH_COMPLETE	2026-08-10T07:17:23Z	a443e7e684bb6c610530885db6664055_
PUBLISH_START	2026-08-10T07:17:24Z	af0132e7fe10ee4cd05c1b877bcd09e8_
PUBLISH_COMPLETE	2026-08-10T07:28:37Z	af0132e7fe10ee4cd05c1b877bcd09e8_
PUBLISH_START	2026-08-10T07:28:38Z	b26a7b457aa6640a1af9af0f76be96a2_
PUBLISH_COMPLETE	2026-08-10T07:31:43Z	b26a7b457aa6640a1af9af0f76be96a2_
PUBLISH_START	2026-08-10T07:31:44Z	b3a9d533cd18cabddbe62f2713320a54_
PUBLISH_COMPLETE	2026-08-10T07:39:58Z	b3a9d533cd18cabddbe62f2713320a54_
PUBLISH_START	2026-08-10T07:39:59Z	bf30457594bff473900e8811233cd47a_
PUBLISH_COMPLETE	2026-08-10T07:43:45Z	bf30457594bff473900e8811233cd47a_
PUBLISH_START	2026-08-10T07:43:47Z	bf9ae2783a216ee7f6faf43a364179db_
PUBLISH_COMPLETE	2026-08-10T07:49:35Z	bf9ae2783a216ee7f6faf43a364179db_
PUBLISH_START	2026-08-10T07:49:36Z	c2e451114a625144ab03840e398ea712_
PUBLISH_COMPLETE	2026-08-10T07:58:43Z	c2e451114a625144ab03840e398ea712_
PUBLISH_START	2026-08-10T07:58:44Z	c9170b1232ccf7ec20f43ced852fb8c2_
PUBLISH_COMPLETE	2026-08-10T08:01:15Z	c9170b1232ccf7ec20f43ced852fb8c2_
PUBLISH_START	2026-08-10T08:01:17Z	caa10c232eb19f6543aa45820fda8f74_
PUBLISH_COMPLETE	2026-08-10T08:06:52Z	caa10c232eb19f6543aa45820fda8f74_
WAIT_RELAY_COMPLETE	2026-08-10T08:06:53Z	cba901145cdb176cc8ee56f2aac12b87_
WAIT_RELAY_COMPLETE	2026-08-10T08:07:08Z	cba901145cdb176cc8ee56f2aac12b87_
WAIT_RELAY_COMPLETE	2026-08-10T08:07:24Z	cba901145cdb176cc8ee56f2aac12b87_
WAIT_RELAY_COMPLETE	2026-08-10T08:07:40Z	cba901145cdb176cc8ee56f2aac12b87_
WAIT_RELAY_COMPLETE	2026-08-10T08:07:55Z	cba901145cdb176cc8ee56f2aac12b87_
WAIT_RELAY_COMPLETE	2026-08-10T08:08:11Z	cba901145cdb176cc8ee56f2aac12b87_
WAIT_RELAY_COMPLETE	2026-08-10T08:08:26Z	cba901145cdb176cc8ee56f2aac12b87_
WAIT_RELAY_COMPLETE	2026-08-10T08:08:42Z	cba901145cdb176cc8ee56f2aac12b87_
WAIT_RELAY_COMPLETE	2026-08-10T08:08:57Z	cba901145cdb176cc8ee56f2aac12b87_
WAIT_RELAY_COMPLETE	2026-08-10T08:09:13Z	cba901145cdb176cc8ee56f2aac12b87_
WAIT_RELAY_COMPLETE	2026-08-10T08:09:28Z	cba901145cdb176cc8ee56f2aac12b87_
WAIT_RELAY_COMPLETE	2026-08-10T08:09:44Z	cba901145cdb176cc8ee56f2aac12b87_
WAIT_RELAY_COMPLETE	2026-08-10T08:10:00Z	cba901145cdb176cc8ee56f2aac12b87_
WAIT_RELAY_COMPLETE	2026-08-10T08:10:15Z	cba901145cdb176cc8ee56f2aac12b87_
WAIT_RELAY_COMPLETE	2026-08-10T08:10:31Z	cba901145cdb176cc8ee56f2aac12b87_
WAIT_RELAY_COMPLETE	2026-08-10T08:10:46Z	cba901145cdb176cc8ee56f2aac12b87_
WAIT_RELAY_COMPLETE	2026-08-10T08:11:02Z	cba901145cdb176cc8ee56f2aac12b87_
WAIT_RELAY_COMPLETE	2026-08-10T08:11:17Z	cba901145cdb176cc8ee56f2aac12b87_
WAIT_RELAY_COMPLETE	2026-08-10T08:11:33Z	cba901145cdb176cc8ee56f2aac12b87_
WAIT_RELAY_COMPLETE	2026-08-10T08:11:49Z	cba901145cdb176cc8ee56f2aac12b87_
WAIT_RELAY_COMPLETE	2026-08-10T08:12:04Z	cba901145cdb176cc8ee56f2aac12b87_
WAIT_RELAY_COMPLETE	2026-08-10T08:12:20Z	cba901145cdb176cc8ee56f2aac12b87_
WAIT_RELAY_COMPLETE	2026-08-10T08:12:35Z	cba901145cdb176cc8ee56f2aac12b87_
WAIT_RELAY_COMPLETE	2026-08-10T08:12:51Z	cba901145cdb176cc8ee56f2aac12b87_
WAIT_RELAY_COMPLETE	2026-08-10T08:13:06Z	cba901145cdb176cc8ee56f2aac12b87_
WAIT_RELAY_COMPLETE	2026-08-10T08:13:22Z	cba901145cdb176cc8ee56f2aac12b87_
PUBLISH_START	2026-08-10T08:13:38Z	cba901145cdb176cc8ee56f2aac12b87_
PUBLISH_COMPLETE	2026-08-10T08:36:08Z	cba901145cdb176cc8ee56f2aac12b87_
PUBLISH_START	2026-08-10T08:36:09Z	ccc71549f5b9bbb8371ee8cfe43bf60c_
PUBLISH_COMPLETE	2026-08-10T08:47:50Z	ccc71549f5b9bbb8371ee8cfe43bf60c_
PUBLISH_START	2026-08-10T08:47:51Z	cda71b1de49e4d37d9611dd7d2715e4b_
PUBLISH_COMPLETE	2026-08-10T08:55:00Z	cda71b1de49e4d37d9611dd7d2715e4b_
WAIT_RELAY_COMPLETE	2026-08-10T08:55:01Z	ce665216e6cf27f7dd1729335b653c5b_
WAIT_RELAY_COMPLETE	2026-08-10T08:55:16Z	ce665216e6cf27f7dd1729335b653c5b_
WAIT_RELAY_COMPLETE	2026-08-10T08:55:32Z	ce665216e6cf27f7dd1729335b653c5b_
WAIT_RELAY_COMPLETE	2026-08-10T08:55:47Z	ce665216e6cf27f7dd1729335b653c5b_
WAIT_RELAY_COMPLETE	2026-08-10T08:56:03Z	ce665216e6cf27f7dd1729335b653c5b_
WAIT_RELAY_COMPLETE	2026-08-10T08:56:19Z	ce665216e6cf27f7dd1729335b653c5b_
WAIT_RELAY_COMPLETE	2026-08-10T08:56:34Z	ce665216e6cf27f7dd1729335b653c5b_
WAIT_RELAY_COMPLETE	2026-08-10T08:56:50Z	ce665216e6cf27f7dd1729335b653c5b_
WAIT_RELAY_COMPLETE	2026-08-10T08:57:05Z	ce665216e6cf27f7dd1729335b653c5b_
WAIT_RELAY_COMPLETE	2026-08-10T08:57:21Z	ce665216e6cf27f7dd1729335b653c5b_
WAIT_RELAY_COMPLETE	2026-08-10T08:57:36Z	ce665216e6cf27f7dd1729335b653c5b_
WAIT_RELAY_COMPLETE	2026-08-10T08:57:52Z	ce665216e6cf27f7dd1729335b653c5b_
WAIT_RELAY_COMPLETE	2026-08-10T08:58:08Z	ce665216e6cf27f7dd1729335b653c5b_
WAIT_RELAY_COMPLETE	2026-08-10T08:58:23Z	ce665216e6cf27f7dd1729335b653c5b_
WAIT_RELAY_COMPLETE	2026-08-10T08:58:39Z	ce665216e6cf27f7dd1729335b653c5b_
WAIT_RELAY_COMPLETE	2026-08-10T08:58:54Z	ce665216e6cf27f7dd1729335b653c5b_
WAIT_RELAY_COMPLETE	2026-08-10T08:59:10Z	ce665216e6cf27f7dd1729335b653c5b_
WAIT_RELAY_COMPLETE	2026-08-10T08:59:26Z	ce665216e6cf27f7dd1729335b653c5b_
WAIT_RELAY_COMPLETE	2026-08-10T08:59:41Z	ce665216e6cf27f7dd1729335b653c5b_
WAIT_RELAY_COMPLETE	2026-08-10T08:59:57Z	ce665216e6cf27f7dd1729335b653c5b_
WAIT_RELAY_COMPLETE	2026-08-10T09:00:12Z	ce665216e6cf27f7dd1729335b653c5b_
WAIT_RELAY_COMPLETE	2026-08-10T09:00:28Z	ce665216e6cf27f7dd1729335b653c5b_
WAIT_RELAY_COMPLETE	2026-08-10T09:00:43Z	ce665216e6cf27f7dd1729335b653c5b_
WAIT_RELAY_COMPLETE	2026-08-10T09:00:59Z	ce665216e6cf27f7dd1729335b653c5b_
WAIT_RELAY_COMPLETE	2026-08-10T09:01:14Z	ce665216e6cf27f7dd1729335b653c5b_
WAIT_RELAY_COMPLETE	2026-08-10T09:01:30Z	ce665216e6cf27f7dd1729335b653c5b_
WAIT_RELAY_COMPLETE	2026-08-10T09:01:46Z	ce665216e6cf27f7dd1729335b653c5b_
WAIT_RELAY_COMPLETE	2026-08-10T09:02:01Z	ce665216e6cf27f7dd1729335b653c5b_
WAIT_RELAY_COMPLETE	2026-08-10T09:02:17Z	ce665216e6cf27f7dd1729335b653c5b_
WAIT_RELAY_COMPLETE	2026-08-10T09:02:32Z	ce665216e6cf27f7dd1729335b653c5b_
WAIT_RELAY_COMPLETE	2026-08-10T09:02:48Z	ce665216e6cf27f7dd1729335b653c5b_
WAIT_RELAY_COMPLETE	2026-08-10T09:03:03Z	ce665216e6cf27f7dd1729335b653c5b_
WAIT_RELAY_COMPLETE	2026-08-10T09:03:19Z	ce665216e6cf27f7dd1729335b653c5b_
WAIT_RELAY_COMPLETE	2026-08-10T09:03:35Z	ce665216e6cf27f7dd1729335b653c5b_
WAIT_RELAY_COMPLETE	2026-08-10T09:03:50Z	ce665216e6cf27f7dd1729335b653c5b_
WAIT_RELAY_COMPLETE	2026-08-10T09:04:06Z	ce665216e6cf27f7dd1729335b653c5b_
WAIT_RELAY_COMPLETE	2026-08-10T09:04:21Z	ce665216e6cf27f7dd1729335b653c5b_
WAIT_RELAY_COMPLETE	2026-08-10T09:04:37Z	ce665216e6cf27f7dd1729335b653c5b_
WAIT_RELAY_COMPLETE	2026-08-10T09:04:52Z	ce665216e6cf27f7dd1729335b653c5b_
WAIT_RELAY_COMPLETE	2026-08-10T09:05:08Z	ce665216e6cf27f7dd1729335b653c5b_
WAIT_RELAY_COMPLETE	2026-08-10T09:05:24Z	ce665216e6cf27f7dd1729335b653c5b_
WAIT_RELAY_COMPLETE	2026-08-10T09:05:39Z	ce665216e6cf27f7dd1729335b653c5b_
WAIT_RELAY_COMPLETE	2026-08-10T09:05:55Z	ce665216e6cf27f7dd1729335b653c5b_
WAIT_RELAY_COMPLETE	2026-08-10T09:06:10Z	ce665216e6cf27f7dd1729335b653c5b_
PUBLISH_START	2026-08-10T09:06:26Z	ce665216e6cf27f7dd1729335b653c5b_
PUBLISH_COMPLETE	2026-08-10T09:29:11Z	ce665216e6cf27f7dd1729335b653c5b_
PUBLISH_START	2026-08-10T09:29:12Z	d4b04c8d5d3069cacc630f531de5d173_
PUBLISH_COMPLETE	2026-08-10T09:31:51Z	d4b04c8d5d3069cacc630f531de5d173_
PUBLISH_START	2026-08-10T09:31:52Z	d64dacd09ba579b5d7cacdfc400033c5_
PUBLISH_COMPLETE	2026-08-10T09:33:41Z	d64dacd09ba579b5d7cacdfc400033c5_
PUBLISH_START	2026-08-10T09:33:42Z	d8d3b1575e41db2f7ea52b3fb3531258_
PUBLISH_COMPLETE	2026-08-10T09:42:52Z	d8d3b1575e41db2f7ea52b3fb3531258_
PUBLISH_START	2026-08-10T09:42:53Z	dccc9356e3c60edb825fa3a21a2296ae_
PUBLISH_COMPLETE	2026-08-10T09:45:58Z	dccc9356e3c60edb825fa3a21a2296ae_
PUBLISH_START	2026-08-10T09:45:59Z	df47ac2d26fef6f0eace26f819bda392_
PUBLISH_COMPLETE	2026-08-10T10:00:19Z	df47ac2d26fef6f0eace26f819bda392_
PUBLISH_START	2026-08-10T10:00:20Z	e64cde7284147387e31d87ada68f2d1c_
PUBLISH_COMPLETE	2026-08-10T10:27:13Z	e64cde7284147387e31d87ada68f2d1c_
PUBLISH_START	2026-08-10T10:27:14Z	ec5a7de2ea751bbceef716fb67d26c3a_
PUBLISH_COMPLETE	2026-08-10T10:29:30Z	ec5a7de2ea751bbceef716fb67d26c3a_
CANONICAL_PUBLISH_VERIFIED	2026-08-10T10:29:30Z	conda=30	containers=0
CANONICAL_PUBLISH_SUCCESS	2026-08-10T10:29:30Z	rc=0
PUBLISH_EXIT	2026-08-10T10:29:30Z	rc=0
