{
  "command_ids": [
    "illumina_hg002_kitchensink_multiqc",
    "hybrid_ilmn_ont_snv_kitchensink"
  ],
  "dry_run_only": false,
  "evidence_prefix_s3_uri": "s3://lsmc-ssf-sequencing-data/derived/command-catalog/dyec-10.0.129-dev/dayoa-10.0.75/20260709T232804Z/ifx-reworkB/command_catalog_results/10.0.75-20260709T232804Z/",
  "output_dir": "docs/plans/20260709T232804Z_ifx_reworkb_command_catalog_kitchensinks_logs",
  "phases": [
    {
      "analysis_id": "ccv_warmup_illumina_hg002_kitchensink_multiqc_20260709T232804Z",
      "command_id": "illumina_hg002_kitchensink_multiqc",
      "command_type": "prod",
      "exit_code": 0,
      "export_destination_s3_uri": "s3://lsmc-ssf-sequencing-data/derived/command-catalog/dyec-10.0.129-dev/dayoa-10.0.75/20260709T232804Z/ifx-reworkB/command_catalog_results/10.0.75-20260709T232804Z/ubuntu/ccv_warmup_illumina_hg002_kitchensink_multiqc_20260709T232804Z/",
      "launch_rc": 0,
      "phase": "warmup",
      "repo_path": "/fsx/analysis_results/ubuntu/ccv_warmup_illumina_hg002_kitchensink_multiqc_20260709T232804Z/daylily-omics-analysis",
      "run_dir": "/home/ubuntu/daylily-runs/ccv_warmup_illumina_hg002_kitchensink_multiqc_20260709T232804Z",
      "session_name": "ccv_warmup_illumina_hg002_kitchensink_multiqc_20260709T232804Z"
    },
    {
      "analysis_id": "ccv_warmup_hybrid_ilmn_ont_snv_kitchensink_20260709T232804Z",
      "command_id": "hybrid_ilmn_ont_snv_kitchensink",
      "command_type": "prod",
      "exit_code": 1,
      "export_destination_s3_uri": "s3://lsmc-ssf-sequencing-data/derived/command-catalog/dyec-10.0.129-dev/dayoa-10.0.75/20260709T232804Z/ifx-reworkB/command_catalog_results/10.0.75-20260709T232804Z/ubuntu/ccv_warmup_hybrid_ilmn_ont_snv_kitchensink_20260709T232804Z/",
      "launch_rc": 0,
      "phase": "warmup",
      "repo_path": "/fsx/analysis_results/ubuntu/ccv_warmup_hybrid_ilmn_ont_snv_kitchensink_20260709T232804Z/daylily-omics-analysis",
      "run_dir": "/home/ubuntu/daylily-runs/ccv_warmup_hybrid_ilmn_ont_snv_kitchensink_20260709T232804Z",
      "session_name": "ccv_warmup_hybrid_ilmn_ont_snv_kitchensink_20260709T232804Z"
    },
    {
      "analysis_id": "ccv_dryrun_illumina_hg002_kitchensink_multiqc_20260709T232804Z",
      "command_id": "illumina_hg002_kitchensink_multiqc",
      "command_type": "prod",
      "exit_code": 0,
      "export_destination_s3_uri": "s3://lsmc-ssf-sequencing-data/derived/command-catalog/dyec-10.0.129-dev/dayoa-10.0.75/20260709T232804Z/ifx-reworkB/command_catalog_results/10.0.75-20260709T232804Z/ubuntu/ccv_dryrun_illumina_hg002_kitchensink_multiqc_20260709T232804Z/",
      "launch_rc": 0,
      "phase": "dryrun",
      "repo_path": "/fsx/analysis_results/ubuntu/ccv_dryrun_illumina_hg002_kitchensink_multiqc_20260709T232804Z/daylily-omics-analysis",
      "run_dir": "/home/ubuntu/daylily-runs/ccv_dryrun_illumina_hg002_kitchensink_multiqc_20260709T232804Z",
      "session_name": "ccv_dryrun_illumina_hg002_kitchensink_multiqc_20260709T232804Z"
    },
    {
      "analysis_id": "ccv_dryrun_hybrid_ilmn_ont_snv_kitchensink_20260709T232804Z",
      "command_id": "hybrid_ilmn_ont_snv_kitchensink",
      "command_type": "prod",
      "exit_code": 0,
      "export_destination_s3_uri": "s3://lsmc-ssf-sequencing-data/derived/command-catalog/dyec-10.0.129-dev/dayoa-10.0.75/20260709T232804Z/ifx-reworkB/command_catalog_results/10.0.75-20260709T232804Z/ubuntu/ccv_dryrun_hybrid_ilmn_ont_snv_kitchensink_20260709T232804Z/",
      "launch_rc": 0,
      "phase": "dryrun",
      "repo_path": "/fsx/analysis_results/ubuntu/ccv_dryrun_hybrid_ilmn_ont_snv_kitchensink_20260709T232804Z/daylily-omics-analysis",
      "run_dir": "/home/ubuntu/daylily-runs/ccv_dryrun_hybrid_ilmn_ont_snv_kitchensink_20260709T232804Z",
      "session_name": "ccv_dryrun_hybrid_ilmn_ont_snv_kitchensink_20260709T232804Z"
    },
    {
      "analysis_id": "ccv_live_illumina_hg002_kitchensink_multiqc_20260709T232804Z",
      "command_id": "illumina_hg002_kitchensink_multiqc",
      "command_type": "prod",
      "exit_code": 0,
      "export_destination_s3_uri": "s3://lsmc-ssf-sequencing-data/derived/command-catalog/dyec-10.0.129-dev/dayoa-10.0.75/20260709T232804Z/ifx-reworkB/command_catalog_results/10.0.75-20260709T232804Z/ubuntu/ccv_live_illumina_hg002_kitchensink_multiqc_20260709T232804Z/",
      "launch_rc": 0,
      "phase": "live",
      "repo_path": "/fsx/analysis_results/ubuntu/ccv_live_illumina_hg002_kitchensink_multiqc_20260709T232804Z/daylily-omics-analysis",
      "run_dir": "/home/ubuntu/daylily-runs/ccv_live_illumina_hg002_kitchensink_multiqc_20260709T232804Z",
      "session_name": "ccv_live_illumina_hg002_kitchensink_multiqc_20260709T232804Z"
    },
    {
      "analysis_id": "ccv_live_hybrid_ilmn_ont_snv_kitchensink_20260709T232804Z",
      "command_id": "hybrid_ilmn_ont_snv_kitchensink",
      "command_type": "prod",
      "exit_code": 0,
      "export_destination_s3_uri": "s3://lsmc-ssf-sequencing-data/derived/command-catalog/dyec-10.0.129-dev/dayoa-10.0.75/20260709T232804Z/ifx-reworkB/command_catalog_results/10.0.75-20260709T232804Z/ubuntu/ccv_live_hybrid_ilmn_ont_snv_kitchensink_20260709T232804Z/",
      "launch_rc": 0,
      "phase": "live",
      "repo_path": "/fsx/analysis_results/ubuntu/ccv_live_hybrid_ilmn_ont_snv_kitchensink_20260709T232804Z/daylily-omics-analysis",
      "run_dir": "/home/ubuntu/daylily-runs/ccv_live_hybrid_ilmn_ont_snv_kitchensink_20260709T232804Z",
      "session_name": "ccv_live_hybrid_ilmn_ont_snv_kitchensink_20260709T232804Z"
    }
  ],
  "rc": 1
}
