Wed Jul  8 00:10:55 UTC 2026
command_id=illumina_snv_alignstats
session=ccv_live_illumina_snv_alignstats_20260707T165057Z
source_path=/fsx/analysis_results/ubuntu/ccv_live_illumina_snv_alignstats_20260707T165057Z
destination_s3_uri=s3://lsmc-ssf-sequencing-data/derived/command-catalog/dyec-10.0.103/dayoa-10.0.64/20260707T144453Z/ubuntu/ccv_live_illumina_snv_alignstats_20260707T165057Z/

── EXPORT ──
  › Preparing direct FSx export DRA
2026-07-07 17:10:55,887 INFO Found credentials in shared credentials file: ~/.aws/credentials
  · Attached export DRA dra-0c014567f57960245 at 
/fsx/analysis_results/ubuntu/ccv_live_illumina_snv_alignstats_20260707T165057Z/
2026-07-07 17:13:49,675 INFO Task task-01bec2e53ddbf7d2b status: PENDING
2026-07-07 17:14:20,191 INFO Task task-01bec2e53ddbf7d2b status: EXECUTING
2026-07-07 17:14:50,675 INFO Task task-01bec2e53ddbf7d2b status: SUCCEEDED
2026-07-07 17:15:22,163 INFO Wrote export status to /Users/jmajor/projects/lsmc/daylily-ephemeral-cluster/docs/plans/20260707T144453Z_success_exports/illumina_snv_alignstats/fsx_export.yaml

╭────────────────────────────── Export complete ───────────────────────────────╮
│                                                                              │
│  Cluster: cmdcat-103-all-20260707                                            │
│  FSx: fs-0e89a93ffac2f0d93                                                   │
│  Source:                                                                     │
│  /analysis_results/ubuntu/ccv_live_illumina_snv_alignstats_20260707T165057Z  │
│  /                                                                           │
│  S3:                                                                         │
│  s3://lsmc-ssf-sequencing-data/derived/command-catalog/dyec-10.0.103/dayoa-  │
│  10.0.64/20260707T144453Z/ubuntu/ccv_live_illumina_snv_alignstats_20260707T  │
│  165057Z/                                                                    │
│  Status file:                                                                │
│  /Users/jmajor/projects/lsmc/daylily-ephemeral-cluster/docs/plans/20260707T  │
│  144453Z_success_exports/illumina_snv_alignstats/fsx_export.yaml             │
│                                                                              │
╰──────────────────────────────────────────────────────────────────────────────╯
Wed Jul  8 00:15:22 UTC 2026
