Wed Jul  8 00:34:24 UTC 2026
command_id=ultima_snv_alignstats_kitchensink
session=ccv_live_ultima_snv_alignstats_kitchensink_20260707T190607Z
source_path=/fsx/analysis_results/ubuntu/ccv_live_ultima_snv_alignstats_kitchensink_20260707T190607Z
destination_s3_uri=s3://lsmc-ssf-sequencing-data/derived/command-catalog/dyec-10.0.103/dayoa-10.0.64/20260707T144453Z/ubuntu/ccv_live_ultima_snv_alignstats_kitchensink_20260707T190607Z/

── EXPORT ──
  › Preparing direct FSx export DRA
2026-07-07 17:34:24,655 INFO Found credentials in shared credentials file: ~/.aws/credentials
  · Attached export DRA dra-0b525872467ba3211 at 
/fsx/analysis_results/ubuntu/ccv_live_ultima_snv_alignstats_kitchensink_20260707
T190607Z/
2026-07-07 17:37:49,371 INFO Task task-0a3b75c4870960b1b status: PENDING
2026-07-07 17:38:19,750 INFO Task task-0a3b75c4870960b1b status: EXECUTING
2026-07-07 17:38:50,021 INFO Task task-0a3b75c4870960b1b status: EXECUTING
2026-07-07 17:39:20,462 INFO Task task-0a3b75c4870960b1b status: SUCCEEDED
2026-07-07 17:39:52,174 INFO Wrote export status to /Users/jmajor/projects/lsmc/daylily-ephemeral-cluster/docs/plans/20260707T144453Z_success_exports/ultima_snv_alignstats_kitchensink/fsx_export.yaml

╭────────────────────────────── Export complete ───────────────────────────────╮
│                                                                              │
│  Cluster: cmdcat-103-all-20260707                                            │
│  FSx: fs-0e89a93ffac2f0d93                                                   │
│  Source:                                                                     │
│  /analysis_results/ubuntu/ccv_live_ultima_snv_alignstats_kitchensink_202607  │
│  07T190607Z/                                                                 │
│  S3:                                                                         │
│  s3://lsmc-ssf-sequencing-data/derived/command-catalog/dyec-10.0.103/dayoa-  │
│  10.0.64/20260707T144453Z/ubuntu/ccv_live_ultima_snv_alignstats_kitchensink  │
│  _20260707T190607Z/                                                          │
│  Status file:                                                                │
│  /Users/jmajor/projects/lsmc/daylily-ephemeral-cluster/docs/plans/20260707T  │
│  144453Z_success_exports/ultima_snv_alignstats_kitchensink/fsx_export.yaml   │
│                                                                              │
╰──────────────────────────────────────────────────────────────────────────────╯
Wed Jul  8 00:39:52 UTC 2026
