Wed Jul  8 00:20:35 UTC 2026
command_id=illumina_hg002_kitchensink_multiqc
session=ccv_live_illumina_hg002_kitchensink_multiqc_20260707T185605Z
source_path=/fsx/analysis_results/ubuntu/ccv_live_illumina_hg002_kitchensink_multiqc_20260707T185605Z
destination_s3_uri=s3://lsmc-ssf-sequencing-data/derived/command-catalog/dyec-10.0.103/dayoa-10.0.64/20260707T144453Z/ubuntu/ccv_live_illumina_hg002_kitchensink_multiqc_20260707T185605Z/

── EXPORT ──
  › Preparing direct FSx export DRA
2026-07-07 17:20:35,411 INFO Found credentials in shared credentials file: ~/.aws/credentials
  · Attached export DRA dra-0ce779315bc8534ab at 
/fsx/analysis_results/ubuntu/ccv_live_illumina_hg002_kitchensink_multiqc_2026070
7T185605Z/
2026-07-07 17:23:59,804 INFO Task task-0254f81a36477cb7c status: PENDING
2026-07-07 17:24:30,345 INFO Task task-0254f81a36477cb7c status: EXECUTING
2026-07-07 17:25:00,886 INFO Task task-0254f81a36477cb7c status: SUCCEEDED
2026-07-07 17:25:32,435 INFO Wrote export status to /Users/jmajor/projects/lsmc/daylily-ephemeral-cluster/docs/plans/20260707T144453Z_success_exports/illumina_hg002_kitchensink_multiqc/fsx_export.yaml

╭────────────────────────────── Export complete ───────────────────────────────╮
│                                                                              │
│  Cluster: cmdcat-103-all-20260707                                            │
│  FSx: fs-0e89a93ffac2f0d93                                                   │
│  Source:                                                                     │
│  /analysis_results/ubuntu/ccv_live_illumina_hg002_kitchensink_multiqc_20260  │
│  707T185605Z/                                                                │
│  S3:                                                                         │
│  s3://lsmc-ssf-sequencing-data/derived/command-catalog/dyec-10.0.103/dayoa-  │
│  10.0.64/20260707T144453Z/ubuntu/ccv_live_illumina_hg002_kitchensink_multiq  │
│  c_20260707T185605Z/                                                         │
│  Status file:                                                                │
│  /Users/jmajor/projects/lsmc/daylily-ephemeral-cluster/docs/plans/20260707T  │
│  144453Z_success_exports/illumina_hg002_kitchensink_multiqc/fsx_export.yaml  │
│                                                                              │
╰──────────────────────────────────────────────────────────────────────────────╯
Wed Jul  8 00:25:32 UTC 2026
