Wed Jul  8 01:13:43 UTC 2026
command_id=complete_genomics_mgi_snv_concordance
session=ccv_live_complete_genomics_mgi_snv_concordance_20260707T165057Z
source_path=/fsx/analysis_results/ubuntu/ccv_live_complete_genomics_mgi_snv_concordance_20260707T165057Z
destination_s3_uri=s3://lsmc-ssf-sequencing-data/derived/command-catalog/dyec-10.0.103/dayoa-10.0.64/20260707T144453Z/ubuntu/ccv_live_complete_genomics_mgi_snv_concordance_20260707T165057Z/

── EXPORT ──
  › Preparing direct FSx export DRA
2026-07-07 18:13:43,509 INFO Found credentials in shared credentials file: ~/.aws/credentials
  · Attached export DRA dra-0c47b04abf7237f4c at 
/fsx/analysis_results/ubuntu/ccv_live_complete_genomics_mgi_snv_concordance_2026
0707T165057Z/
2026-07-07 18:16:37,011 INFO Task task-0ac082f2a96ea10cb status: PENDING
2026-07-07 18:17:07,545 INFO Task task-0ac082f2a96ea10cb status: EXECUTING
2026-07-07 18:17:37,905 INFO Task task-0ac082f2a96ea10cb status: EXECUTING
2026-07-07 18:18:08,201 INFO Task task-0ac082f2a96ea10cb status: SUCCEEDED
2026-07-07 18:18:39,944 INFO Wrote export status to /Users/jmajor/projects/lsmc/daylily-ephemeral-cluster/docs/plans/20260707T144453Z_success_exports/complete_genomics_mgi_snv_concordance/fsx_export.yaml

╭────────────────────────────── Export complete ───────────────────────────────╮
│                                                                              │
│  Cluster: cmdcat-103-all-20260707                                            │
│  FSx: fs-0e89a93ffac2f0d93                                                   │
│  Source:                                                                     │
│  /analysis_results/ubuntu/ccv_live_complete_genomics_mgi_snv_concordance_20  │
│  260707T165057Z/                                                             │
│  S3:                                                                         │
│  s3://lsmc-ssf-sequencing-data/derived/command-catalog/dyec-10.0.103/dayoa-  │
│  10.0.64/20260707T144453Z/ubuntu/ccv_live_complete_genomics_mgi_snv_concord  │
│  ance_20260707T165057Z/                                                      │
│  Status file:                                                                │
│  /Users/jmajor/projects/lsmc/daylily-ephemeral-cluster/docs/plans/20260707T  │
│  144453Z_success_exports/complete_genomics_mgi_snv_concordance/fsx_export.y  │
│  aml                                                                         │
│                                                                              │
╰──────────────────────────────────────────────────────────────────────────────╯
Wed Jul  8 01:18:40 UTC 2026
