Wed Jul  8 00:39:52 UTC 2026
command_id=ultima_pangenome_snv
session=ccv_live_ultima_pangenome_snv_20260707T190607Z
source_path=/fsx/analysis_results/ubuntu/ccv_live_ultima_pangenome_snv_20260707T190607Z
destination_s3_uri=s3://lsmc-ssf-sequencing-data/derived/command-catalog/dyec-10.0.103/dayoa-10.0.64/20260707T144453Z/ubuntu/ccv_live_ultima_pangenome_snv_20260707T190607Z/

── EXPORT ──
  › Preparing direct FSx export DRA
2026-07-07 17:39:52,469 INFO Found credentials in shared credentials file: ~/.aws/credentials
  · Attached export DRA dra-04cd63c117a8ab65c at 
/fsx/analysis_results/ubuntu/ccv_live_ultima_pangenome_snv_20260707T190607Z/
2026-07-07 17:42:14,091 INFO Task task-0d64ecd259a83563c status: PENDING
2026-07-07 17:42:44,499 INFO Task task-0d64ecd259a83563c status: EXECUTING
2026-07-07 17:43:15,074 INFO Task task-0d64ecd259a83563c status: SUCCEEDED
2026-07-07 17:43:46,736 INFO Wrote export status to /Users/jmajor/projects/lsmc/daylily-ephemeral-cluster/docs/plans/20260707T144453Z_success_exports/ultima_pangenome_snv/fsx_export.yaml

╭────────────────────────────── Export complete ───────────────────────────────╮
│                                                                              │
│  Cluster: cmdcat-103-all-20260707                                            │
│  FSx: fs-0e89a93ffac2f0d93                                                   │
│  Source:                                                                     │
│  /analysis_results/ubuntu/ccv_live_ultima_pangenome_snv_20260707T190607Z/    │
│  S3:                                                                         │
│  s3://lsmc-ssf-sequencing-data/derived/command-catalog/dyec-10.0.103/dayoa-  │
│  10.0.64/20260707T144453Z/ubuntu/ccv_live_ultima_pangenome_snv_20260707T190  │
│  607Z/                                                                       │
│  Status file:                                                                │
│  /Users/jmajor/projects/lsmc/daylily-ephemeral-cluster/docs/plans/20260707T  │
│  144453Z_success_exports/ultima_pangenome_snv/fsx_export.yaml                │
│                                                                              │
╰──────────────────────────────────────────────────────────────────────────────╯
Wed Jul  8 00:43:46 UTC 2026
