Wed Jul  8 01:28:19 UTC 2026
command_id=ultima_run_qc
session=ccv_live_ultima_run_qc_20260707T171700Z
source_path=/fsx/analysis_results/ubuntu/ccv_live_ultima_run_qc_20260707T171700Z
destination_s3_uri=s3://lsmc-ssf-sequencing-data/derived/command-catalog/dyec-10.0.103/dayoa-10.0.64/20260707T144453Z/ubuntu/ccv_live_ultima_run_qc_20260707T171700Z/

── EXPORT ──
  › Preparing direct FSx export DRA
2026-07-07 18:28:19,898 INFO Found credentials in shared credentials file: ~/.aws/credentials
  · Attached export DRA dra-01ad99f029407ab08 at 
/fsx/analysis_results/ubuntu/ccv_live_ultima_run_qc_20260707T171700Z/
2026-07-07 18:31:43,283 INFO Task task-0d6574240b472b85c status: PENDING
2026-07-07 18:32:13,627 INFO Task task-0d6574240b472b85c status: EXECUTING
2026-07-07 18:32:43,874 INFO Task task-0d6574240b472b85c status: SUCCEEDED
2026-07-07 18:33:16,055 INFO Wrote export status to /Users/jmajor/projects/lsmc/daylily-ephemeral-cluster/docs/plans/20260707T144453Z_success_exports/ultima_run_qc/fsx_export.yaml

╭────────────────────────────── Export complete ───────────────────────────────╮
│                                                                              │
│  Cluster: cmdcat-103-all-20260707                                            │
│  FSx: fs-0e89a93ffac2f0d93                                                   │
│  Source: /analysis_results/ubuntu/ccv_live_ultima_run_qc_20260707T171700Z/   │
│  S3:                                                                         │
│  s3://lsmc-ssf-sequencing-data/derived/command-catalog/dyec-10.0.103/dayoa-  │
│  10.0.64/20260707T144453Z/ubuntu/ccv_live_ultima_run_qc_20260707T171700Z/    │
│  Status file:                                                                │
│  /Users/jmajor/projects/lsmc/daylily-ephemeral-cluster/docs/plans/20260707T  │
│  144453Z_success_exports/ultima_run_qc/fsx_export.yaml                       │
│                                                                              │
╰──────────────────────────────────────────────────────────────────────────────╯
Wed Jul  8 01:33:16 UTC 2026
