Wed Jul  8 00:59:23 UTC 2026
command_id=roche_snv_alignstats
session=ccv_live_roche_snv_alignstats_20260707T190607Z
source_path=/fsx/analysis_results/ubuntu/ccv_live_roche_snv_alignstats_20260707T190607Z
destination_s3_uri=s3://lsmc-ssf-sequencing-data/derived/command-catalog/dyec-10.0.103/dayoa-10.0.64/20260707T144453Z/ubuntu/ccv_live_roche_snv_alignstats_20260707T190607Z/

── EXPORT ──
  › Preparing direct FSx export DRA
2026-07-07 17:59:23,888 INFO Found credentials in shared credentials file: ~/.aws/credentials
  · Attached export DRA dra-0dc3f67ada1b2f9af at 
/fsx/analysis_results/ubuntu/ccv_live_roche_snv_alignstats_20260707T190607Z/
2026-07-07 18:02:17,022 INFO Task task-00826b4bb50382def status: PENDING
2026-07-07 18:02:47,330 INFO Task task-00826b4bb50382def status: EXECUTING
2026-07-07 18:03:18,034 INFO Task task-00826b4bb50382def status: EXECUTING
2026-07-07 18:03:48,561 INFO Task task-00826b4bb50382def status: SUCCEEDED
2026-07-07 18:04:20,506 INFO Wrote export status to /Users/jmajor/projects/lsmc/daylily-ephemeral-cluster/docs/plans/20260707T144453Z_success_exports/roche_snv_alignstats/fsx_export.yaml

╭────────────────────────────── Export complete ───────────────────────────────╮
│                                                                              │
│  Cluster: cmdcat-103-all-20260707                                            │
│  FSx: fs-0e89a93ffac2f0d93                                                   │
│  Source:                                                                     │
│  /analysis_results/ubuntu/ccv_live_roche_snv_alignstats_20260707T190607Z/    │
│  S3:                                                                         │
│  s3://lsmc-ssf-sequencing-data/derived/command-catalog/dyec-10.0.103/dayoa-  │
│  10.0.64/20260707T144453Z/ubuntu/ccv_live_roche_snv_alignstats_20260707T190  │
│  607Z/                                                                       │
│  Status file:                                                                │
│  /Users/jmajor/projects/lsmc/daylily-ephemeral-cluster/docs/plans/20260707T  │
│  144453Z_success_exports/roche_snv_alignstats/fsx_export.yaml                │
│                                                                              │
╰──────────────────────────────────────────────────────────────────────────────╯
Wed Jul  8 01:04:20 UTC 2026
