{
  "argv": [
    "/Users/jmajor/miniconda3/envs/DAY-EC/bin/dyec",
    "workflow",
    "launch",
    "--repository",
    "daylily-omics-analysis",
    "--analysis-id",
    "gd3v206-huobase5xr1",
    "--executing-entity",
    "ubuntu",
    "--git-tag",
    "2.0.6",
    "--genome",
    "hg38_broad",
    "--dy-command",
    "bash /home/ubuntu/ds/gd3serialksv206/gd3v206-huobase5xr1_patch_and_run.sh",
    "--profile",
    "lsmc",
    "--region",
    "us-west-2",
    "--cluster",
    "goodole3",
    "--stage-dir",
    "/home/ubuntu/ds/gd3serialksv206/gd3v206-huobase5xr1",
    "--session-name",
    "gd3v206-huobase5xr1",
    "--skip-project-check",
    "--export-destination-s3-uri",
    "s3://lsmc-dayoa-analysis-results-usw2/validation/goodole3/ubuntu/gd3v206-huobase5xr1/",
    "--export-trigger",
    "on-success",
    "--delete-on-export-success"
  ],
  "returncode": 0,
  "stderr": "",
  "stdout": "DAY-EC activated.\nDAY-EC activated.\n__DAYLILY_STAGE_DIR__=/home/ubuntu/ds/gd3serialksv206/gd3v206-huobase5xr1\n__DAYLILY_STAGE_SAMPLES__=/home/ubuntu/ds/gd3serialksv206/gd3v206-huobase5xr1/a_samples.tsv\n__DAYLILY_STAGE_UNITS__=/home/ubuntu/ds/gd3serialksv206/gd3v206-huobase5xr1/a_units.tsv\nDAY-EC activated.\nDAY-EC activated.\n__DAYLILY_SESSION__=gd3v206-huobase5xr1\n__DAYLILY_RUN_DIR__=/home/ubuntu/daylily-runs/gd3v206-huobase5xr1\n__DAYLILY_REPO_PATH__=/fsx/analysis_results/ubuntu/gd3v206-huobase5xr1/daylily-omics-analysis\nTmux session 'gd3v206-huobase5xr1' created on the head node.\nRun state directory: /home/ubuntu/daylily-runs/gd3v206-huobase5xr1\nWorkflow repo path: /fsx/analysis_results/ubuntu/gd3v206-huobase5xr1/daylily-omics-analysis\nReconnect with: daylily-ssh-into-headnode --profile lsmc --region us-west-2 --cluster goodole3\nThen run: tmux attach -t gd3v206-huobase5xr1\n"
}
