[1m[48;5;88m[38;5;79mYour config files in /fsx/analysis_results/ubuntu/inflection_20260527-2.0.11/daylily-omics-analysis/config/day_profiles/slurm are newer than the templates. clear 2 go.[0m
[1m[48;5;17m[38;5;76m...AUTO-CONFIG: aligners=sent (from target rules → env)[0m
[1m[40m[38;5;118mExecuting: snakemake --profile=/fsx/analysis_results/ubuntu/inflection_20260527-2.0.11/daylily-omics-analysis/config/day_profiles/slurm produce_sent_align --rulegraph --nolock[0m
loading global: /fsx/analysis_results/ubuntu/inflection_20260527-2.0.11/daylily-omics-analysis/config/global_AWSPC.yaml
loading profile rule_config: /fsx/analysis_results/ubuntu/inflection_20260527-2.0.11/daylily-omics-analysis/config/day_profiles/slurm/rule_config.yaml
INFO::: The genome build hg38_broad is supported.  The genome build prefix is 'chr''.
[1m[48;5;166m[38;5;79m...WARNING: No aligners set in the config.[0m
[1m[48;5;166m[38;5;79m...INFO: Auto-detected aligners from env: ['sent'][0m
[1m[38;5;79maligners (final): [sent][0m
[1m[48;5;166m[38;5;79m...INFO: No dedupers set in config. Defaulting to na (no dedup).[0m
[1m[38;5;79mdeduper (final): [na][0m
[1m[48;5;166m[38;5;79m...WARNING: No snv_callers set in the config.[0m
[1m[38;5;79mSNV Callers (final): [][0m
[1m[38;5;79mSomatic SNV Callers:[senttn][0m
[1m[48;5;166m[38;5;79m... WARNING: No sv_callers set in the config.[0m
[1m[38;5;79mSV Callers (final): [][0m
A    N   A   L  Y S I S    SAMPLE TABLE DETECTED ::: /fsx/analysis_results/ubuntu/inflection_20260527-2.0.11/daylily-omics-analysis/config/samples.tsv
A    N   A   L  Y S I S    UNIT TABLE DETECTED ::: /fsx/analysis_results/ubuntu/inflection_20260527-2.0.11/daylily-omics-analysis/config/units.tsv
Building DAG of jobs...
[5m[48;5;118m[30mRETURN CODE: 0[0m
