[2026-05-25T09:22:28Z] LIVE_START illumina_snv_alignstats_relatedness_vep_multiqc tvb_illumina_related_vep_multiqc_5x_1021
[2026-05-25T09:22:46Z] LIVE_LAUNCH_RC illumina_snv_alignstats_relatedness_vep_multiqc 0
[2026-05-25T09:22:55Z] LIVE_WAIT illumina_snv_alignstats_relatedness_vep_multiqc attempt=1
[2026-05-25T09:29:30Z] LIVE_WAIT illumina_snv_alignstats_relatedness_vep_multiqc attempt=11
[2026-05-25T09:36:06Z] LIVE_WAIT illumina_snv_alignstats_relatedness_vep_multiqc attempt=21
[2026-05-25T09:42:42Z] LIVE_WAIT illumina_snv_alignstats_relatedness_vep_multiqc attempt=31
[2026-05-25T09:49:18Z] LIVE_WAIT illumina_snv_alignstats_relatedness_vep_multiqc attempt=41
[2026-05-25T09:55:54Z] LIVE_WAIT illumina_snv_alignstats_relatedness_vep_multiqc attempt=51
[2026-05-25T10:02:30Z] LIVE_WAIT illumina_snv_alignstats_relatedness_vep_multiqc attempt=61
[2026-05-25T10:09:06Z] LIVE_WAIT illumina_snv_alignstats_relatedness_vep_multiqc attempt=71
[2026-05-25T10:10:02Z] LIVE_COMPLETE illumina_snv_alignstats_relatedness_vep_multiqc exit_code=0
[2026-05-25T10:10:02Z] LIVE_START ultima_snv_alignstats tvb_ultima_snv_alignstats_5x_1021
[2026-05-25T10:10:20Z] LIVE_LAUNCH_RC ultima_snv_alignstats 0
[2026-05-25T10:10:29Z] LIVE_WAIT ultima_snv_alignstats attempt=1
[2026-05-25T10:18:07Z] LIVE_COMPLETE ultima_snv_alignstats exit_code=0
[2026-05-25T10:18:07Z] LIVE_START ont_snv_alignstats tvb_ont_snv_alignstats_5x_1021
[2026-05-25T10:18:25Z] LIVE_LAUNCH_RC ont_snv_alignstats 0
[2026-05-25T10:18:33Z] LIVE_WAIT ont_snv_alignstats attempt=1
[2026-05-25T10:25:09Z] LIVE_WAIT ont_snv_alignstats attempt=11
[2026-05-25T10:31:45Z] LIVE_WAIT ont_snv_alignstats attempt=21
[2026-05-25T10:34:37Z] LIVE_COMPLETE ont_snv_alignstats exit_code=0
[2026-05-25T10:34:37Z] LIVE_START pacbio_snv_alignstats tvb_pacbio_snv_alignstats_5x_1021
[2026-05-25T10:34:55Z] LIVE_LAUNCH_RC pacbio_snv_alignstats 0
[2026-05-25T10:35:03Z] LIVE_WAIT pacbio_snv_alignstats attempt=1
[2026-05-25T10:41:39Z] LIVE_WAIT pacbio_snv_alignstats attempt=11
[2026-05-25T10:48:14Z] LIVE_WAIT pacbio_snv_alignstats attempt=21
[2026-05-25T10:54:49Z] LIVE_WAIT pacbio_snv_alignstats attempt=31
[2026-05-25T11:01:25Z] LIVE_WAIT pacbio_snv_alignstats attempt=41
[2026-05-25T11:08:01Z] LIVE_WAIT pacbio_snv_alignstats attempt=51
[2026-05-25T11:12:49Z] LIVE_COMPLETE pacbio_snv_alignstats exit_code=0
[2026-05-25T11:12:49Z] LIVE_START hybrid_ilmn_ont_snv tvb_hybrid_ilmn_ont_snv_5x5x_1021
[2026-05-25T11:13:07Z] LIVE_LAUNCH_RC hybrid_ilmn_ont_snv 0
[2026-05-25T11:13:16Z] LIVE_WAIT hybrid_ilmn_ont_snv attempt=1
[2026-05-25T11:19:51Z] LIVE_WAIT hybrid_ilmn_ont_snv attempt=11
[2026-05-25T11:26:27Z] LIVE_WAIT hybrid_ilmn_ont_snv attempt=21
[2026-05-25T11:33:03Z] LIVE_WAIT hybrid_ilmn_ont_snv attempt=31
[2026-05-25T11:39:38Z] LIVE_WAIT hybrid_ilmn_ont_snv attempt=41
[2026-05-25T11:46:13Z] LIVE_WAIT hybrid_ilmn_ont_snv attempt=51
[2026-05-25T11:52:49Z] LIVE_WAIT hybrid_ilmn_ont_snv attempt=61
[2026-05-25T11:59:24Z] LIVE_WAIT hybrid_ilmn_ont_snv attempt=71
[2026-05-25T12:05:59Z] LIVE_WAIT hybrid_ilmn_ont_snv attempt=81
[2026-05-25T12:12:35Z] LIVE_WAIT hybrid_ilmn_ont_snv attempt=91
[2026-05-25T12:19:11Z] LIVE_WAIT hybrid_ilmn_ont_snv attempt=101
[2026-05-25T12:25:46Z] LIVE_WAIT hybrid_ilmn_ont_snv attempt=111
[2026-05-25T12:32:22Z] LIVE_WAIT hybrid_ilmn_ont_snv attempt=121
[2026-05-25T12:38:57Z] LIVE_WAIT hybrid_ilmn_ont_snv attempt=131
[2026-05-25T12:45:33Z] LIVE_WAIT hybrid_ilmn_ont_snv attempt=141
[2026-05-25T12:52:08Z] LIVE_WAIT hybrid_ilmn_ont_snv attempt=151
[2026-05-25T12:58:44Z] LIVE_WAIT hybrid_ilmn_ont_snv attempt=161
[2026-05-25T13:05:18Z] LIVE_WAIT hybrid_ilmn_ont_snv attempt=171
[2026-05-25T13:11:53Z] LIVE_WAIT hybrid_ilmn_ont_snv attempt=181
[2026-05-25T13:18:28Z] LIVE_WAIT hybrid_ilmn_ont_snv attempt=191
[2026-05-25T13:25:04Z] LIVE_WAIT hybrid_ilmn_ont_snv attempt=201
[2026-05-25T13:31:40Z] LIVE_WAIT hybrid_ilmn_ont_snv attempt=211
[2026-05-25T13:38:15Z] LIVE_WAIT hybrid_ilmn_ont_snv attempt=221
[2026-05-25T13:44:50Z] LIVE_WAIT hybrid_ilmn_ont_snv attempt=231
[2026-05-25T13:51:25Z] LIVE_WAIT hybrid_ilmn_ont_snv attempt=241
[2026-05-25T13:58:01Z] LIVE_WAIT hybrid_ilmn_ont_snv attempt=251
[2026-05-25T14:04:36Z] LIVE_WAIT hybrid_ilmn_ont_snv attempt=261
[2026-05-25T14:11:11Z] LIVE_WAIT hybrid_ilmn_ont_snv attempt=271
[2026-05-25T14:17:47Z] LIVE_WAIT hybrid_ilmn_ont_snv attempt=281
[2026-05-25T14:24:22Z] LIVE_WAIT hybrid_ilmn_ont_snv attempt=291
[2026-05-25T14:30:57Z] LIVE_WAIT hybrid_ilmn_ont_snv attempt=301
[2026-05-25T14:37:33Z] LIVE_WAIT hybrid_ilmn_ont_snv attempt=311
[2026-05-25T14:44:08Z] LIVE_WAIT hybrid_ilmn_ont_snv attempt=321
[2026-05-25T14:50:43Z] LIVE_WAIT hybrid_ilmn_ont_snv attempt=331
[2026-05-25T14:57:18Z] LIVE_WAIT hybrid_ilmn_ont_snv attempt=341
[2026-05-25T15:03:53Z] LIVE_WAIT hybrid_ilmn_ont_snv attempt=351
[2026-05-25T15:10:28Z] LIVE_WAIT hybrid_ilmn_ont_snv attempt=361
[2026-05-25T15:17:04Z] LIVE_WAIT hybrid_ilmn_ont_snv attempt=371
[2026-05-25T15:23:39Z] LIVE_WAIT hybrid_ilmn_ont_snv attempt=381
[2026-05-25T15:30:14Z] LIVE_WAIT hybrid_ilmn_ont_snv attempt=391
[2026-05-25T15:36:49Z] LIVE_WAIT hybrid_ilmn_ont_snv attempt=401
[2026-05-25T15:43:25Z] LIVE_WAIT hybrid_ilmn_ont_snv attempt=411
[2026-05-25T15:50:00Z] LIVE_WAIT hybrid_ilmn_ont_snv attempt=421
[2026-05-25T15:56:35Z] LIVE_WAIT hybrid_ilmn_ont_snv attempt=431
[2026-05-25T16:03:11Z] LIVE_WAIT hybrid_ilmn_ont_snv attempt=441
[2026-05-25T16:09:49Z] LIVE_WAIT hybrid_ilmn_ont_snv attempt=451
[2026-05-25T16:16:25Z] LIVE_WAIT hybrid_ilmn_ont_snv attempt=461
[2026-05-25T16:23:00Z] LIVE_WAIT hybrid_ilmn_ont_snv attempt=471
[2026-05-25T16:29:38Z] LIVE_WAIT hybrid_ilmn_ont_snv attempt=481
[2026-05-25T16:36:14Z] LIVE_WAIT hybrid_ilmn_ont_snv attempt=491
[2026-05-25T16:42:49Z] LIVE_WAIT hybrid_ilmn_ont_snv attempt=501
[2026-05-25T16:49:24Z] LIVE_WAIT hybrid_ilmn_ont_snv attempt=511
[2026-05-25T16:56:00Z] LIVE_WAIT hybrid_ilmn_ont_snv attempt=521
[2026-05-25T17:02:35Z] LIVE_WAIT hybrid_ilmn_ont_snv attempt=531
[2026-05-25T17:09:10Z] LIVE_WAIT hybrid_ilmn_ont_snv attempt=541
[2026-05-25T17:15:45Z] LIVE_WAIT hybrid_ilmn_ont_snv attempt=551
[2026-05-25T17:22:20Z] LIVE_WAIT hybrid_ilmn_ont_snv attempt=561
[2026-05-25T17:28:55Z] LIVE_WAIT hybrid_ilmn_ont_snv attempt=571
[2026-05-25T17:35:30Z] LIVE_WAIT hybrid_ilmn_ont_snv attempt=581
[2026-05-25T17:42:06Z] LIVE_WAIT hybrid_ilmn_ont_snv attempt=591
[2026-05-25T17:48:41Z] LIVE_WAIT hybrid_ilmn_ont_snv attempt=601
[2026-05-25T17:55:16Z] LIVE_WAIT hybrid_ilmn_ont_snv attempt=611
[2026-05-25T18:01:51Z] LIVE_WAIT hybrid_ilmn_ont_snv attempt=621
[2026-05-25T18:08:26Z] LIVE_WAIT hybrid_ilmn_ont_snv attempt=631
[2026-05-25T18:15:02Z] LIVE_WAIT hybrid_ilmn_ont_snv attempt=641
[2026-05-25T18:21:37Z] LIVE_WAIT hybrid_ilmn_ont_snv attempt=651
[2026-05-25T18:28:12Z] LIVE_WAIT hybrid_ilmn_ont_snv attempt=661
[2026-05-25T18:34:47Z] LIVE_WAIT hybrid_ilmn_ont_snv attempt=671
[2026-05-25T18:41:23Z] LIVE_WAIT hybrid_ilmn_ont_snv attempt=681
[2026-05-25T18:47:58Z] LIVE_WAIT hybrid_ilmn_ont_snv attempt=691
[2026-05-25T18:54:33Z] LIVE_WAIT hybrid_ilmn_ont_snv attempt=701
[2026-05-25T19:02:27Z] LIVE_WAIT hybrid_ilmn_ont_snv attempt=711
[2026-05-25T19:09:02Z] LIVE_WAIT hybrid_ilmn_ont_snv attempt=721
[2026-05-25T19:15:37Z] LIVE_WAIT hybrid_ilmn_ont_snv attempt=731
[2026-05-25T19:22:13Z] LIVE_WAIT hybrid_ilmn_ont_snv attempt=741
[2026-05-25T19:28:48Z] LIVE_WAIT hybrid_ilmn_ont_snv attempt=751
[2026-05-25T19:32:57Z] LIVE_COMPLETE hybrid_ilmn_ont_snv exit_code=0
[2026-05-25T19:32:57Z] LIVE_START hybrid_ultima_ont_snv tvb_hybrid_ultima_ont_snv_5x5x_1021
[2026-05-25T19:33:16Z] LIVE_LAUNCH_RC hybrid_ultima_ont_snv 0
[2026-05-25T19:33:24Z] LIVE_WAIT hybrid_ultima_ont_snv attempt=1
[2026-05-25T19:41:44Z] LIVE_WAIT hybrid_ultima_ont_snv attempt=11
[2026-05-25T19:48:19Z] LIVE_WAIT hybrid_ultima_ont_snv attempt=21
[2026-05-25T19:54:54Z] LIVE_WAIT hybrid_ultima_ont_snv attempt=31
[2026-05-25T19:59:42Z] LIVE_FAILED hybrid_ultima_ont_snv
[2026-05-25T19:59:42Z] LIVE_REMAINING_DONE failures=1
