{
  "argv": [
    "/Users/jmajor/miniconda3/envs/DAY-EC/bin/dyec",
    "--json",
    "mounts",
    "create",
    "s3://lsmc-ssf-sequencing-data/basecalls/lsmc/ssf-hq/LH01106/2026/20260514_LH01106_0009_B23TVLGLT4/",
    "--profile",
    "lsmc",
    "--region",
    "us-west-2",
    "--cluster",
    "blahab44",
    "--platform",
    "ILMN",
    "--mount-id",
    "20260514_LH01106_0009_B23TVLGLT4",
    "--run-id",
    "20260514_LH01106_0009_B23TVLGLT4",
    "--file-system-path",
    "/run_dir_mounts/20260514_LH01106_0009_B23TVLGLT4",
    "--read-only",
    "--batch-import-metadata-on-create",
    "--auto-import",
    "NEW,CHANGED",
    "--wait",
    "--timeout-seconds",
    "2400"
  ],
  "returncode": 0,
  "stderr": "",
  "stdout": "{\n  \"association_id\": \"dra-0fdade3d743fd267f\",\n  \"auto_export_events\": [],\n  \"auto_import_events\": [\n    \"NEW\",\n    \"CHANGED\"\n  ],\n  \"batch_import_metadata_on_create\": true,\n  \"cluster_name\": \"blahab44\",\n  \"created_at\": \"2026-05-26T23:53:52Z\",\n  \"created_by\": \"jmajor\",\n  \"data_repository_path\": \"s3://lsmc-ssf-sequencing-data/basecalls/lsmc/ssf-hq/LH01106/2026/20260514_LH01106_0009_B23TVLGLT4/\",\n  \"file_system_path\": \"/run_dir_mounts/20260514_LH01106_0009_B23TVLGLT4/\",\n  \"fsx_file_system_id\": \"fs-0f965a8f2b4769b52\",\n  \"headnode_path\": \"/fsx/run_dir_mounts/20260514_LH01106_0009_B23TVLGLT4/\",\n  \"lifecycle\": \"AVAILABLE\",\n  \"local_projection_status\": \"created\",\n  \"mount_id\": \"20260514_LH01106_0009_B23TVLGLT4\",\n  \"platform\": \"ILMN\",\n  \"profile_hint\": \"lsmc\",\n  \"purpose\": \"run\",\n  \"read_only\": true,\n  \"region\": \"us-west-2\",\n  \"run_id\": \"20260514_LH01106_0009_B23TVLGLT4\",\n  \"source_s3_uri\": \"s3://lsmc-ssf-sequencing-data/basecalls/lsmc/ssf-hq/LH01106/2026/20260514_LH01106_0009_B23TVLGLT4/\",\n  \"tags\": {\n    \"lsmc:purpose\": \"run-dir-mount\"\n  },\n  \"updated_at\": \"2026-05-27T00:14:04Z\"\n}\n"
}
