{
  "argv": [
    "/Users/jmajor/miniconda3/envs/DAY-EC/bin/dyec",
    "--json",
    "mounts",
    "create",
    "s3://lsmc-ssf-sequencing-data/basecalls/lsmc/ssf-hq/RUN602221/2026/602221-20260417_2346/",
    "--profile",
    "lsmc",
    "--region",
    "us-west-2",
    "--cluster",
    "blahab44",
    "--platform",
    "ULTIMA",
    "--mount-id",
    "602221-20260417_2346",
    "--run-id",
    "602221-20260417_2346",
    "--file-system-path",
    "/run_dir_mounts/602221-20260417_2346",
    "--read-only",
    "--batch-import-metadata-on-create",
    "--auto-import",
    "NEW,CHANGED",
    "--wait",
    "--timeout-seconds",
    "2400"
  ],
  "returncode": 0,
  "stderr": "",
  "stdout": "{\n  \"association_id\": \"dra-041d0df2126b3af7c\",\n  \"auto_export_events\": [],\n  \"auto_import_events\": [\n    \"NEW\",\n    \"CHANGED\"\n  ],\n  \"batch_import_metadata_on_create\": true,\n  \"cluster_name\": \"blahab44\",\n  \"created_at\": \"2026-05-27T00:41:28Z\",\n  \"created_by\": \"jmajor\",\n  \"data_repository_path\": \"s3://lsmc-ssf-sequencing-data/basecalls/lsmc/ssf-hq/RUN602221/2026/602221-20260417_2346/\",\n  \"file_system_path\": \"/run_dir_mounts/602221-20260417_2346/\",\n  \"fsx_file_system_id\": \"fs-0f965a8f2b4769b52\",\n  \"headnode_path\": \"/fsx/run_dir_mounts/602221-20260417_2346/\",\n  \"lifecycle\": \"AVAILABLE\",\n  \"local_projection_status\": \"created\",\n  \"mount_id\": \"602221-20260417_2346\",\n  \"platform\": \"ULTIMA\",\n  \"profile_hint\": \"lsmc\",\n  \"purpose\": \"run\",\n  \"read_only\": true,\n  \"region\": \"us-west-2\",\n  \"run_id\": \"602221-20260417_2346\",\n  \"source_s3_uri\": \"s3://lsmc-ssf-sequencing-data/basecalls/lsmc/ssf-hq/RUN602221/2026/602221-20260417_2346/\",\n  \"tags\": {\n    \"lsmc:purpose\": \"run-dir-mount\"\n  },\n  \"updated_at\": \"2026-05-27T01:01:53Z\"\n}\n"
}
