DAY-EC activated.
DAY-EC activated.
            outdir="$(dirname results/day/hg38_broad/TVBONT5X-HG003-5x-1-D0-PF-ONT-PROMETHION/align/ont/na/snv/sentdont/concordance/_hg38_m_giabHC/summary.txt)"
            rm -rf "$outdir"

            rtg vcfeval \
              --decompose \
              --squash-ploidy \
              --ref-overlap \
              -e /fsx/references/genomic_data/organism_annotations/H_sapiens/hg38/controls/giab/snv/v4.2.1/HG003/hg38_m_giabHC/HG003.bed \
              -b /fsx/references/genomic_data/organism_annotations/H_sapiens/hg38/controls/giab/snv/v4.2.1/HG003/hg38_m_giabHC/HG003.vcf.gz \
              -c results/day/hg38_broad/TVBONT5X-HG003-5x-1-D0-PF-ONT-PROMETHION/align/ont/na/snv/sentdont/TVBONT5X-HG003-5x-1-D0-PF-ONT-PROMETHION.ont.na.sentdont.snv.sort.vcf.gz \
              -o "$outdir" \
              -t /fsx/references/genomic_data/organism_references/H_sapiens/hg38_broad/Homo_sapiens_assembly38.sdf \
              --threads 16 \
              > results/day/hg38_broad/TVBONT5X-HG003-5x-1-D0-PF-ONT-PROMETHION/align/ont/na/snv/sentdont/concordance/logs/TVBONT5X-HG003-5x-1-D0-PF-ONT-PROMETHION.ont.na.sentdont.hg38_m_giabHC.rtg_vcfeval.log 2>&1
            
Submitted job 17 with external jobid '305'.

[Wed May 27 17:03:47 2026]
rule rtg_vcfeval_roi:
    input: results/day/hg38_broad/TVBONT5X-HG003-5x-1-D0-PF-ONT-PROMETHION/align/ont/na/snv/sentdont/TVBONT5X-HG003-5x-1-D0-PF-ONT-PROMETHION.ont.na.sentdont.snv.sort.vcf.gz, results/day/hg38_broad/TVBONT5X-HG003-5x-1-D0-PF-ONT-PROMETHION/align/ont/na/snv/sentdont/TVBONT5X-HG003-5x-1-D0-PF-ONT-PROMETHION.ont.na.sentdont.snv.sort.vcf.gz.tbi, /fsx/references/genomic_data/organism_annotations/H_sapiens/hg38/controls/giab/snv/v4.2.1/HG003/giabHC_x_clinvar_genes/HG003.vcf.gz, /fsx/references/genomic_data/organism_annotations/H_sapiens/hg38/controls/giab/snv/v4.2.1/HG003/giabHC_x_clinvar_genes/HG003.vcf.gz.tbi, /fsx/references/genomic_data/organism_annotations/H_sapiens/hg38/controls/giab/snv/v4.2.1/HG003/giabHC_x_clinvar_genes/HG003.bed
    output: results/day/hg38_broad/TVBONT5X-HG003-5x-1-D0-PF-ONT-PROMETHION/align/ont/na/snv/sentdont/concordance/_giabHC_x_clinvar_genes/summary.txt
    log: results/day/hg38_broad/TVBONT5X-HG003-5x-1-D0-PF-ONT-PROMETHION/align/ont/na/snv/sentdont/concordance/logs/TVBONT5X-HG003-5x-1-D0-PF-ONT-PROMETHION.ont.na.sentdont.giabHC_x_clinvar_genes.rtg_vcfeval.log
    jobid: 13
    benchmark: results/day/hg38_broad/TVBONT5X-HG003-5x-1-D0-PF-ONT-PROMETHION/benchmarks/TVBONT5X-HG003-5x-1-D0-PF-ONT-PROMETHION.ont.na.sentdont.giabHC_x_clinvar_genes.rtg_vcfeval.bench.tsv
    reason: Missing output files: results/day/hg38_broad/TVBONT5X-HG003-5x-1-D0-PF-ONT-PROMETHION/align/ont/na/snv/sentdont/concordance/_giabHC_x_clinvar_genes/summary.txt; Input files updated by another job: results/day/hg38_broad/TVBONT5X-HG003-5x-1-D0-PF-ONT-PROMETHION/align/ont/na/snv/sentdont/TVBONT5X-HG003-5x-1-D0-PF-ONT-PROMETHION.ont.na.sentdont.snv.sort.vcf.gz.tbi, results/day/hg38_broad/TVBONT5X-HG003-5x-1-D0-PF-ONT-PROMETHION/align/ont/na/snv/sentdont/TVBONT5X-HG003-5x-1-D0-PF-ONT-PROMETHION.ont.na.sentdont.snv.sort.vcf.gz
    wildcards: sample=TVBONT5X-HG003-5x-1-D0-PF-ONT-PROMETHION, alnr=ont, ddup=na, snv=sentdont, cmpfootprint=giabHC_x_clinvar_genes
    threads: 16
    resources: mem_mb=64000, mem_mib=61036, disk_mb=1000, disk_mib=954, tmpdir=<TBD>, threads=16, time=5440, partition=i192mem,i192bigmem, vcpu=16, distribution=block, exclusive=, constraint=, exclude=, include=


            set -euo pipefail
            export TMPDIR="/fsx/scratch/"
            outdir="$(dirname results/day/hg38_broad/TVBONT5X-HG003-5x-1-D0-PF-ONT-PROMETHION/align/ont/na/snv/sentdont/concordance/_giabHC_x_clinvar_genes/summary.txt)"
            rm -rf "$outdir"

            rtg vcfeval \
              --decompose \
              --squash-ploidy \
              --ref-overlap \
              -e /fsx/references/genomic_data/organism_annotations/H_sapiens/hg38/controls/giab/snv/v4.2.1/HG003/giabHC_x_clinvar_genes/HG003.bed \
              -b /fsx/references/genomic_data/organism_annotations/H_sapiens/hg38/controls/giab/snv/v4.2.1/HG003/giabHC_x_clinvar_genes/HG003.vcf.gz \
              -c results/day/hg38_broad/TVBONT5X-HG003-5x-1-D0-PF-ONT-PROMETHION/align/ont/na/snv/sentdont/TVBONT5X-HG003-5x-1-D0-PF-ONT-PROMETHION.ont.na.sentdont.snv.sort.vcf.gz \
              -o "$outdir" \
              -t /fsx/references/genomic_data/organism_references/H_sapiens/hg38_broad/Homo_sapiens_assembly38.sdf \
              --threads 16 \
              > results/day/hg38_broad/TVBONT5X-HG003-5x-1-D0-PF-ONT-PROMETHION/align/ont/na/snv/sentdont/concordance/logs/TVBONT5X-HG003-5x-1-D0-PF-ONT-PROMETHION.ont.na.sentdont.giabHC_x_clinvar_genes.rtg_vcfeval.log 2>&1
            
Submitted job 13 with external jobid '306'.

[Wed May 27 17:03:47 2026]
rule rtg_vcfeval_roi:
    input: results/day/hg38_broad/TVBONT5X-HG003-5x-1-D0-PF-ONT-PROMETHION/align/ont/na/snv/sentdont/TVBONT5X-HG003-5x-1-D0-PF-ONT-PROMETHION.ont.na.sentdont.snv.sort.vcf.gz, results/day/hg38_broad/TVBONT5X-HG003-5x-1-D0-PF-ONT-PROMETHION/align/ont/na/snv/sentdont/TVBONT5X-HG003-5x-1-D0-PF-ONT-PROMETHION.ont.na.sentdont.snv.sort.vcf.gz.tbi, /fsx/references/genomic_data/organism_annotations/H_sapiens/hg38/controls/giab/snv/v4.2.1/HG003/altair-v1.1/HG003.vcf.gz, /fsx/references/genomic_data/organism_annotations/H_sapiens/hg38/controls/giab/snv/v4.2.1/HG003/altair-v1.1/HG003.vcf.gz.tbi, /fsx/references/genomic_data/organism_annotations/H_sapiens/hg38/controls/giab/snv/v4.2.1/HG003/altair-v1.1/HG003.bed
    output: results/day/hg38_broad/TVBONT5X-HG003-5x-1-D0-PF-ONT-PROMETHION/align/ont/na/snv/sentdont/concordance/_altair-v1.1/summary.txt
    log: results/day/hg38_broad/TVBONT5X-HG003-5x-1-D0-PF-ONT-PROMETHION/align/ont/na/snv/sentdont/concordance/logs/TVBONT5X-HG003-5x-1-D0-PF-ONT-PROMETHION.ont.na.sentdont.altair-v1.1.rtg_vcfeval.log
    jobid: 7
    benchmark: results/day/hg38_broad/TVBONT5X-HG003-5x-1-D0-PF-ONT-PROMETHION/benchmarks/TVBONT5X-HG003-5x-1-D0-PF-ONT-PROMETHION.ont.na.sentdont.altair-v1.1.rtg_vcfeval.bench.tsv
    reason: Missing output files: results/day/hg38_broad/TVBONT5X-HG003-5x-1-D0-PF-ONT-PROMETHION/align/ont/na/snv/sentdont/concordance/_altair-v1.1/summary.txt; Input files updated by another job: results/day/hg38_broad/TVBONT5X-HG003-5x-1-D0-PF-ONT-PROMETHION/align/ont/na/snv/sentdont/TVBONT5X-HG003-5x-1-D0-PF-ONT-PROMETHION.ont.na.sentdont.snv.sort.vcf.gz.tbi, results/day/hg38_broad/TVBONT5X-HG003-5x-1-D0-PF-ONT-PROMETHION/align/ont/na/snv/sentdont/TVBONT5X-HG003-5x-1-D0-PF-ONT-PROMETHION.ont.na.sentdont.snv.sort.vcf.gz
    wildcards: sample=TVBONT5X-HG003-5x-1-D0-PF-ONT-PROMETHION, alnr=ont, ddup=na, snv=sentdont, cmpfootprint=altair-v1.1
    threads: 16
    resources: mem_mb=64000, mem_mib=61036, disk_mb=1000, disk_mib=954, tmpdir=<TBD>, threads=16, time=5440, partition=i192mem,i192bigmem, vcpu=16, distribution=block, exclusive=, constraint=, exclude=, include=


            set -euo pipefail
            export TMPDIR="/fsx/scratch/"
            outdir="$(dirname results/day/hg38_broad/TVBONT5X-HG003-5x-1-D0-PF-ONT-PROMETHION/align/ont/na/snv/sentdont/concordance/_altair-v1.1/summary.txt)"
            rm -rf "$outdir"

            rtg vcfeval \
              --decompose \
              --squash-ploidy \
              --ref-overlap \
              -e /fsx/references/genomic_data/organism_annotations/H_sapiens/hg38/controls/giab/snv/v4.2.1/HG003/altair-v1.1/HG003.bed \
              -b /fsx/references/genomic_data/organism_annotations/H_sapiens/hg38/controls/giab/snv/v4.2.1/HG003/altair-v1.1/HG003.vcf.gz \
              -c results/day/hg38_broad/TVBONT5X-HG003-5x-1-D0-PF-ONT-PROMETHION/align/ont/na/snv/sentdont/TVBONT5X-HG003-5x-1-D0-PF-ONT-PROMETHION.ont.na.sentdont.snv.sort.vcf.gz \
              -o "$outdir" \
              -t /fsx/references/genomic_data/organism_references/H_sapiens/hg38_broad/Homo_sapiens_assembly38.sdf \
              --threads 16 \
              > results/day/hg38_broad/TVBONT5X-HG003-5x-1-D0-PF-ONT-PROMETHION/align/ont/na/snv/sentdont/concordance/logs/TVBONT5X-HG003-5x-1-D0-PF-ONT-PROMETHION.ont.na.sentdont.altair-v1.1.rtg_vcfeval.log 2>&1
            
Submitted job 7 with external jobid '307'.
[Wed May 27 17:10:29 2026]
Finished job 9.
6 of 84 steps (7%) done
Select jobs to execute...

[Wed May 27 17:10:29 2026]
rule rtg_vcfeval_roi:
    input: results/day/hg38_broad/TVBONT5X-HG003-5x-1-D0-PF-ONT-PROMETHION/align/ont/na/snv/sentdont/TVBONT5X-HG003-5x-1-D0-PF-ONT-PROMETHION.ont.na.sentdont.snv.sort.vcf.gz, results/day/hg38_broad/TVBONT5X-HG003-5x-1-D0-PF-ONT-PROMETHION/align/ont/na/snv/sentdont/TVBONT5X-HG003-5x-1-D0-PF-ONT-PROMETHION.ont.na.sentdont.snv.sort.vcf.gz.tbi, /fsx/references/genomic_data/organism_annotations/H_sapiens/hg38/controls/giab/snv/v4.2.1/HG003/hg38/HG003.vcf.gz, /fsx/references/genomic_data/organism_annotations/H_sapiens/hg38/controls/giab/snv/v4.2.1/HG003/hg38/HG003.vcf.gz.tbi, /fsx/references/genomic_data/organism_annotations/H_sapiens/hg38/controls/giab/snv/v4.2.1/HG003/hg38/HG003.bed
    output: results/day/hg38_broad/TVBONT5X-HG003-5x-1-D0-PF-ONT-PROMETHION/align/ont/na/snv/sentdont/concordance/_hg38/summary.txt
    log: results/day/hg38_broad/TVBONT5X-HG003-5x-1-D0-PF-ONT-PROMETHION/align/ont/na/snv/sentdont/concordance/logs/TVBONT5X-HG003-5x-1-D0-PF-ONT-PROMETHION.ont.na.sentdont.hg38.rtg_vcfeval.log
    jobid: 15
    benchmark: results/day/hg38_broad/TVBONT5X-HG003-5x-1-D0-PF-ONT-PROMETHION/benchmarks/TVBONT5X-HG003-5x-1-D0-PF-ONT-PROMETHION.ont.na.sentdont.hg38.rtg_vcfeval.bench.tsv
    reason: Missing output files: results/day/hg38_broad/TVBONT5X-HG003-5x-1-D0-PF-ONT-PROMETHION/align/ont/na/snv/sentdont/concordance/_hg38/summary.txt; Input files updated by another job: results/day/hg38_broad/TVBONT5X-HG003-5x-1-D0-PF-ONT-PROMETHION/align/ont/na/snv/sentdont/TVBONT5X-HG003-5x-1-D0-PF-ONT-PROMETHION.ont.na.sentdont.snv.sort.vcf.gz.tbi, results/day/hg38_broad/TVBONT5X-HG003-5x-1-D0-PF-ONT-PROMETHION/align/ont/na/snv/sentdont/TVBONT5X-HG003-5x-1-D0-PF-ONT-PROMETHION.ont.na.sentdont.snv.sort.vcf.gz
    wildcards: sample=TVBONT5X-HG003-5x-1-D0-PF-ONT-PROMETHION, alnr=ont, ddup=na, snv=sentdont, cmpfootprint=hg38
    threads: 16
    resources: mem_mb=64000, mem_mib=61036, disk_mb=1000, disk_mib=954, tmpdir=<TBD>, threads=16, time=5440, partition=i192mem,i192bigmem, vcpu=16, distribution=block, exclusive=, constraint=, exclude=, include=


            set -euo pipefail
            export TMPDIR="/fsx/scratch/"
            outdir="$(dirname results/day/hg38_broad/TVBONT5X-HG003-5x-1-D0-PF-ONT-PROMETHION/align/ont/na/snv/sentdont/concordance/_hg38/summary.txt)"
            rm -rf "$outdir"

            rtg vcfeval \
              --decompose \
              --squash-ploidy \
              --ref-overlap \
              -e /fsx/references/genomic_data/organism_annotations/H_sapiens/hg38/controls/giab/snv/v4.2.1/HG003/hg38/HG003.bed \
              -b /fsx/references/genomic_data/organism_annotations/H_sapiens/hg38/controls/giab/snv/v4.2.1/HG003/hg38/HG003.vcf.gz \
              -c results/day/hg38_broad/TVBONT5X-HG003-5x-1-D0-PF-ONT-PROMETHION/align/ont/na/snv/sentdont/TVBONT5X-HG003-5x-1-D0-PF-ONT-PROMETHION.ont.na.sentdont.snv.sort.vcf.gz \
              -o "$outdir" \
              -t /fsx/references/genomic_data/organism_references/H_sapiens/hg38_broad/Homo_sapiens_assembly38.sdf \
              --threads 16 \
              > results/day/hg38_broad/TVBONT5X-HG003-5x-1-D0-PF-ONT-PROMETHION/align/ont/na/snv/sentdont/concordance/logs/TVBONT5X-HG003-5x-1-D0-PF-ONT-PROMETHION.ont.na.sentdont.hg38.rtg_vcfeval.log 2>&1
            
Submitted job 15 with external jobid '366'.
[Wed May 27 17:10:29 2026]
Finished job 17.
7 of 84 steps (8%) done
[Wed May 27 17:10:29 2026]
Finished job 13.
8 of 84 steps (10%) done
Select jobs to execute...

[Wed May 27 17:10:29 2026]
localrule vep_validate_input_contigs:
    input: results/day/hg38_broad/TVBONT5X-HG003-5x-1-D0-PF-ONT-PROMETHION/align/ont/na/snv/sentdont/TVBONT5X-HG003-5x-1-D0-PF-ONT-PROMETHION.ont.na.sentdont.snv.sort.vcf.gz, results/day/hg38_broad/TVBONT5X-HG003-5x-1-D0-PF-ONT-PROMETHION/align/ont/na/snv/sentdont/TVBONT5X-HG003-5x-1-D0-PF-ONT-PROMETHION.ont.na.sentdont.snv.sort.vcf.gz.tbi
    output: results/day/hg38_broad/TVBONT5X-HG003-5x-1-D0-PF-ONT-PROMETHION/align/ont/na/snv/sentdont/vep/chunks/TVBONT5X-HG003-5x-1-D0-PF-ONT-PROMETHION.ont.na.sentdont.vep.input_contigs.ok, results/day/hg38_broad/TVBONT5X-HG003-5x-1-D0-PF-ONT-PROMETHION/align/ont/na/snv/sentdont/vep/chunks/TVBONT5X-HG003-5x-1-D0-PF-ONT-PROMETHION.ont.na.sentdont.vep.input_contigs.observed.txt, results/day/hg38_broad/TVBONT5X-HG003-5x-1-D0-PF-ONT-PROMETHION/align/ont/na/snv/sentdont/vep/chunks/TVBONT5X-HG003-5x-1-D0-PF-ONT-PROMETHION.ont.na.sentdont.vep.input_contigs.allowed.txt
    log: results/day/hg38_broad/TVBONT5X-HG003-5x-1-D0-PF-ONT-PROMETHION/align/ont/na/snv/sentdont/vep/log/TVBONT5X-HG003-5x-1-D0-PF-ONT-PROMETHION.ont.na.sentdont.vep.validate_contigs.log
    jobid: 51
    reason: Missing output files: results/day/hg38_broad/TVBONT5X-HG003-5x-1-D0-PF-ONT-PROMETHION/align/ont/na/snv/sentdont/vep/chunks/TVBONT5X-HG003-5x-1-D0-PF-ONT-PROMETHION.ont.na.sentdont.vep.input_contigs.ok; Input files updated by another job: results/day/hg38_broad/TVBONT5X-HG003-5x-1-D0-PF-ONT-PROMETHION/align/ont/na/snv/sentdont/TVBONT5X-HG003-5x-1-D0-PF-ONT-PROMETHION.ont.na.sentdont.snv.sort.vcf.gz.tbi, results/day/hg38_broad/TVBONT5X-HG003-5x-1-D0-PF-ONT-PROMETHION/align/ont/na/snv/sentdont/TVBONT5X-HG003-5x-1-D0-PF-ONT-PROMETHION.ont.na.sentdont.snv.sort.vcf.gz
    wildcards: sample=TVBONT5X-HG003-5x-1-D0-PF-ONT-PROMETHION, alnr=ont, ddup=na, snv=sentdont
    resources: mem_mb=4000, mem_mib=3815, disk_mb=1000, disk_mib=954, tmpdir=/dev/shm, threads=1, time=5440, partition=i192,i192mem,i128, vcpu=1, distribution=block, exclusive=, constraint=, exclude=, include=


        set -euo pipefail
        mkdir -p $(dirname results/day/hg38_broad/TVBONT5X-HG003-5x-1-D0-PF-ONT-PROMETHION/align/ont/na/snv/sentdont/vep/chunks/TVBONT5X-HG003-5x-1-D0-PF-ONT-PROMETHION.ont.na.sentdont.vep.input_contigs.ok) $(dirname results/day/hg38_broad/TVBONT5X-HG003-5x-1-D0-PF-ONT-PROMETHION/align/ont/na/snv/sentdont/vep/log/TVBONT5X-HG003-5x-1-D0-PF-ONT-PROMETHION.ont.na.sentdont.vep.validate_contigs.log)
        bcftools index -s results/day/hg38_broad/TVBONT5X-HG003-5x-1-D0-PF-ONT-PROMETHION/align/ont/na/snv/sentdont/TVBONT5X-HG003-5x-1-D0-PF-ONT-PROMETHION.ont.na.sentdont.snv.sort.vcf.gz | awk '$3 > 0 {print $1}' | sort -u > results/day/hg38_broad/TVBONT5X-HG003-5x-1-D0-PF-ONT-PROMETHION/align/ont/na/snv/sentdont/vep/chunks/TVBONT5X-HG003-5x-1-D0-PF-ONT-PROMETHION.ont.na.sentdont.vep.input_contigs.observed.txt
        printf '%s
' "chr1,chr2,chr3,chr4,chr5,chr6,chr7,chr8,chr9,chr10,chr11,chr12,chr13,chr14,chr15,chr16,chr17,chr18,chr19,chr20,chr21,chr22,chrX,chrY,chrM" | tr ',' '
' | sort -u > results/day/hg38_broad/TVBONT5X-HG003-5x-1-D0-PF-ONT-PROMETHION/align/ont/na/snv/sentdont/vep/chunks/TVBONT5X-HG003-5x-1-D0-PF-ONT-PROMETHION.ont.na.sentdont.vep.input_contigs.allowed.txt
        unexpected="results/day/hg38_broad/TVBONT5X-HG003-5x-1-D0-PF-ONT-PROMETHION/align/ont/na/snv/sentdont/vep/chunks/TVBONT5X-HG003-5x-1-D0-PF-ONT-PROMETHION.ont.na.sentdont.vep.input_contigs.ok.unexpected"
        comm -23 results/day/hg38_broad/TVBONT5X-HG003-5x-1-D0-PF-ONT-PROMETHION/align/ont/na/snv/sentdont/vep/chunks/TVBONT5X-HG003-5x-1-D0-PF-ONT-PROMETHION.ont.na.sentdont.vep.input_contigs.observed.txt results/day/hg38_broad/TVBONT5X-HG003-5x-1-D0-PF-ONT-PROMETHION/align/ont/na/snv/sentdont/vep/chunks/TVBONT5X-HG003-5x-1-D0-PF-ONT-PROMETHION.ont.na.sentdont.vep.input_contigs.allowed.txt > "$unexpected"
        if [ -s "$unexpected" ]; then
            echo "ERROR: VEP chromosome config would drop input VCF contigs:" >&2
            cat "$unexpected" >&2
            exit 2
        fi
        
Activating conda environment: ../../../../resources/environments/conda/USER_REGSUB/HOSTNAME/fa80d58c48c883c310f0b1cff2f86228_

[Wed May 27 17:10:29 2026]
rule rtg_vcfstats:
    input: results/day/hg38_broad/TVBONT5X-HG003-5x-1-D0-PF-ONT-PROMETHION/align/ont/na/snv/sentdont/TVBONT5X-HG003-5x-1-D0-PF-ONT-PROMETHION.ont.na.sentdont.snv.sort.vcf.gz, results/day/hg38_broad/TVBONT5X-HG003-5x-1-D0-PF-ONT-PROMETHION/align/ont/na/snv/sentdont/TVBONT5X-HG003-5x-1-D0-PF-ONT-PROMETHION.ont.na.sentdont.snv.sort.vcf.gz.tbi
    output: results/day/hg38_broad/TVBONT5X-HG003-5x-1-D0-PF-ONT-PROMETHION/align/ont/na/snv/sentdont/vcf_stats/TVBONT5X-HG003-5x-1-D0-PF-ONT-PROMETHION.ont.na.sentdont.rtg.vcfstats.txt
    log: results/day/hg38_broad/TVBONT5X-HG003-5x-1-D0-PF-ONT-PROMETHION/align/ont/na/snv/sentdont/vcf_stats/logs/TVBONT5X-HG003-5x-1-D0-PF-ONT-PROMETHION.ont.na.sentdont.rtg.vcf.stats.log
    jobid: 43
    benchmark: results/day/hg38_broad/TVBONT5X-HG003-5x-1-D0-PF-ONT-PROMETHION/benchmarks/TVBONT5X-HG003-5x-1-D0-PF-ONT-PROMETHION.ont.na.sentdont.rtgvcfstats.bench.tsv
    reason: Missing output files: results/day/hg38_broad/TVBONT5X-HG003-5x-1-D0-PF-ONT-PROMETHION/align/ont/na/snv/sentdont/vcf_stats/TVBONT5X-HG003-5x-1-D0-PF-ONT-PROMETHION.ont.na.sentdont.rtg.vcfstats.txt; Input files updated by another job: results/day/hg38_broad/TVBONT5X-HG003-5x-1-D0-PF-ONT-PROMETHION/align/ont/na/snv/sentdont/TVBONT5X-HG003-5x-1-D0-PF-ONT-PROMETHION.ont.na.sentdont.snv.sort.vcf.gz.tbi, results/day/hg38_broad/TVBONT5X-HG003-5x-1-D0-PF-ONT-PROMETHION/align/ont/na/snv/sentdont/TVBONT5X-HG003-5x-1-D0-PF-ONT-PROMETHION.ont.na.sentdont.snv.sort.vcf.gz
    wildcards: sample=TVBONT5X-HG003-5x-1-D0-PF-ONT-PROMETHION, alnr=ont, ddup=na, snv_caller=sentdont
    threads: 24
    resources: mem_mb=3000, mem_mib=2862, disk_mb=1000, disk_mib=954, tmpdir=<TBD>, threads=24, time=5440, partition=i192,i192mem,i128, vcpu=1, distribution=block, exclusive=, constraint=, exclude=, include=


        mkdir -p results/day/hg38_broad/TVBONT5X-HG003-5x-1-D0-PF-ONT-PROMETHION/align/ont/na/snv/sentdont/vcf_stats/ > results/day/hg38_broad/TVBONT5X-HG003-5x-1-D0-PF-ONT-PROMETHION/align/ont/na/snv/sentdont/vcf_stats/logs/TVBONT5X-HG003-5x-1-D0-PF-ONT-PROMETHION.ont.na.sentdont.rtg.vcf.stats.log 2>&1 ;
        rtg vcfstats --allele-lengths results/day/hg38_broad/TVBONT5X-HG003-5x-1-D0-PF-ONT-PROMETHION/align/ont/na/snv/sentdont/TVBONT5X-HG003-5x-1-D0-PF-ONT-PROMETHION.ont.na.sentdont.snv.sort.vcf.gz > results/day/hg38_broad/TVBONT5X-HG003-5x-1-D0-PF-ONT-PROMETHION/align/ont/na/snv/sentdont/vcf_stats/TVBONT5X-HG003-5x-1-D0-PF-ONT-PROMETHION.ont.na.sentdont.rtg.vcfstats.txt  ;
        ls results/day/hg38_broad/TVBONT5X-HG003-5x-1-D0-PF-ONT-PROMETHION/align/ont/na/snv/sentdont/vcf_stats/TVBONT5X-HG003-5x-1-D0-PF-ONT-PROMETHION.ont.na.sentdont.rtg.vcfstats.txt;
        
Submitted job 43 with external jobid '367'.
Select jobs to execute...
Touching output file results/day/hg38_broad/TVBONT5X-HG003-5x-1-D0-PF-ONT-PROMETHION/align/ont/na/snv/sentdont/vep/chunks/TVBONT5X-HG003-5x-1-D0-PF-ONT-PROMETHION.ont.na.sentdont.vep.input_contigs.ok.
[Wed May 27 17:10:29 2026]
Finished job 51.
9 of 84 steps (11%) done

[Wed May 27 17:10:29 2026]
rule vep_chromosome_input:
    input: results/day/hg38_broad/TVBONT5X-HG003-5x-1-D0-PF-ONT-PROMETHION/align/ont/na/snv/sentdont/TVBONT5X-HG003-5x-1-D0-PF-ONT-PROMETHION.ont.na.sentdont.snv.sort.vcf.gz, results/day/hg38_broad/TVBONT5X-HG003-5x-1-D0-PF-ONT-PROMETHION/align/ont/na/snv/sentdont/TVBONT5X-HG003-5x-1-D0-PF-ONT-PROMETHION.ont.na.sentdont.snv.sort.vcf.gz.tbi, results/day/hg38_broad/TVBONT5X-HG003-5x-1-D0-PF-ONT-PROMETHION/align/ont/na/snv/sentdont/vep/chunks/TVBONT5X-HG003-5x-1-D0-PF-ONT-PROMETHION.ont.na.sentdont.vep.input_contigs.ok
    output: results/day/hg38_broad/TVBONT5X-HG003-5x-1-D0-PF-ONT-PROMETHION/align/ont/na/snv/sentdont/vep/chunks/chrY/TVBONT5X-HG003-5x-1-D0-PF-ONT-PROMETHION.ont.na.sentdont.chrY.input.vcf.gz, results/day/hg38_broad/TVBONT5X-HG003-5x-1-D0-PF-ONT-PROMETHION/align/ont/na/snv/sentdont/vep/chunks/chrY/TVBONT5X-HG003-5x-1-D0-PF-ONT-PROMETHION.ont.na.sentdont.chrY.input.vcf.gz.tbi, results/day/hg38_broad/TVBONT5X-HG003-5x-1-D0-PF-ONT-PROMETHION/align/ont/na/snv/sentdont/vep/chunks/chrY/TVBONT5X-HG003-5x-1-D0-PF-ONT-PROMETHION.ont.na.sentdont.chrY.input.vcf.gz.record_count
    log: results/day/hg38_broad/TVBONT5X-HG003-5x-1-D0-PF-ONT-PROMETHION/align/ont/na/snv/sentdont/vep/chunks/chrY/log/TVBONT5X-HG003-5x-1-D0-PF-ONT-PROMETHION.ont.na.sentdont.chrY.input.log
    jobid: 97
    benchmark: results/day/hg38_broad/TVBONT5X-HG003-5x-1-D0-PF-ONT-PROMETHION/benchmarks/TVBONT5X-HG003-5x-1-D0-PF-ONT-PROMETHION.ont.na.sentdont.chrY.vep_input.bench.tsv
    reason: Missing output files: results/day/hg38_broad/TVBONT5X-HG003-5x-1-D0-PF-ONT-PROMETHION/align/ont/na/snv/sentdont/vep/chunks/chrY/TVBONT5X-HG003-5x-1-D0-PF-ONT-PROMETHION.ont.na.sentdont.chrY.input.vcf.gz.record_count, results/day/hg38_broad/TVBONT5X-HG003-5x-1-D0-PF-ONT-PROMETHION/align/ont/na/snv/sentdont/vep/chunks/chrY/TVBONT5X-HG003-5x-1-D0-PF-ONT-PROMETHION.ont.na.sentdont.chrY.input.vcf.gz, results/day/hg38_broad/TVBONT5X-HG003-5x-1-D0-PF-ONT-PROMETHION/align/ont/na/snv/sentdont/vep/chunks/chrY/TVBONT5X-HG003-5x-1-D0-PF-ONT-PROMETHION.ont.na.sentdont.chrY.input.vcf.gz.tbi; Input files updated by another job: results/day/hg38_broad/TVBONT5X-HG003-5x-1-D0-PF-ONT-PROMETHION/align/ont/na/snv/sentdont/TVBONT5X-HG003-5x-1-D0-PF-ONT-PROMETHION.ont.na.sentdont.snv.sort.vcf.gz.tbi, results/day/hg38_broad/TVBONT5X-HG003-5x-1-D0-PF-ONT-PROMETHION/align/ont/na/snv/sentdont/vep/chunks/TVBONT5X-HG003-5x-1-D0-PF-ONT-PROMETHION.ont.na.sentdont.vep.input_contigs.ok, results/day/hg38_broad/TVBONT5X-HG003-5x-1-D0-PF-ONT-PROMETHION/align/ont/na/snv/sentdont/TVBONT5X-HG003-5x-1-D0-PF-ONT-PROMETHION.ont.na.sentdont.snv.sort.vcf.gz
    wildcards: sample=TVBONT5X-HG003-5x-1-D0-PF-ONT-PROMETHION, alnr=ont, ddup=na, snv=sentdont, vepchrm=chrY
    resources: mem_mb=4000, mem_mib=3815, disk_mb=1000, disk_mib=954, tmpdir=<TBD>, threads=1, time=5440, partition=i192,i192mem,i128, vcpu=1, distribution=block, exclusive=, constraint=, exclude=, include=


        set -euo pipefail
        mkdir -p $(dirname results/day/hg38_broad/TVBONT5X-HG003-5x-1-D0-PF-ONT-PROMETHION/align/ont/na/snv/sentdont/vep/chunks/chrY/TVBONT5X-HG003-5x-1-D0-PF-ONT-PROMETHION.ont.na.sentdont.chrY.input.vcf.gz) $(dirname results/day/hg38_broad/TVBONT5X-HG003-5x-1-D0-PF-ONT-PROMETHION/align/ont/na/snv/sentdont/vep/chunks/chrY/log/TVBONT5X-HG003-5x-1-D0-PF-ONT-PROMETHION.ont.na.sentdont.chrY.input.log)
        if bcftools index -s results/day/hg38_broad/TVBONT5X-HG003-5x-1-D0-PF-ONT-PROMETHION/align/ont/na/snv/sentdont/TVBONT5X-HG003-5x-1-D0-PF-ONT-PROMETHION.ont.na.sentdont.snv.sort.vcf.gz | cut -f1 | grep -Fxq "chrY"; then
            bcftools view -r chrY -O z -o results/day/hg38_broad/TVBONT5X-HG003-5x-1-D0-PF-ONT-PROMETHION/align/ont/na/snv/sentdont/vep/chunks/chrY/TVBONT5X-HG003-5x-1-D0-PF-ONT-PROMETHION.ont.na.sentdont.chrY.input.vcf.gz results/day/hg38_broad/TVBONT5X-HG003-5x-1-D0-PF-ONT-PROMETHION/align/ont/na/snv/sentdont/TVBONT5X-HG003-5x-1-D0-PF-ONT-PROMETHION.ont.na.sentdont.snv.sort.vcf.gz >> results/day/hg38_broad/TVBONT5X-HG003-5x-1-D0-PF-ONT-PROMETHION/align/ont/na/snv/sentdont/vep/chunks/chrY/log/TVBONT5X-HG003-5x-1-D0-PF-ONT-PROMETHION.ont.na.sentdont.chrY.input.log 2>&1
        else
            bcftools view -h results/day/hg38_broad/TVBONT5X-HG003-5x-1-D0-PF-ONT-PROMETHION/align/ont/na/snv/sentdont/TVBONT5X-HG003-5x-1-D0-PF-ONT-PROMETHION.ont.na.sentdont.snv.sort.vcf.gz | bgzip -c > results/day/hg38_broad/TVBONT5X-HG003-5x-1-D0-PF-ONT-PROMETHION/align/ont/na/snv/sentdont/vep/chunks/chrY/TVBONT5X-HG003-5x-1-D0-PF-ONT-PROMETHION.ont.na.sentdont.chrY.input.vcf.gz
        fi
        tabix -f -p vcf results/day/hg38_broad/TVBONT5X-HG003-5x-1-D0-PF-ONT-PROMETHION/align/ont/na/snv/sentdont/vep/chunks/ch--output truncated--
