DAY-EC activated.
DAY-EC activated.
HEADNODE=ip-10-0-0-224
WHOAMI=ubuntu
UTC=2026-05-27T16:45:39Z
SQUEUE_BEGIN
SQUEUE_END
VERIFYBAMID2_COUNT=0
CONTROLLER_COUNT=8
CONTROLLERS_BEGIN
ubuntu    873572  867974  0 16:30 pts/41   00:00:00 bash /home/ubuntu/daylily-runs/bb44_ont_snv_alignstats_kitchensink/resume_no_verifybamid2_2.0.8.sh
ubuntu    873580  867983  0 16:30 pts/44   00:00:00 bash /home/ubuntu/daylily-runs/bb44_hybrid_ilmn_ont_snv_kitchensink/resume_no_verifybamid2_2.0.8.sh
ubuntu    874110  873580  0 16:30 pts/44   00:00:00 bash bin/day_run produce_snv_concordances produce_sentdhiomr_sv produce_sentdhiomr_snv_vcf produce_relatedness produce_vep produce_multiqc_all --config dedupers=["dmd"] multiqc_qc={"enable_tools":["vep"]} -p -j 100 -k
ubuntu    874111  873572  0 16:30 pts/41   00:00:00 bash bin/day_run produce_alignstats produce_sentdont_snv_vcf produce_snv_concordances produce_relatedness produce_vep produce_multiqc_all --config multiqc_qc={"enable_tools":["vep"]} -p -j 5 -k
ubuntu    874150  874111  0 16:30 pts/41   00:00:00 bash bin/day_run produce_alignstats produce_sentdont_snv_vcf produce_snv_concordances produce_relatedness produce_vep produce_multiqc_all --config multiqc_qc={"enable_tools":["vep"]} -p -j 5 -k
ubuntu    874151  874150  0 16:30 pts/41   00:00:02 /home/ubuntu/miniconda3/envs/DAYOA/bin/python /home/ubuntu/miniconda3/envs/DAYOA/bin/snakemake --profile=/fsx/analysis_results/ubuntu/bb44_ont_snv_alignstats_kitchensink/daylily-omics-analysis/config/day_profiles/slurm produce_alignstats produce_sentdont_snv_vcf produce_snv_concordances produce_relatedness produce_vep produce_multiqc_all --config multiqc_qc={"enable_tools":["vep"]} -p -j 5 -k
ubuntu    874152  874110  0 16:30 pts/44   00:00:00 bash bin/day_run produce_snv_concordances produce_sentdhiomr_sv produce_sentdhiomr_snv_vcf produce_relatedness produce_vep produce_multiqc_all --config dedupers=["dmd"] multiqc_qc={"enable_tools":["vep"]} -p -j 100 -k
ubuntu    874153  874152  0 16:30 pts/44   00:00:03 /home/ubuntu/miniconda3/envs/DAYOA/bin/python /home/ubuntu/miniconda3/envs/DAYOA/bin/snakemake --profile=/fsx/analysis_results/ubuntu/bb44_hybrid_ilmn_ont_snv_kitchensink/daylily-omics-analysis/config/day_profiles/slurm produce_snv_concordances produce_sentdhiomr_sv produce_sentdhiomr_snv_vcf produce_relatedness produce_vep produce_multiqc_all --config dedupers=["dmd"] multiqc_qc={"enable_tools":["vep"]} -p -j 100 -k
CONTROLLERS_END
RESULT_CHECK_BEGIN bb44_ont_snv_alignstats_kitchensink
repo=/fsx/analysis_results/ubuntu/bb44_ont_snv_alignstats_kitchensink/daylily-omics-analysis
5cc2200 (HEAD, tag: 2.0.8, origin/main, origin/HEAD) Update container cache profile prefixes
347:# include: "rules/verifybamid2_contam.smk"  # retired from active Snakemake; kept for historical provenance only
result_root=/fsx/analysis_results/ubuntu/bb44_ont_snv_alignstats_kitchensink/daylily-omics-analysis/results
done_count=7
missing results/day/hg38_broad/reports/DAY_final_multiqc.html
missing results/day/hg38_broad/reports/DAY_final_multiqc_data
missing results/day/hg38_broad/other_reports/giab_concordance_mqc.tsv
missing results/day/hg38_broad/other_reports/vep_annotation_mqc.tsv
RESULT_CHECK_END bb44_ont_snv_alignstats_kitchensink
RESULT_CHECK_BEGIN bb44_hybrid_ilmn_ont_snv_kitchensink
repo=/fsx/analysis_results/ubuntu/bb44_hybrid_ilmn_ont_snv_kitchensink/daylily-omics-analysis
5cc2200 (HEAD, tag: 2.0.8, origin/main, origin/HEAD) Update container cache profile prefixes
347:# include: "rules/verifybamid2_contam.smk"  # retired from active Snakemake; kept for historical provenance only
result_root=/fsx/analysis_results/ubuntu/bb44_hybrid_ilmn_ont_snv_kitchensink/daylily-omics-analysis/results
done_count=11
missing results/day/hg38_broad/reports/DAY_final_multiqc.html
missing results/day/hg38_broad/reports/DAY_final_multiqc_data
missing results/day/hg38_broad/other_reports/giab_concordance_mqc.tsv
missing results/day/hg38_broad/other_reports/vep_annotation_mqc.tsv
RESULT_CHECK_END bb44_hybrid_ilmn_ont_snv_kitchensink
