DAY-EC activated.
DAY-EC activated.
HEADNODE=ip-10-0-0-224
WHOAMI=ubuntu
UTC=2026-05-27T17:14:57Z
VERIFYBAMID2_JOBS_BEGIN
VERIFYBAMID2_JOBS_END
VERIFYBAMID2_COUNT=0
TARGET_SESSION_JOBS_BEGIN
367|i192|rtg_vcfstats-TVBONT5X-HG003-5x-1-D0-PF-ONT-PROMETHION|ubuntu|RUNNING|0:19|1|i192-dy-all-1
352|i192bigmem|sentdhiomr_stage1-TVBHIO5X5X-HG003-ILMN5x-ONT5x-1-D0-PF-ILMN-NOVASEQ|ubuntu|RUNNING|0:16|1|i192bigmem-dy-all-1
351|i192mem|sentdhiomr_stage1-TVBHIO5X5X-HG003-ILMN5x-ONT5x-1-D0-PF-ILMN-NOVASEQ|ubuntu|RUNNING|1:33|1|i192mem-dy-all-1
353|i192mem,i192bigmem|sentdhiomr_stage1-TVBHIO5X5X-HG003-ILMN5x-ONT5x-1-D0-PF-ILMN-NOVASEQ|ubuntu|PENDING|0:00|1|(Resources)
354|i192mem,i192bigmem|sentdhiomr_stage1-TVBHIO5X5X-HG003-ILMN5x-ONT5x-1-D0-PF-ILMN-NOVASEQ|ubuntu|PENDING|0:00|1|(Priority)
355|i192mem,i192bigmem|sentdhiomr_stage1-TVBHIO5X5X-HG003-ILMN5x-ONT5x-1-D0-PF-ILMN-NOVASEQ|ubuntu|PENDING|0:00|1|(Priority)
356|i192mem,i192bigmem|sentdhiomr_stage1-TVBHIO5X5X-HG003-ILMN5x-ONT5x-1-D0-PF-ILMN-NOVASEQ|ubuntu|PENDING|0:00|1|(Priority)
357|i192mem,i192bigmem|sentdhiomr_stage1-TVBHIO5X5X-HG003-ILMN5x-ONT5x-1-D0-PF-ILMN-NOVASEQ|ubuntu|PENDING|0:00|1|(Priority)
358|i192mem,i192bigmem|sentdhiomr_stage1-TVBHIO5X5X-HG003-ILMN5x-ONT5x-1-D0-PF-ILMN-NOVASEQ|ubuntu|PENDING|0:00|1|(Priority)
359|i192mem,i192bigmem|sentdhiomr_stage1-TVBHIO5X5X-HG003-ILMN5x-ONT5x-1-D0-PF-ILMN-NOVASEQ|ubuntu|PENDING|0:00|1|(Priority)
360|i192mem,i192bigmem|sentdhiomr_stage1-TVBHIO5X5X-HG003-ILMN5x-ONT5x-1-D0-PF-ILMN-NOVASEQ|ubuntu|PENDING|0:00|1|(Priority)
361|i192mem,i192bigmem|sentdhiomr_stage1-TVBHIO5X5X-HG003-ILMN5x-ONT5x-1-D0-PF-ILMN-NOVASEQ|ubuntu|PENDING|0:00|1|(Priority)
362|i192mem,i192bigmem|sentdhiomr_stage1-TVBHIO5X5X-HG003-ILMN5x-ONT5x-1-D0-PF-ILMN-NOVASEQ|ubuntu|PENDING|0:00|1|(Priority)
363|i192mem,i192bigmem|sentdhiomr_stage1-TVBHIO5X5X-HG003-ILMN5x-ONT5x-1-D0-PF-ILMN-NOVASEQ|ubuntu|PENDING|0:00|1|(Priority)
364|i192mem,i192bigmem|sentdhiomr_stage1-TVBHIO5X5X-HG003-ILMN5x-ONT5x-1-D0-PF-ILMN-NOVASEQ|ubuntu|PENDING|0:00|1|(Priority)
365|i192mem,i192bigmem|sentdhiomr_stage1-TVBHIO5X5X-HG003-ILMN5x-ONT5x-1-D0-PF-ILMN-NOVASEQ|ubuntu|PENDING|0:00|1|(Priority)
366|i192mem,i192bigmem|rtg_vcfeval_roi-TVBONT5X-HG003-5x-1-D0-PF-ONT-PROMETHION|ubuntu|PENDING|0:00|1|(Priority)
371|i192mem,i192bigmem|sentdhiomr_stage2-TVBHIO5X5X-HG003-ILMN5x-ONT5x-1-D0-PF-ILMN-NOVASEQ|ubuntu|PENDING|0:00|1|(Priority)
372|i192mem,i192bigmem|sentdhiomr_stage2-TVBHIO5X5X-HG003-ILMN5x-ONT5x-1-D0-PF-ILMN-NOVASEQ|ubuntu|PENDING|0:00|1|(Priority)
373|i192mem,i192bigmem|sentdhiomr_stage2-TVBHIO5X5X-HG003-ILMN5x-ONT5x-1-D0-PF-ILMN-NOVASEQ|ubuntu|PENDING|0:00|1|(Priority)
TARGET_SESSION_JOBS_END
TARGET_SESSION_JOB_IDS=367 352 351 353 354 355 356 357 358 359 360 361 362 363 364 365 366 371 372 373
CONTROLLER_ROOT_PIDS=873572 873580
SNAKEMAKE_PIDS=874151 874153
