DAY-EC activated.
DAY-EC activated.
HEADNODE=ip-10-0-0-224
WHOAMI=ubuntu
UTC=2026-05-27T17:47:29Z
SQUEUE_BEGIN
448|i192bigmem|sentdhiomr_stage3-TVBHIO5X5X-HG003-ILMN5x-ONT5x-1-D0-PF-ILMN-NOVASEQ|ubuntu|RUNNING|1:58|1|i192bigmem-dy-all-1
446|i192mem|sentdhiomr_stage3-TVBHIO5X5X-HG003-ILMN5x-ONT5x-1-D0-PF-ILMN-NOVASEQ|ubuntu|RUNNING|2:28|1|i192mem-dy-all-1
450|i192mem,i192bigmem|sentdhiomr_stage3-TVBHIO5X5X-HG003-ILMN5x-ONT5x-1-D0-PF-ILMN-NOVASEQ|ubuntu|PENDING|0:00|1|(Resources)
452|i192mem,i192bigmem|sentdhiomr_stage3-TVBHIO5X5X-HG003-ILMN5x-ONT5x-1-D0-PF-ILMN-NOVASEQ|ubuntu|PENDING|0:00|1|(Priority)
454|i192mem,i192bigmem|sentdhiomr_stage3-TVBHIO5X5X-HG003-ILMN5x-ONT5x-1-D0-PF-ILMN-NOVASEQ|ubuntu|PENDING|0:00|1|(Priority)
456|i192mem,i192bigmem|sentdhiomr_stage3-TVBHIO5X5X-HG003-ILMN5x-ONT5x-1-D0-PF-ILMN-NOVASEQ|ubuntu|PENDING|0:00|1|(Priority)
457|i192mem,i192bigmem|sentdhiomr_stage3-TVBHIO5X5X-HG003-ILMN5x-ONT5x-1-D0-PF-ILMN-NOVASEQ|ubuntu|PENDING|0:00|1|(Priority)
460|i192mem,i192bigmem|sentdhiomr_subset-TVBHIO5X5X-HG003-ILMN5x-ONT5x-1-D0-PF-ILMN-NOVASEQ|ubuntu|PENDING|0:00|1|(Priority)
461|i192mem,i192bigmem|sentdhiomr_stage3-TVBHIO5X5X-HG003-ILMN5x-ONT5x-1-D0-PF-ILMN-NOVASEQ|ubuntu|PENDING|0:00|1|(Priority)
463|i192mem,i192bigmem|parse_vcfeval_summary_roi-TVBONT5X-HG003-5x-1-D0-PF-ONT-PROMETHION|ubuntu|PENDING|0:00|1|(Priority)
466|i192mem,i192bigmem|parse_vcfeval_summary_roi-TVBONT5X-HG003-5x-1-D0-PF-ONT-PROMETHION|ubuntu|PENDING|0:00|1|(Priority)
468|i192mem,i192bigmem|sentdhiomr_pass2-TVBHIO5X5X-HG003-ILMN5x-ONT5x-1-D0-PF-ILMN-NOVASEQ|ubuntu|PENDING|0:00|1|(Priority)
471|i192mem,i192bigmem|sentdhiomr_pass2-TVBHIO5X5X-HG003-ILMN5x-ONT5x-1-D0-PF-ILMN-NOVASEQ|ubuntu|PENDING|0:00|1|(Priority)
475|i192mem,i192bigmem|sentdhiomr_pass2-TVBHIO5X5X-HG003-ILMN5x-ONT5x-1-D0-PF-ILMN-NOVASEQ|ubuntu|PENDING|0:00|1|(Priority)
477|i192mem,i192bigmem|sentdhiomr_pass2-TVBHIO5X5X-HG003-ILMN5x-ONT5x-1-D0-PF-ILMN-NOVASEQ|ubuntu|PENDING|0:00|1|(Priority)
482|i192mem,i192bigmem|parse_vcfeval_summary_roi-TVBONT5X-HG003-5x-1-D0-PF-ONT-PROMETHION|ubuntu|PENDING|0:00|1|(Priority)
484|i192mem,i192bigmem|sentdhiomr_pass2-TVBHIO5X5X-HG003-ILMN5x-ONT5x-1-D0-PF-ILMN-NOVASEQ|ubuntu|PENDING|0:00|1|(Priority)
485|i192mem,i192bigmem|sentdhiomr_pass2-TVBHIO5X5X-HG003-ILMN5x-ONT5x-1-D0-PF-ILMN-NOVASEQ|ubuntu|PENDING|0:00|1|(Priority)
486|i192mem,i192bigmem|sentdhiomr_pass2-TVBHIO5X5X-HG003-ILMN5x-ONT5x-1-D0-PF-ILMN-NOVASEQ|ubuntu|PENDING|0:00|1|(Priority)
487|i192mem,i192bigmem|sentdhiomr_pass2-TVBHIO5X5X-HG003-ILMN5x-ONT5x-1-D0-PF-ILMN-NOVASEQ|ubuntu|PENDING|0:00|1|(Priority)
488|i192mem,i192bigmem|sentdhiomr_pass2-TVBHIO5X5X-HG003-ILMN5x-ONT5x-1-D0-PF-ILMN-NOVASEQ|ubuntu|PENDING|0:00|1|(Priority)
489|i192mem,i192bigmem|sentdhiomr_pass2-TVBHIO5X5X-HG003-ILMN5x-ONT5x-1-D0-PF-ILMN-NOVASEQ|ubuntu|PENDING|0:00|1|(Priority)
SQUEUE_END
VERIFYBAMID_COUNT=0
TARGET_SESSION_JOBS_BEGIN
448|i192bigmem|sentdhiomr_stage3-TVBHIO5X5X-HG003-ILMN5x-ONT5x-1-D0-PF-ILMN-NOVASEQ|ubuntu|RUNNING|1:58|1|i192bigmem-dy-all-1
446|i192mem|sentdhiomr_stage3-TVBHIO5X5X-HG003-ILMN5x-ONT5x-1-D0-PF-ILMN-NOVASEQ|ubuntu|RUNNING|2:28|1|i192mem-dy-all-1
450|i192mem,i192bigmem|sentdhiomr_stage3-TVBHIO5X5X-HG003-ILMN5x-ONT5x-1-D0-PF-ILMN-NOVASEQ|ubuntu|PENDING|0:00|1|(Resources)
452|i192mem,i192bigmem|sentdhiomr_stage3-TVBHIO5X5X-HG003-ILMN5x-ONT5x-1-D0-PF-ILMN-NOVASEQ|ubuntu|PENDING|0:00|1|(Priority)
454|i192mem,i192bigmem|sentdhiomr_stage3-TVBHIO5X5X-HG003-ILMN5x-ONT5x-1-D0-PF-ILMN-NOVASEQ|ubuntu|PENDING|0:00|1|(Priority)
456|i192mem,i192bigmem|sentdhiomr_stage3-TVBHIO5X5X-HG003-ILMN5x-ONT5x-1-D0-PF-ILMN-NOVASEQ|ubuntu|PENDING|0:00|1|(Priority)
457|i192mem,i192bigmem|sentdhiomr_stage3-TVBHIO5X5X-HG003-ILMN5x-ONT5x-1-D0-PF-ILMN-NOVASEQ|ubuntu|PENDING|0:00|1|(Priority)
460|i192mem,i192bigmem|sentdhiomr_subset-TVBHIO5X5X-HG003-ILMN5x-ONT5x-1-D0-PF-ILMN-NOVASEQ|ubuntu|PENDING|0:00|1|(Priority)
461|i192mem,i192bigmem|sentdhiomr_stage3-TVBHIO5X5X-HG003-ILMN5x-ONT5x-1-D0-PF-ILMN-NOVASEQ|ubuntu|PENDING|0:00|1|(Priority)
463|i192mem,i192bigmem|parse_vcfeval_summary_roi-TVBONT5X-HG003-5x-1-D0-PF-ONT-PROMETHION|ubuntu|PENDING|0:00|1|(Priority)
466|i192mem,i192bigmem|parse_vcfeval_summary_roi-TVBONT5X-HG003-5x-1-D0-PF-ONT-PROMETHION|ubuntu|PENDING|0:00|1|(Priority)
468|i192mem,i192bigmem|sentdhiomr_pass2-TVBHIO5X5X-HG003-ILMN5x-ONT5x-1-D0-PF-ILMN-NOVASEQ|ubuntu|PENDING|0:00|1|(Priority)
471|i192mem,i192bigmem|sentdhiomr_pass2-TVBHIO5X5X-HG003-ILMN5x-ONT5x-1-D0-PF-ILMN-NOVASEQ|ubuntu|PENDING|0:00|1|(Priority)
475|i192mem,i192bigmem|sentdhiomr_pass2-TVBHIO5X5X-HG003-ILMN5x-ONT5x-1-D0-PF-ILMN-NOVASEQ|ubuntu|PENDING|0:00|1|(Priority)
477|i192mem,i192bigmem|sentdhiomr_pass2-TVBHIO5X5X-HG003-ILMN5x-ONT5x-1-D0-PF-ILMN-NOVASEQ|ubuntu|PENDING|0:00|1|(Priority)
482|i192mem,i192bigmem|parse_vcfeval_summary_roi-TVBONT5X-HG003-5x-1-D0-PF-ONT-PROMETHION|ubuntu|PENDING|0:00|1|(Priority)
484|i192mem,i192bigmem|sentdhiomr_pass2-TVBHIO5X5X-HG003-ILMN5x-ONT5x-1-D0-PF-ILMN-NOVASEQ|ubuntu|PENDING|0:00|1|(Priority)
485|i192mem,i192bigmem|sentdhiomr_pass2-TVBHIO5X5X-HG003-ILMN5x-ONT5x-1-D0-PF-ILMN-NOVASEQ|ubuntu|PENDING|0:00|1|(Priority)
486|i192mem,i192bigmem|sentdhiomr_pass2-TVBHIO5X5X-HG003-ILMN5x-ONT5x-1-D0-PF-ILMN-NOVASEQ|ubuntu|PENDING|0:00|1|(Priority)
487|i192mem,i192bigmem|sentdhiomr_pass2-TVBHIO5X5X-HG003-ILMN5x-ONT5x-1-D0-PF-ILMN-NOVASEQ|ubuntu|PENDING|0:00|1|(Priority)
488|i192mem,i192bigmem|sentdhiomr_pass2-TVBHIO5X5X-HG003-ILMN5x-ONT5x-1-D0-PF-ILMN-NOVASEQ|ubuntu|PENDING|0:00|1|(Priority)
489|i192mem,i192bigmem|sentdhiomr_pass2-TVBHIO5X5X-HG003-ILMN5x-ONT5x-1-D0-PF-ILMN-NOVASEQ|ubuntu|PENDING|0:00|1|(Priority)
TARGET_SESSION_JOBS_END
CONTROLLER_COUNT=8
CONTROLLERS_BEGIN
ubuntu    873572  867974  0 16:30 pts/41   00:00:00 bash /home/ubuntu/daylily-runs/bb44_ont_snv_alignstats_kitchensink/resume_no_verifybamid2_2.0.8.sh
ubuntu    873580  867983  0 16:30 pts/44   00:00:00 bash /home/ubuntu/daylily-runs/bb44_hybrid_ilmn_ont_snv_kitchensink/resume_no_verifybamid2_2.0.8.sh
ubuntu    874110  873580  0 16:30 pts/44   00:00:00 bash bin/day_run produce_snv_concordances produce_sentdhiomr_sv produce_sentdhiomr_snv_vcf produce_relatedness produce_vep produce_multiqc_all --config dedupers=["dmd"] multiqc_qc={"enable_tools":["vep"]} -p -j 100 -k
ubuntu    874111  873572  0 16:30 pts/41   00:00:00 bash bin/day_run produce_alignstats produce_sentdont_snv_vcf produce_snv_concordances produce_relatedness produce_vep produce_multiqc_all --config multiqc_qc={"enable_tools":["vep"]} -p -j 5 -k
ubuntu    874150  874111  0 16:30 pts/41   00:00:00 bash bin/day_run produce_alignstats produce_sentdont_snv_vcf produce_snv_concordances produce_relatedness produce_vep produce_multiqc_all --config multiqc_qc={"enable_tools":["vep"]} -p -j 5 -k
ubuntu    874151  874150  0 16:30 pts/41   00:00:03 /home/ubuntu/miniconda3/envs/DAYOA/bin/python /home/ubuntu/miniconda3/envs/DAYOA/bin/snakemake --profile=/fsx/analysis_results/ubuntu/bb44_ont_snv_alignstats_kitchensink/daylily-omics-analysis/config/day_profiles/slurm produce_alignstats produce_sentdont_snv_vcf produce_snv_concordances produce_relatedness produce_vep produce_multiqc_all --config multiqc_qc={"enable_tools":["vep"]} -p -j 5 -k
ubuntu    874152  874110  0 16:30 pts/44   00:00:00 bash bin/day_run produce_snv_concordances produce_sentdhiomr_sv produce_sentdhiomr_snv_vcf produce_relatedness produce_vep produce_multiqc_all --config dedupers=["dmd"] multiqc_qc={"enable_tools":["vep"]} -p -j 100 -k
ubuntu    874153  874152  0 16:30 pts/44   00:00:07 /home/ubuntu/miniconda3/envs/DAYOA/bin/python /home/ubuntu/miniconda3/envs/DAYOA/bin/snakemake --profile=/fsx/analysis_results/ubuntu/bb44_hybrid_ilmn_ont_snv_kitchensink/daylily-omics-analysis/config/day_profiles/slurm produce_snv_concordances produce_sentdhiomr_sv produce_sentdhiomr_snv_vcf produce_relatedness produce_vep produce_multiqc_all --config dedupers=["dmd"] multiqc_qc={"enable_tools":["vep"]} -p -j 100 -k
CONTROLLERS_END
RESULT_CHECK_BEGIN bb44_ont_snv_alignstats_kitchensink
repo=/fsx/analysis_results/ubuntu/bb44_ont_snv_alignstats_kitchensink/daylily-omics-analysis
5cc2200 (HEAD, tag: 2.0.8, origin/main, origin/HEAD) Update container cache profile prefixes
347:# include: "rules/verifybamid2_contam.smk"  # retired from active Snakemake; kept for historical provenance only
result_root=/fsx/analysis_results/ubuntu/bb44_ont_snv_alignstats_kitchensink/daylily-omics-analysis/results
done_count=9
missing results/day/hg38_broad/reports/DAY_final_multiqc.html
missing results/day/hg38_broad/reports/DAY_final_multiqc_data
missing results/day/hg38_broad/other_reports/giab_concordance_mqc.tsv
exists results/day/hg38_broad/other_reports/vep_annotation_mqc.tsv
RESULT_CHECK_END bb44_ont_snv_alignstats_kitchensink
RESULT_CHECK_BEGIN bb44_hybrid_ilmn_ont_snv_kitchensink
repo=/fsx/analysis_results/ubuntu/bb44_hybrid_ilmn_ont_snv_kitchensink/daylily-omics-analysis
5cc2200 (HEAD, tag: 2.0.8, origin/main, origin/HEAD) Update container cache profile prefixes
347:# include: "rules/verifybamid2_contam.smk"  # retired from active Snakemake; kept for historical provenance only
result_root=/fsx/analysis_results/ubuntu/bb44_hybrid_ilmn_ont_snv_kitchensink/daylily-omics-analysis/results
done_count=11
missing results/day/hg38_broad/reports/DAY_final_multiqc.html
missing results/day/hg38_broad/reports/DAY_final_multiqc_data
missing results/day/hg38_broad/other_reports/giab_concordance_mqc.tsv
missing results/day/hg38_broad/other_reports/vep_annotation_mqc.tsv
RESULT_CHECK_END bb44_hybrid_ilmn_ont_snv_kitchensink
