DAY-EC activated.
DAY-EC activated.
HEADNODE=ip-10-0-0-224
WHOAMI=ubuntu
UTC=2026-05-27T16:35:44Z
SQUEUE_BEGIN
SQUEUE_END
VERIFYBAMID2_COUNT=0
CONTROLLERS_BEGIN
ubuntu    873572  867974  0 16:30 pts/41   00:00:00 bash /home/ubuntu/daylily-runs/bb44_ont_snv_alignstats_kitchensink/resume_no_verifybamid2_2.0.8.sh
ubuntu    873580  867983  0 16:30 pts/44   00:00:00 bash /home/ubuntu/daylily-runs/bb44_hybrid_ilmn_ont_snv_kitchensink/resume_no_verifybamid2_2.0.8.sh
ubuntu    874110  873580  0 16:30 pts/44   00:00:00 bash bin/day_run produce_snv_concordances produce_sentdhiomr_sv produce_sentdhiomr_snv_vcf produce_relatedness produce_vep produce_multiqc_all --config dedupers=["dmd"] multiqc_qc={"enable_tools":["vep"]} -p -j 100 -k
ubuntu    874111  873572  0 16:30 pts/41   00:00:00 bash bin/day_run produce_alignstats produce_sentdont_snv_vcf produce_snv_concordances produce_relatedness produce_vep produce_multiqc_all --config multiqc_qc={"enable_tools":["vep"]} -p -j 5 -k
ubuntu    874150  874111  0 16:30 pts/41   00:00:00 bash bin/day_run produce_alignstats produce_sentdont_snv_vcf produce_snv_concordances produce_relatedness produce_vep produce_multiqc_all --config multiqc_qc={"enable_tools":["vep"]} -p -j 5 -k
ubuntu    874151  874150  0 16:30 pts/41   00:00:02 /home/ubuntu/miniconda3/envs/DAYOA/bin/python /home/ubuntu/miniconda3/envs/DAYOA/bin/snakemake --profile=/fsx/analysis_results/ubuntu/bb44_ont_snv_alignstats_kitchensink/daylily-omics-analysis/config/day_profiles/slurm produce_alignstats produce_sentdont_snv_vcf produce_snv_concordances produce_relatedness produce_vep produce_multiqc_all --config multiqc_qc={"enable_tools":["vep"]} -p -j 5 -k
ubuntu    874152  874110  0 16:30 pts/44   00:00:00 bash bin/day_run produce_snv_concordances produce_sentdhiomr_sv produce_sentdhiomr_snv_vcf produce_relatedness produce_vep produce_multiqc_all --config dedupers=["dmd"] multiqc_qc={"enable_tools":["vep"]} -p -j 100 -k
ubuntu    874153  874152  1 16:30 pts/44   00:00:03 /home/ubuntu/miniconda3/envs/DAYOA/bin/python /home/ubuntu/miniconda3/envs/DAYOA/bin/snakemake --profile=/fsx/analysis_results/ubuntu/bb44_hybrid_ilmn_ont_snv_kitchensink/daylily-omics-analysis/config/day_profiles/slurm produce_snv_concordances produce_sentdhiomr_sv produce_sentdhiomr_snv_vcf produce_relatedness produce_vep produce_multiqc_all --config dedupers=["dmd"] multiqc_qc={"enable_tools":["vep"]} -p -j 100 -k
CONTROLLERS_END
TMUX_BEGIN
bb44_hybrid_ilmn_ont_snv: 1 windows (created Wed May 27 02:10:23 2026)
bb44_hybrid_ilmn_ont_snv_dryrun: 1 windows (created Tue May 26 23:47:26 2026)
bb44_hybrid_ilmn_ont_snv_dryrun_retry2: 1 windows (created Wed May 27 01:43:52 2026)
bb44_hybrid_ilmn_ont_snv_kitchensink: 1 windows (created Wed May 27 02:11:59 2026)
bb44_hybrid_ilmn_ont_snv_kitchensink_dryrun: 1 windows (created Tue May 26 23:49:53 2026)
bb44_hybrid_ilmn_ont_snv_kitchensink_dryrun_retry2: 1 windows (created Wed May 27 01:45:45 2026)
bb44_hybrid_ultima_ont_snv: 1 windows (created Wed May 27 02:13:36 2026)
bb44_hybrid_ultima_ont_snv_dryrun: 1 windows (created Tue May 26 23:52:19 2026)
bb44_hybrid_ultima_ont_snv_dryrun_retry2: 1 windows (created Wed May 27 01:47:39 2026)
bb44_illumina_bclconvert: 1 windows (created Wed May 27 02:16:38 2026)
bb44_illumina_bclconvert_dryrun: 1 windows (created Wed May 27 00:16:09 2026)
bb44_illumina_bclconvert_dryrun_retry2: 1 windows (created Wed May 27 01:51:14 2026)
bb44_illumina_run_qc: 1 windows (created Wed May 27 02:15:07 2026)
bb44_illumina_run_qc_bclconvert: 1 windows (created Wed May 27 02:18:11 2026)
bb44_illumina_run_qc_bclconvert_dryrun: 1 windows (created Wed May 27 00:17:56 2026)
bb44_illumina_run_qc_bclconvert_dryrun_retry2: 1 windows (created Wed May 27 01:53:01 2026)
bb44_illumina_run_qc_dryrun: 1 windows (created Wed May 27 00:14:21 2026)
bb44_illumina_run_qc_dryrun_retry2: 1 windows (created Wed May 27 01:49:26 2026)
bb44_illumina_snv_alignstats: 1 windows (created Wed May 27 01:05:06 2026)
bb44_illumina_snv_alignstats_dryrun: 1 windows (created Tue May 26 23:26:17 2026)
bb44_illumina_snv_alignstats_dryrun_retry2: 1 windows (created Wed May 27 01:21:06 2026)
bb44_illumina_snv_alignstats_relatedness_vep_multiqc: 1 windows (created Wed May 27 01:06:42 2026)
bb44_illumina_snv_alignstats_relatedness_vep_multiqc_dryrun: 1 windows (created Tue May 26 23:30:25 2026)
bb44_illumina_snv_alignstats_relatedness_vep_multiqc_dryrun_retry2: 1 windows (created Wed May 27 01:30:37 2026)
bb44_illumina_snv_alignstats_relatedness_vep_multiqc_retry2: 1 windows (created Wed May 27 02:00:06 2026)
bb44_illumina_snv_alignstats_retry2: 1 windows (created Wed May 27 01:23:00 2026)
bb44_ont_run_qc: 1 windows (created Wed May 27 02:19:44 2026)
bb44_ont_run_qc_dryrun: 1 windows (created Wed May 27 00:39:57 2026)
bb44_ont_run_qc_dryrun_retry2: 1 windows (created Wed May 27 01:54:48 2026)
bb44_ont_snv_alignstats: 1 windows (created Wed May 27 02:05:30 2026)
bb44_ont_snv_alignstats_dryrun: 1 windows (created Tue May 26 23:37:45 2026)
bb44_ont_snv_alignstats_dryrun_retry2: 1 windows (created Wed May 27 01:36:17 2026)
bb44_ont_snv_alignstats_kitchensink: 1 windows (created Wed May 27 02:07:06 2026)
bb44_ont_snv_alignstats_kitchensink_dryrun: 1 windows (created Tue May 26 23:40:10 2026)
bb44_ont_snv_alignstats_kitchensink_dryrun_retry2: 1 windows (created Wed May 27 01:38:11 2026)
bb44_pacbio_snv_alignstats: 1 windows (created Wed May 27 02:08:46 2026)
bb44_pacbio_snv_alignstats_dryrun: 1 windows (created Tue May 26 23:42:35 2026)
bb44_pacbio_snv_alignstats_dryrun_retry2: 1 windows (created Wed May 27 01:40:05 2026)
bb44_roche_snv_alignstats_dryrun: 1 windows (created Tue May 26 23:45:00 2026)
bb44_roche_snv_alignstats_dryrun_retry2: 1 windows (created Wed May 27 01:41:58 2026)
bb44_ultima_run_qc: 1 windows (created Wed May 27 02:21:17 2026)
bb44_ultima_run_qc_dryrun: 1 windows (created Wed May 27 01:02:10 2026)
bb44_ultima_run_qc_dryrun_retry2: 1 windows (created Wed May 27 01:56:36 2026)
bb44_ultima_snv_alignstats: 1 windows (created Wed May 27 01:08:18 2026)
bb44_ultima_snv_alignstats_dryrun: 1 windows (created Tue May 26 23:32:51 2026)
bb44_ultima_snv_alignstats_dryrun_retry2: 1 windows (created Wed May 27 01:32:30 2026)
bb44_ultima_snv_alignstats_kitchensink: 1 windows (created Wed May 27 01:09:55 2026)
bb44_ultima_snv_alignstats_kitchensink_dryrun: 1 windows (created Tue May 26 23:35:18 2026)
bb44_ultima_snv_alignstats_kitchensink_dryrun_retry2: 1 windows (created Wed May 27 01:34:24 2026)
bb44_ultima_snv_alignstats_kitchensink_retry2: 1 windows (created Wed May 27 02:03:53 2026)
bb44_ultima_snv_alignstats_retry2: 1 windows (created Wed May 27 02:01:59 2026)
TMUX_END
