DAY-EC activated.
DAY-EC activated.
HEADNODE=ip-10-0-0-224
WHOAMI=ubuntu
UTC=2026-05-27T17:14:12Z
SQUEUE_BEGIN
370|i192|vep_chromosome_input-TVBONT5X-HG003-5x-1-D0-PF-ONT-PROMETHION|ubuntu|CONFIGURING|3:23|1|i192-dy-all-1
369|i192|vep_chromosome_input-TVBONT5X-HG003-5x-1-D0-PF-ONT-PROMETHION|ubuntu|CONFIGURING|3:33|1|i192-dy-all-1
367|i192|rtg_vcfstats-TVBONT5X-HG003-5x-1-D0-PF-ONT-PROMETHION|ubuntu|CONFIGURING|3:43|1|i192-dy-all-1
368|i192|vep_chromosome_input-TVBONT5X-HG003-5x-1-D0-PF-ONT-PROMETHION|ubuntu|CONFIGURING|3:43|1|i192-dy-all-1
350|i192bigmem|sentdhiomr_stage1-TVBHIO5X5X-HG003-ILMN5x-ONT5x-1-D0-PF-ILMN-NOVASEQ|ubuntu|RUNNING|1:32|1|i192bigmem-dy-all-1
351|i192mem|sentdhiomr_stage1-TVBHIO5X5X-HG003-ILMN5x-ONT5x-1-D0-PF-ILMN-NOVASEQ|ubuntu|RUNNING|0:48|1|i192mem-dy-all-1
352|i192mem,i192bigmem|sentdhiomr_stage1-TVBHIO5X5X-HG003-ILMN5x-ONT5x-1-D0-PF-ILMN-NOVASEQ|ubuntu|PENDING|0:00|1|(Resources)
353|i192mem,i192bigmem|sentdhiomr_stage1-TVBHIO5X5X-HG003-ILMN5x-ONT5x-1-D0-PF-ILMN-NOVASEQ|ubuntu|PENDING|0:00|1|(Priority)
354|i192mem,i192bigmem|sentdhiomr_stage1-TVBHIO5X5X-HG003-ILMN5x-ONT5x-1-D0-PF-ILMN-NOVASEQ|ubuntu|PENDING|0:00|1|(Priority)
355|i192mem,i192bigmem|sentdhiomr_stage1-TVBHIO5X5X-HG003-ILMN5x-ONT5x-1-D0-PF-ILMN-NOVASEQ|ubuntu|PENDING|0:00|1|(Priority)
356|i192mem,i192bigmem|sentdhiomr_stage1-TVBHIO5X5X-HG003-ILMN5x-ONT5x-1-D0-PF-ILMN-NOVASEQ|ubuntu|PENDING|0:00|1|(Priority)
357|i192mem,i192bigmem|sentdhiomr_stage1-TVBHIO5X5X-HG003-ILMN5x-ONT5x-1-D0-PF-ILMN-NOVASEQ|ubuntu|PENDING|0:00|1|(Priority)
358|i192mem,i192bigmem|sentdhiomr_stage1-TVBHIO5X5X-HG003-ILMN5x-ONT5x-1-D0-PF-ILMN-NOVASEQ|ubuntu|PENDING|0:00|1|(Priority)
359|i192mem,i192bigmem|sentdhiomr_stage1-TVBHIO5X5X-HG003-ILMN5x-ONT5x-1-D0-PF-ILMN-NOVASEQ|ubuntu|PENDING|0:00|1|(Priority)
360|i192mem,i192bigmem|sentdhiomr_stage1-TVBHIO5X5X-HG003-ILMN5x-ONT5x-1-D0-PF-ILMN-NOVASEQ|ubuntu|PENDING|0:00|1|(Priority)
361|i192mem,i192bigmem|sentdhiomr_stage1-TVBHIO5X5X-HG003-ILMN5x-ONT5x-1-D0-PF-ILMN-NOVASEQ|ubuntu|PENDING|0:00|1|(Priority)
362|i192mem,i192bigmem|sentdhiomr_stage1-TVBHIO5X5X-HG003-ILMN5x-ONT5x-1-D0-PF-ILMN-NOVASEQ|ubuntu|PENDING|0:00|1|(Priority)
363|i192mem,i192bigmem|sentdhiomr_stage1-TVBHIO5X5X-HG003-ILMN5x-ONT5x-1-D0-PF-ILMN-NOVASEQ|ubuntu|PENDING|0:00|1|(Priority)
364|i192mem,i192bigmem|sentdhiomr_stage1-TVBHIO5X5X-HG003-ILMN5x-ONT5x-1-D0-PF-ILMN-NOVASEQ|ubuntu|PENDING|0:00|1|(Priority)
365|i192mem,i192bigmem|sentdhiomr_stage1-TVBHIO5X5X-HG003-ILMN5x-ONT5x-1-D0-PF-ILMN-NOVASEQ|ubuntu|PENDING|0:00|1|(Priority)
366|i192mem,i192bigmem|rtg_vcfeval_roi-TVBONT5X-HG003-5x-1-D0-PF-ONT-PROMETHION|ubuntu|PENDING|0:00|1|(Priority)
371|i192mem,i192bigmem|sentdhiomr_stage2-TVBHIO5X5X-HG003-ILMN5x-ONT5x-1-D0-PF-ILMN-NOVASEQ|ubuntu|PENDING|0:00|1|(Priority)
372|i192mem,i192bigmem|sentdhiomr_stage2-TVBHIO5X5X-HG003-ILMN5x-ONT5x-1-D0-PF-ILMN-NOVASEQ|ubuntu|PENDING|0:00|1|(Priority)
SQUEUE_END
VERIFYBAMID2_JOBS_BEGIN
370|i192|vep_chromosome_input-TVBONT5X-HG003-5x-1-D0-PF-ONT-PROMETHION|ubuntu|CONFIGURING|3:23|1|i192-dy-all-1
369|i192|vep_chromosome_input-TVBONT5X-HG003-5x-1-D0-PF-ONT-PROMETHION|ubuntu|CONFIGURING|3:33|1|i192-dy-all-1
367|i192|rtg_vcfstats-TVBONT5X-HG003-5x-1-D0-PF-ONT-PROMETHION|ubuntu|CONFIGURING|3:43|1|i192-dy-all-1
368|i192|vep_chromosome_input-TVBONT5X-HG003-5x-1-D0-PF-ONT-PROMETHION|ubuntu|CONFIGURING|3:43|1|i192-dy-all-1
350|i192bigmem|sentdhiomr_stage1-TVBHIO5X5X-HG003-ILMN5x-ONT5x-1-D0-PF-ILMN-NOVASEQ|ubuntu|RUNNING|1:32|1|i192bigmem-dy-all-1
351|i192mem|sentdhiomr_stage1-TVBHIO5X5X-HG003-ILMN5x-ONT5x-1-D0-PF-ILMN-NOVASEQ|ubuntu|RUNNING|0:48|1|i192mem-dy-all-1
352|i192mem,i192bigmem|sentdhiomr_stage1-TVBHIO5X5X-HG003-ILMN5x-ONT5x-1-D0-PF-ILMN-NOVASEQ|ubuntu|PENDING|0:00|1|(Resources)
353|i192mem,i192bigmem|sentdhiomr_stage1-TVBHIO5X5X-HG003-ILMN5x-ONT5x-1-D0-PF-ILMN-NOVASEQ|ubuntu|PENDING|0:00|1|(Priority)
354|i192mem,i192bigmem|sentdhiomr_stage1-TVBHIO5X5X-HG003-ILMN5x-ONT5x-1-D0-PF-ILMN-NOVASEQ|ubuntu|PENDING|0:00|1|(Priority)
355|i192mem,i192bigmem|sentdhiomr_stage1-TVBHIO5X5X-HG003-ILMN5x-ONT5x-1-D0-PF-ILMN-NOVASEQ|ubuntu|PENDING|0:00|1|(Priority)
356|i192mem,i192bigmem|sentdhiomr_stage1-TVBHIO5X5X-HG003-ILMN5x-ONT5x-1-D0-PF-ILMN-NOVASEQ|ubuntu|PENDING|0:00|1|(Priority)
357|i192mem,i192bigmem|sentdhiomr_stage1-TVBHIO5X5X-HG003-ILMN5x-ONT5x-1-D0-PF-ILMN-NOVASEQ|ubuntu|PENDING|0:00|1|(Priority)
358|i192mem,i192bigmem|sentdhiomr_stage1-TVBHIO5X5X-HG003-ILMN5x-ONT5x-1-D0-PF-ILMN-NOVASEQ|ubuntu|PENDING|0:00|1|(Priority)
359|i192mem,i192bigmem|sentdhiomr_stage1-TVBHIO5X5X-HG003-ILMN5x-ONT5x-1-D0-PF-ILMN-NOVASEQ|ubuntu|PENDING|0:00|1|(Priority)
360|i192mem,i192bigmem|sentdhiomr_stage1-TVBHIO5X5X-HG003-ILMN5x-ONT5x-1-D0-PF-ILMN-NOVASEQ|ubuntu|PENDING|0:00|1|(Priority)
361|i192mem,i192bigmem|sentdhiomr_stage1-TVBHIO5X5X-HG003-ILMN5x-ONT5x-1-D0-PF-ILMN-NOVASEQ|ubuntu|PENDING|0:00|1|(Priority)
362|i192mem,i192bigmem|sentdhiomr_stage1-TVBHIO5X5X-HG003-ILMN5x-ONT5x-1-D0-PF-ILMN-NOVASEQ|ubuntu|PENDING|0:00|1|(Priority)
363|i192mem,i192bigmem|sentdhiomr_stage1-TVBHIO5X5X-HG003-ILMN5x-ONT5x-1-D0-PF-ILMN-NOVASEQ|ubuntu|PENDING|0:00|1|(Priority)
364|i192mem,i192bigmem|sentdhiomr_stage1-TVBHIO5X5X-HG003-ILMN5x-ONT5x-1-D0-PF-ILMN-NOVASEQ|ubuntu|PENDING|0:00|1|(Priority)
365|i192mem,i192bigmem|sentdhiomr_stage1-TVBHIO5X5X-HG003-ILMN5x-ONT5x-1-D0-PF-ILMN-NOVASEQ|ubuntu|PENDING|0:00|1|(Priority)
366|i192mem,i192bigmem|rtg_vcfeval_roi-TVBONT5X-HG003-5x-1-D0-PF-ONT-PROMETHION|ubuntu|PENDING|0:00|1|(Priority)
371|i192mem,i192bigmem|sentdhiomr_stage2-TVBHIO5X5X-HG003-ILMN5x-ONT5x-1-D0-PF-ILMN-NOVASEQ|ubuntu|PENDING|0:00|1|(Priority)
372|i192mem,i192bigmem|sentdhiomr_stage2-TVBHIO5X5X-HG003-ILMN5x-ONT5x-1-D0-PF-ILMN-NOVASEQ|ubuntu|PENDING|0:00|1|(Priority)
VERIFYBAMID2_JOBS_END
VERIFYBAMID2_COUNT=0
TMUX_TARGETS_BEGIN
bb44_ont_snv_alignstats_kitchensink|windows=1|panes=1
bb44_hybrid_ilmn_ont_snv_kitchensink|windows=1|panes=1
TMUX_TARGETS_END
CONTROLLERS_BEGIN
ubuntu    873572  867974  0 16:30 pts/41   00:00:00 bash /home/ubuntu/daylily-runs/bb44_ont_snv_alignstats_kitchensink/resume_no_verifybamid2_2.0.8.sh
ubuntu    873580  867983  0 16:30 pts/44   00:00:00 bash /home/ubuntu/daylily-runs/bb44_hybrid_ilmn_ont_snv_kitchensink/resume_no_verifybamid2_2.0.8.sh
ubuntu    874110  873580  0 16:30 pts/44   00:00:00 bash bin/day_run produce_snv_concordances produce_sentdhiomr_sv produce_sentdhiomr_snv_vcf produce_relatedness produce_vep produce_multiqc_all --config dedupers=["dmd"] multiqc_qc={"enable_tools":["vep"]} -p -j 100 -k
ubuntu    874111  873572  0 16:30 pts/41   00:00:00 bash bin/day_run produce_alignstats produce_sentdont_snv_vcf produce_snv_concordances produce_relatedness produce_vep produce_multiqc_all --config multiqc_qc={"enable_tools":["vep"]} -p -j 5 -k
ubuntu    874150  874111  0 16:30 pts/41   00:00:00 bash bin/day_run produce_alignstats produce_sentdont_snv_vcf produce_snv_concordances produce_relatedness produce_vep produce_multiqc_all --config multiqc_qc={"enable_tools":["vep"]} -p -j 5 -k
ubuntu    874151  874150  0 16:30 pts/41   00:00:02 /home/ubuntu/miniconda3/envs/DAYOA/bin/python /home/ubuntu/miniconda3/envs/DAYOA/bin/snakemake --profile=/fsx/analysis_results/ubuntu/bb44_ont_snv_alignstats_kitchensink/daylily-omics-analysis/config/day_profiles/slurm produce_alignstats produce_sentdont_snv_vcf produce_snv_concordances produce_relatedness produce_vep produce_multiqc_all --config multiqc_qc={"enable_tools":["vep"]} -p -j 5 -k
ubuntu    874152  874110  0 16:30 pts/44   00:00:00 bash bin/day_run produce_snv_concordances produce_sentdhiomr_sv produce_sentdhiomr_snv_vcf produce_relatedness produce_vep produce_multiqc_all --config dedupers=["dmd"] multiqc_qc={"enable_tools":["vep"]} -p -j 100 -k
ubuntu    874153  874152  0 16:30 pts/44   00:00:05 /home/ubuntu/miniconda3/envs/DAYOA/bin/python /home/ubuntu/miniconda3/envs/DAYOA/bin/snakemake --profile=/fsx/analysis_results/ubuntu/bb44_hybrid_ilmn_ont_snv_kitchensink/daylily-omics-analysis/config/day_profiles/slurm produce_snv_concordances produce_sentdhiomr_sv produce_sentdhiomr_snv_vcf produce_relatedness produce_vep produce_multiqc_all --config dedupers=["dmd"] multiqc_qc={"enable_tools":["vep"]} -p -j 100 -k
CONTROLLERS_END
PROCESS_TREE_BEGIN
PID_TREE_ROOT=873572
bash(873572)---bash(874111)---bash(874150)---snakemake(874151)-+-{snakemake}(874241)
                                                               |-{snakemake}(874242)
                                                               |-{snakemake}(874243)
                                                               |-{snakemake}(874244)
                                                               |-{snakemake}(874245)
                                                               |-{snakemake}(874246)
                                                               |-{snakemake}(874247)
                                                               |-{snakemake}(897261)
                                                               |-{snakemake}(897262)
                                                               |-{snakemake}(897265)
                                                               `-{snakemake}(897268)
PID_TREE_ROOT=873580
bash(873580)---bash(874110)---bash(874152)---snakemake(874153)-+-{snakemake}(874234)
                                                               |-{snakemake}(874235)
                                                               |-{snakemake}(874236)
                                                               |-{snakemake}(874237)
                                                               |-{snakemake}(874238)
                                                               |-{snakemake}(874239)
                                                               |-{snakemake}(874240)
                                                               |-{snakemake}(897609)
                                                               |-{snakemake}(897610)
                                                               |-{snakemake}(897613)
                                                               `-{snakemake}(897619)
PID_TREE_ROOT=874151
snakemake(874151)-+-{snakemake}(874241)
                  |-{snakemake}(874242)
                  |-{snakemake}(874243)
                  |-{snakemake}(874244)
                  |-{snakemake}(874245)
                  |-{snakemake}(874246)
                  |-{snakemake}(874247)
                  |-{snakemake}(897261)
                  |-{snakemake}(897262)
                  |-{snakemake}(897265)
                  `-{snakemake}(897268)
PID_TREE_ROOT=874153
snakemake(874153)-+-{snakemake}(874234)
                  |-{snakemake}(874235)
                  |-{snakemake}(874236)
                  |-{snakemake}(874237)
                  |-{snakemake}(874238)
                  |-{snakemake}(874239)
                  |-{snakemake}(874240)
                  |-{snakemake}(897609)
                  |-{snakemake}(897610)
                  |-{snakemake}(897613)
                  `-{snakemake}(897619)
PROCESS_TREE_END
REPO_CHECK_BEGIN bb44_ont_snv_alignstats_kitchensink
repo=/fsx/analysis_results/ubuntu/bb44_ont_snv_alignstats_kitchensink/daylily-omics-analysis
5cc2200 (HEAD, tag: 2.0.8, origin/main, origin/HEAD) Update container cache profile prefixes
347:# include: "rules/verifybamid2_contam.smk"  # retired from active Snakemake; kept for historical provenance only
rule_include_count=11

REPO_CHECK_END bb44_ont_snv_alignstats_kitchensink
REPO_CHECK_BEGIN bb44_hybrid_ilmn_ont_snv_kitchensink
repo=/fsx/analysis_results/ubuntu/bb44_hybrid_ilmn_ont_snv_kitchensink/daylily-omics-analysis
5cc2200 (HEAD, tag: 2.0.8, origin/main, origin/HEAD) Update container cache profile prefixes
347:# include: "rules/verifybamid2_contam.smk"  # retired from active Snakemake; kept for historical provenance only
rule_include_count=11

REPO_CHECK_END bb44_hybrid_ilmn_ont_snv_kitchensink
