{
  "argv": [
    "/Users/jmajor/miniconda3/envs/DAY-EC/bin/dyec",
    "workflow",
    "launch",
    "--repository",
    "daylily-omics-analysis",
    "--analysis-id",
    "bb44_ont_snv_alignstats_kitchensink",
    "--executing-entity",
    "ubuntu",
    "--git-tag",
    "2.0.5",
    "--genome",
    "hg38_broad",
    "--dy-command",
    "bin/day_run produce_alignstats produce_sentdont_snv_vcf produce_snv_concordances produce_relatedness produce_vep produce_multiqc_all --config 'multiqc_qc={\"enable_tools\":[\"vep\"]}' -p -j 5 -k",
    "--profile",
    "lsmc",
    "--region",
    "us-west-2",
    "--cluster",
    "blahab44",
    "--stage-dir",
    "/home/ubuntu/ds/bb44/ebf1cb70/remote_stage_20260526T233916Z_6c2b7b02",
    "--session-name",
    "bb44_ont_snv_alignstats_kitchensink",
    "--skip-project-check"
  ],
  "returncode": 0,
  "stderr": "",
  "stdout": "DAY-EC activated.\nDAY-EC activated.\n__DAYLILY_STAGE_DIR__=/home/ubuntu/ds/bb44/ebf1cb70/remote_stage_20260526T233916Z_6c2b7b02\n__DAYLILY_STAGE_SAMPLES__=/home/ubuntu/ds/bb44/ebf1cb70/remote_stage_20260526T233916Z_6c2b7b02/a_samples.tsv\n__DAYLILY_STAGE_UNITS__=/home/ubuntu/ds/bb44/ebf1cb70/remote_stage_20260526T233916Z_6c2b7b02/a_units.tsv\nDAY-EC activated.\nDAY-EC activated.\n__DAYLILY_SESSION__=bb44_ont_snv_alignstats_kitchensink\n__DAYLILY_RUN_DIR__=/home/ubuntu/daylily-runs/bb44_ont_snv_alignstats_kitchensink\n__DAYLILY_REPO_PATH__=/fsx/analysis_results/ubuntu/bb44_ont_snv_alignstats_kitchensink/daylily-omics-analysis\nTmux session 'bb44_ont_snv_alignstats_kitchensink' created on the head node.\nRun state directory: /home/ubuntu/daylily-runs/bb44_ont_snv_alignstats_kitchensink\nWorkflow repo path: /fsx/analysis_results/ubuntu/bb44_ont_snv_alignstats_kitchensink/daylily-omics-analysis\nReconnect with: daylily-ssh-into-headnode --profile lsmc --region us-west-2 --cluster blahab44\nThen run: tmux attach -t bb44_ont_snv_alignstats_kitchensink\n"
}
