{
  "argv": [
    "/Users/jmajor/miniconda3/envs/DAY-EC/bin/dyec",
    "workflow",
    "launch",
    "--repository",
    "daylily-omics-analysis",
    "--analysis-id",
    "bb44_pacbio_snv_alignstats_dryrun_retry2",
    "--executing-entity",
    "ubuntu",
    "--git-tag",
    "2.0.5",
    "--genome",
    "hg38_broad",
    "--dy-command",
    "bin/day_run produce_sentmm2_align produce_na_dedup_cram produce_sentdpb_snv_vcf produce_alignstats produce_snv_concordances -p -j 2 -k -T 1 -n",
    "--profile",
    "lsmc",
    "--region",
    "us-west-2",
    "--cluster",
    "blahab44",
    "--stage-dir",
    "/home/ubuntu/ds/bb44/53fe1275/remote_stage_20260526T234141Z_53f941a8",
    "--session-name",
    "bb44_pacbio_snv_alignstats_dryrun_retry2",
    "--skip-project-check",
    "--dry-run"
  ],
  "returncode": 0,
  "stderr": "",
  "stdout": "DAY-EC activated.\nDAY-EC activated.\n__DAYLILY_STAGE_DIR__=/home/ubuntu/ds/bb44/53fe1275/remote_stage_20260526T234141Z_53f941a8\n__DAYLILY_STAGE_SAMPLES__=/home/ubuntu/ds/bb44/53fe1275/remote_stage_20260526T234141Z_53f941a8/a_samples.tsv\n__DAYLILY_STAGE_UNITS__=/home/ubuntu/ds/bb44/53fe1275/remote_stage_20260526T234141Z_53f941a8/a_units.tsv\nDAY-EC activated.\nDAY-EC activated.\n__DAYLILY_SESSION__=bb44_pacbio_snv_alignstats_dryrun_retry2\n__DAYLILY_RUN_DIR__=/home/ubuntu/daylily-runs/bb44_pacbio_snv_alignstats_dryrun_retry2\n__DAYLILY_REPO_PATH__=/fsx/analysis_results/ubuntu/bb44_pacbio_snv_alignstats_dryrun_retry2/daylily-omics-analysis\nTmux session 'bb44_pacbio_snv_alignstats_dryrun_retry2' created on the head node.\nRun state directory: /home/ubuntu/daylily-runs/bb44_pacbio_snv_alignstats_dryrun_retry2\nWorkflow repo path: /fsx/analysis_results/ubuntu/bb44_pacbio_snv_alignstats_dryrun_retry2/daylily-omics-analysis\nReconnect with: daylily-ssh-into-headnode --profile lsmc --region us-west-2 --cluster blahab44\nThen run: tmux attach -t bb44_pacbio_snv_alignstats_dryrun_retry2\n"
}
