{
  "argv": [
    "/Users/jmajor/miniconda3/envs/DAY-EC/bin/dyec",
    "workflow",
    "launch",
    "--repository",
    "daylily-omics-analysis",
    "--analysis-id",
    "bb44_roche_snv_alignstats_dryrun",
    "--executing-entity",
    "ubuntu",
    "--git-tag",
    "2.0.2",
    "--genome",
    "hg38_broad",
    "--dy-command",
    "bin/day_run produce_alignstats produce_na_dedup_cram produce_rochehc_snv_vcf -p -j 5 -k -n",
    "--profile",
    "lsmc",
    "--region",
    "us-west-2",
    "--cluster",
    "blahab44",
    "--stage-dir",
    "/home/ubuntu/ds/bb44/17ae269e/remote_stage_20260526T234406Z_7b96a4d4",
    "--session-name",
    "bb44_roche_snv_alignstats_dryrun",
    "--skip-project-check",
    "--dry-run"
  ],
  "returncode": 0,
  "stderr": "",
  "stdout": "DAY-EC activated.\nDAY-EC activated.\n__DAYLILY_STAGE_DIR__=/home/ubuntu/ds/bb44/17ae269e/remote_stage_20260526T234406Z_7b96a4d4\n__DAYLILY_STAGE_SAMPLES__=/home/ubuntu/ds/bb44/17ae269e/remote_stage_20260526T234406Z_7b96a4d4/a_samples.tsv\n__DAYLILY_STAGE_UNITS__=/home/ubuntu/ds/bb44/17ae269e/remote_stage_20260526T234406Z_7b96a4d4/a_units.tsv\nDAY-EC activated.\nDAY-EC activated.\n__DAYLILY_SESSION__=bb44_roche_snv_alignstats_dryrun\n__DAYLILY_RUN_DIR__=/home/ubuntu/daylily-runs/bb44_roche_snv_alignstats_dryrun\n__DAYLILY_REPO_PATH__=/fsx/analysis_results/ubuntu/bb44_roche_snv_alignstats_dryrun/daylily-omics-analysis\nTmux session 'bb44_roche_snv_alignstats_dryrun' created on the head node.\nRun state directory: /home/ubuntu/daylily-runs/bb44_roche_snv_alignstats_dryrun\nWorkflow repo path: /fsx/analysis_results/ubuntu/bb44_roche_snv_alignstats_dryrun/daylily-omics-analysis\nReconnect with: daylily-ssh-into-headnode --profile lsmc --region us-west-2 --cluster blahab44\nThen run: tmux attach -t bb44_roche_snv_alignstats_dryrun\n"
}
