{
  "argv": [
    "/Users/jmajor/miniconda3/envs/DAY-EC/bin/dyec",
    "workflow",
    "launch",
    "--repository",
    "daylily-omics-analysis",
    "--analysis-id",
    "bb44_ultima_snv_alignstats_kitchensink_dryrun_retry2",
    "--executing-entity",
    "ubuntu",
    "--git-tag",
    "2.0.5",
    "--genome",
    "hg38_broad",
    "--dy-command",
    "bin/day_run produce_alignstats produce_na_dedup_cram produce_sentdug_snv_vcf produce_snv_concordances produce_relatedness produce_vep produce_multiqc_all --config 'multiqc_qc={\"enable_tools\":[\"vep\"]}' -p -j 100 -k -n",
    "--profile",
    "lsmc",
    "--region",
    "us-west-2",
    "--cluster",
    "blahab44",
    "--stage-dir",
    "/home/ubuntu/ds/bb44/4f7ec718/remote_stage_20260526T233423Z_7f724d71",
    "--session-name",
    "bb44_ultima_snv_alignstats_kitchensink_dryrun_retry2",
    "--skip-project-check",
    "--dry-run"
  ],
  "returncode": 0,
  "stderr": "",
  "stdout": "DAY-EC activated.\nDAY-EC activated.\n__DAYLILY_STAGE_DIR__=/home/ubuntu/ds/bb44/4f7ec718/remote_stage_20260526T233423Z_7f724d71\n__DAYLILY_STAGE_SAMPLES__=/home/ubuntu/ds/bb44/4f7ec718/remote_stage_20260526T233423Z_7f724d71/a_samples.tsv\n__DAYLILY_STAGE_UNITS__=/home/ubuntu/ds/bb44/4f7ec718/remote_stage_20260526T233423Z_7f724d71/a_units.tsv\nDAY-EC activated.\nDAY-EC activated.\n__DAYLILY_SESSION__=bb44_ultima_snv_alignstats_kitchensink_dryrun_retry2\n__DAYLILY_RUN_DIR__=/home/ubuntu/daylily-runs/bb44_ultima_snv_alignstats_kitchensink_dryrun_retry2\n__DAYLILY_REPO_PATH__=/fsx/analysis_results/ubuntu/bb44_ultima_snv_alignstats_kitchensink_dryrun_retry2/daylily-omics-analysis\nTmux session 'bb44_ultima_snv_alignstats_kitchensink_dryrun_retry2' created on the head node.\nRun state directory: /home/ubuntu/daylily-runs/bb44_ultima_snv_alignstats_kitchensink_dryrun_retry2\nWorkflow repo path: /fsx/analysis_results/ubuntu/bb44_ultima_snv_alignstats_kitchensink_dryrun_retry2/daylily-omics-analysis\nReconnect with: daylily-ssh-into-headnode --profile lsmc --region us-west-2 --cluster blahab44\nThen run: tmux attach -t bb44_ultima_snv_alignstats_kitchensink_dryrun_retry2\n"
}
